<html>
<body>
<pre>
<h1>µVision Build Log</h1>
<h2>Tool Versions:</h2>
IDE-Version: ¦ÌVision V5.36.0.0
Copyright (C) 2021 ARM Ltd and ARM Germany GmbH. All rights reserved.
License Information: olkme olkme, olkme, LIC=CZLZX-H0HP5-LQF0Q-NK5G3-IIFF0-VU5NZ
 
Tool Versions:
Toolchain:       MDK-ARM Plus  Version: 5.36.0.0
Toolchain Path:  D:\WorkSoftware\Keil\ARM\ARMCC\Bin
C Compiler:      Armcc.exe V5.06 update 7 (build 960)
Assembler:       Armasm.exe V5.06 update 7 (build 960)
Linker/Locator:  ArmLink.exe V5.06 update 7 (build 960)
Library Manager: ArmAr.exe V5.06 update 7 (build 960)
Hex Converter:   FromElf.exe V5.06 update 7 (build 960)
CPU DLL:         SARMCM3.DLL V5.36.0.0
Dialog DLL:      DCM.DLL V1.17.3.0
Target DLL:      STLink\ST-LINKIII-KEIL_SWO.dll V3.0.9.0
Dialog DLL:      TCM.DLL V1.53.0.0
 
<h2>Project:</h2>
E:\GItHub-Project\Aolkme\AolkmeSDK\AolkmeSDKProject\MDK-ARM\AolkmeSDK.uvprojx
Project File Date:  08/15/2025

<h2>Output:</h2>
*** Using Compiler 'V5.06 update 7 (build 960)', folder: 'D:\WorkSoftware\Keil\ARM\ARMCC\Bin'
Build target 'AolkmeSDK'
compiling Aolkme_core.c...
..\AOLKME\src\code\Aolkme_core.c(27): warning:  #177-D: variable "appId"  was declared but never referenced
  static const char appId[16] = "AolkmeSDKadmin";       
..\AOLKME\src\code\Aolkme_core.c(28): warning:  #177-D: variable "AppKey"  was declared but never referenced
  static const char AppKey[32] = "AK17WIZJENEY2WKTZVLMF4FG2FJI3";
..\AOLKME\src\code\Aolkme_core.c: 2 warnings, 0 errors
compiling Aolkme_platform.c...
..\AOLKME\src\code\Aolkme_platform.c(14): warning:  #177-D: variable "g_halUartHandler"  was declared but never referenced
  static T_AolkmeHalUartHandler *g_halUartHandler = NULL;
..\AOLKME\src\code\Aolkme_platform.c(15): warning:  #177-D: variable "g_halI2cHandler"  was declared but never referenced
  static T_AolkmeHalI2cHandler *g_halI2cHandler = NULL;
..\AOLKME\src\code\Aolkme_platform.c: 2 warnings, 0 errors
compiling logger_core.c...
compiling logger_formatter.c...
compiling Aolkme_event.c...
compiling logger_buffer.c...
compiling AolkmeOSAL_SysMon_freertos.c...
compiling Aolkme_OSAL.c...
compiling freertos.c...
compiling application.c...
linking...
Program Size: Code=22976 RO-data=1904 RW-data=196 ZI-data=73684  
FromELF: creating hex file...
"AolkmeSDK\AolkmeSDK.axf" - 0 Error(s), 4 Warning(s).

<h2>Software Packages used:</h2>

Package Vendor: ARM
                https://www.keil.com/pack/ARM.CMSIS.6.1.0.pack
                ARM.CMSIS.6.1.0
                CMSIS (Common Microcontroller Software Interface Standard)
   * Component: CORE Version: 6.1.0

Package Vendor: Keil
                https://www.keil.com/pack/Keil.STM32F4xx_DFP.2.17.1.pack
                Keil.STM32F4xx_DFP.2.17.1
                STMicroelectronics STM32F4 Series Device Support, Drivers and Examples

<h2>Collection of Component include folders:</h2>
  .\RTE\_AolkmeSDK
  D:\WorkSoftware\Keil\armPack\ARM\CMSIS\6.1.0\CMSIS\Core\Include
  D:\WorkSoftware\Keil\armPack\Keil\STM32F4xx_DFP\2.17.1\Drivers\CMSIS\Device\ST\STM32F4xx\Include

<h2>Collection of Component Files used:</h2>

   * Component: ARM::CMSIS:CORE:6.1.0
      Include file:  CMSIS\Core\Include\tz_context.h
Build Time Elapsed:  00:00:02
</pre>
</body>
</html>
