Component: ARM Compiler 5.06 update 7 (build 960) Tool: armlink [4d3601]

==============================================================================

Section Cross References

    startup_stm32f407xx.o(RESET) refers to startup_stm32f407xx.o(STACK) for __initial_sp
    startup_stm32f407xx.o(RESET) refers to startup_stm32f407xx.o(.text) for Reset_Handler
    startup_stm32f407xx.o(RESET) refers to stm32f4xx_it.o(i.NMI_Handler) for NMI_Handler
    startup_stm32f407xx.o(RESET) refers to stm32f4xx_it.o(i.HardFault_Handler) for HardFault_Handler
    startup_stm32f407xx.o(RESET) refers to stm32f4xx_it.o(i.MemManage_Handler) for MemManage_Handler
    startup_stm32f407xx.o(RESET) refers to stm32f4xx_it.o(i.BusFault_Handler) for BusFault_Handler
    startup_stm32f407xx.o(RESET) refers to stm32f4xx_it.o(i.UsageFault_Handler) for UsageFault_Handler
    startup_stm32f407xx.o(RESET) refers to port.o(.emb_text) for SVC_Handler
    startup_stm32f407xx.o(RESET) refers to stm32f4xx_it.o(i.DebugMon_Handler) for DebugMon_Handler
    startup_stm32f407xx.o(RESET) refers to cmsis_os2.o(i.SysTick_Handler) for SysTick_Handler
    startup_stm32f407xx.o(RESET) refers to stm32f4xx_it.o(i.TIM1_UP_TIM10_IRQHandler) for TIM1_UP_TIM10_IRQHandler
    startup_stm32f407xx.o(RESET) refers to stm32f4xx_it.o(i.USART1_IRQHandler) for USART1_IRQHandler
    startup_stm32f407xx.o(RESET) refers to stm32f4xx_it.o(i.USART2_IRQHandler) for USART2_IRQHandler
    startup_stm32f407xx.o(RESET) refers to stm32f4xx_it.o(i.USART3_IRQHandler) for USART3_IRQHandler
    startup_stm32f407xx.o(.text) refers to system_stm32f4xx.o(i.SystemInit) for SystemInit
    startup_stm32f407xx.o(.text) refers to entry.o(.ARM.Collect$$$$00000000) for __main
    main.o(i.HAL_TIM_PeriodElapsedCallback) refers to stm32f4xx_hal.o(i.HAL_IncTick) for HAL_IncTick
    main.o(i.SystemClock_Config) refers to memseta.o(.text) for __aeabi_memclr4
    main.o(i.SystemClock_Config) refers to stm32f4xx_hal_rcc.o(i.HAL_RCC_OscConfig) for HAL_RCC_OscConfig
    main.o(i.SystemClock_Config) refers to stm32f4xx_hal_rcc.o(i.HAL_RCC_ClockConfig) for HAL_RCC_ClockConfig
    main.o(i.fputc) refers to stm32f4xx_hal_uart.o(i.HAL_UART_Transmit) for HAL_UART_Transmit
    main.o(i.fputc) refers to usart.o(.bss) for huart2
    main.o(i.main) refers to stm32f4xx_hal.o(i.HAL_Init) for HAL_Init
    main.o(i.main) refers to main.o(i.SystemClock_Config) for SystemClock_Config
    main.o(i.main) refers to gpio.o(i.MX_GPIO_Init) for MX_GPIO_Init
    main.o(i.main) refers to usart.o(i.MX_USART1_UART_Init) for MX_USART1_UART_Init
    main.o(i.main) refers to usart.o(i.MX_USART2_UART_Init) for MX_USART2_UART_Init
    main.o(i.main) refers to usart.o(i.MX_USART3_UART_Init) for MX_USART3_UART_Init
    main.o(i.main) refers to cmsis_os2.o(i.osKernelInitialize) for osKernelInitialize
    main.o(i.main) refers to freertos.o(i.MX_FREERTOS_Init) for MX_FREERTOS_Init
    main.o(i.main) refers to cmsis_os2.o(i.osKernelStart) for osKernelStart
    gpio.o(i.MX_GPIO_Init) refers to memseta.o(.text) for __aeabi_memclr4
    gpio.o(i.MX_GPIO_Init) refers to stm32f4xx_hal_gpio.o(i.HAL_GPIO_WritePin) for HAL_GPIO_WritePin
    gpio.o(i.MX_GPIO_Init) refers to stm32f4xx_hal_gpio.o(i.HAL_GPIO_Init) for HAL_GPIO_Init
    freertos.o(i.MX_FREERTOS_Init) refers to cmsis_os2.o(i.osThreadNew) for osThreadNew
    freertos.o(i.MX_FREERTOS_Init) refers to freertos.o(.constdata) for .constdata
    freertos.o(i.MX_FREERTOS_Init) refers to freertos.o(i.StartDefaultTask) for StartDefaultTask
    freertos.o(i.MX_FREERTOS_Init) refers to freertos.o(.data) for .data
    freertos.o(i.MX_FREERTOS_Init) refers to freertos.o(i.led_Task) for led_Task
    freertos.o(i.MX_FREERTOS_Init) refers to application.o(i.AolkmeUser_StartTask) for AolkmeUser_StartTask
    freertos.o(i.StartDefaultTask) refers to cmsis_os2.o(i.osDelay) for osDelay
    freertos.o(i.led_Task) refers to stm32f4xx_hal_gpio.o(i.HAL_GPIO_TogglePin) for HAL_GPIO_TogglePin
    freertos.o(i.led_Task) refers to cmsis_os2.o(i.osDelay) for osDelay
    freertos.o(.constdata) refers to freertos.o(.conststring) for .conststring
    usart.o(i.HAL_UART_MspDeInit) refers to stm32f4xx_hal_gpio.o(i.HAL_GPIO_DeInit) for HAL_GPIO_DeInit
    usart.o(i.HAL_UART_MspDeInit) refers to stm32f4xx_hal_cortex.o(i.HAL_NVIC_DisableIRQ) for HAL_NVIC_DisableIRQ
    usart.o(i.HAL_UART_MspInit) refers to memseta.o(.text) for __aeabi_memclr4
    usart.o(i.HAL_UART_MspInit) refers to stm32f4xx_hal_gpio.o(i.HAL_GPIO_Init) for HAL_GPIO_Init
    usart.o(i.HAL_UART_MspInit) refers to stm32f4xx_hal_cortex.o(i.HAL_NVIC_SetPriority) for HAL_NVIC_SetPriority
    usart.o(i.HAL_UART_MspInit) refers to stm32f4xx_hal_cortex.o(i.HAL_NVIC_EnableIRQ) for HAL_NVIC_EnableIRQ
    usart.o(i.MX_USART1_UART_Init) refers to stm32f4xx_hal_uart.o(i.HAL_UART_Init) for HAL_UART_Init
    usart.o(i.MX_USART1_UART_Init) refers to main.o(i.Error_Handler) for Error_Handler
    usart.o(i.MX_USART1_UART_Init) refers to usart.o(.bss) for .bss
[...]
    i.vPortEnterCritical                     0x08004884   Section        0  port.o(i.vPortEnterCritical)
    i.vPortExitCritical                      0x080048c4   Section        0  port.o(i.vPortExitCritical)
    i.vPortFree                              0x080048ec   Section        0  heap_4.o(i.vPortFree)
    i.vPortSetupTimerInterrupt               0x08004950   Section        0  port.o(i.vPortSetupTimerInterrupt)
    i.vPortValidateInterruptPriority         0x08004974   Section        0  port.o(i.vPortValidateInterruptPriority)
    i.vQueueAddToRegistry                    0x080049c8   Section        0  queue.o(i.vQueueAddToRegistry)
    i.vQueueDelete                           0x080049f0   Section        0  queue.o(i.vQueueDelete)
    i.vQueueUnregisterQueue                  0x08004a20   Section        0  queue.o(i.vQueueUnregisterQueue)
    i.vQueueWaitForMessageRestricted         0x08004a48   Section        0  queue.o(i.vQueueWaitForMessageRestricted)
    i.vTaskDelay                             0x08004a8c   Section        0  tasks.o(i.vTaskDelay)
    i.vTaskDelete                            0x08004ad8   Section        0  tasks.o(i.vTaskDelete)
    i.vTaskGetInfo                           0x08004b68   Section        0  tasks.o(i.vTaskGetInfo)
    i.vTaskInternalSetTimeOutState           0x08004bdc   Section        0  tasks.o(i.vTaskInternalSetTimeOutState)
    i.vTaskMissedYield                       0x08004bec   Section        0  tasks.o(i.vTaskMissedYield)
    i.vTaskPlaceOnEventList                  0x08004bf8   Section        0  tasks.o(i.vTaskPlaceOnEventList)
    i.vTaskPlaceOnEventListRestricted        0x08004c28   Section        0  tasks.o(i.vTaskPlaceOnEventListRestricted)
    i.vTaskPriorityDisinheritAfterTimeout    0x08004c60   Section        0  tasks.o(i.vTaskPriorityDisinheritAfterTimeout)
    i.vTaskStartScheduler                    0x08004cf0   Section        0  tasks.o(i.vTaskStartScheduler)
    i.vTaskSuspendAll                        0x08004d78   Section        0  tasks.o(i.vTaskSuspendAll)
    i.vTaskSwitchContext                     0x08004d88   Section        0  tasks.o(i.vTaskSwitchContext)
    i.xPortGetFreeHeapSize                   0x08004dec   Section        0  heap_4.o(i.xPortGetFreeHeapSize)
    i.xPortGetMinimumEverFreeHeapSize        0x08004df8   Section        0  heap_4.o(i.xPortGetMinimumEverFreeHeapSize)
    i.xPortStartScheduler                    0x08004e04   Section        0  port.o(i.xPortStartScheduler)
    i.xPortSysTickHandler                    0x08004ef8   Section        0  port.o(i.xPortSysTickHandler)
    i.xQueueCreateCountingSemaphore          0x08004f24   Section        0  queue.o(i.xQueueCreateCountingSemaphore)
    i.xQueueCreateMutex                      0x08004f5e   Section        0  queue.o(i.xQueueCreateMutex)
    i.xQueueGenericCreate                    0x08004f74   Section        0  queue.o(i.xQueueGenericCreate)
    i.xQueueGenericCreateStatic              0x08004fb6   Section        0  queue.o(i.xQueueGenericCreateStatic)
    i.xQueueGenericReset                     0x0800501c   Section        0  queue.o(i.xQueueGenericReset)
    i.xQueueGenericSend                      0x080050a4   Section        0  queue.o(i.xQueueGenericSend)
    i.xQueueGenericSendFromISR               0x08005204   Section        0  queue.o(i.xQueueGenericSendFromISR)
    i.xQueueReceive                          0x080052c4   Section        0  queue.o(i.xQueueReceive)
    i.xQueueSemaphoreTake                    0x080053fc   Section        0  queue.o(i.xQueueSemaphoreTake)
    i.xTaskCheckForTimeOut                   0x08005574   Section        0  tasks.o(i.xTaskCheckForTimeOut)
    i.xTaskCreate                            0x080055e8   Section        0  tasks.o(i.xTaskCreate)
    i.xTaskCreateStatic                      0x08005642   Section        0  tasks.o(i.xTaskCreateStatic)
    i.xTaskGetSchedulerState                 0x08005698   Section        0  tasks.o(i.xTaskGetSchedulerState)
    i.xTaskGetTickCount                      0x080056b4   Section        0  tasks.o(i.xTaskGetTickCount)
    i.xTaskIncrementTick                     0x080056c0   Section        0  tasks.o(i.xTaskIncrementTick)
    i.xTaskPriorityDisinherit                0x08005788   Section        0  tasks.o(i.xTaskPriorityDisinherit)
    i.xTaskPriorityInherit                   0x08005808   Section        0  tasks.o(i.xTaskPriorityInherit)
    i.xTaskRemoveFromEventList               0x08005880   Section        0  tasks.o(i.xTaskRemoveFromEventList)
    i.xTaskResumeAll                         0x080058f0   Section        0  tasks.o(i.xTaskResumeAll)
    i.xTimerCreateTimerTask                  0x080059b4   Section        0  timers.o(i.xTimerCreateTimerTask)
    i.xTimerGenericCommand                   0x08005a14   Section        0  timers.o(i.xTimerGenericCommand)
    .constdata                               0x08005a7c   Section      108  freertos.o(.constdata)
    .constdata                               0x08005ae8   Section       16  system_stm32f4xx.o(.constdata)
    .constdata                               0x08005af8   Section        8  system_stm32f4xx.o(.constdata)
    .constdata                               0x08005b00   Section     1056  aolkme_core.o(.constdata)
    appName                                  0x08005b00   Data          32  aolkme_core.o(.constdata)
    s_aolkme_core_state_strings              0x08005b20   Data        1024  aolkme_core.o(.constdata)
    .constdata                               0x08005f20   Section       65  aolkme_verify.o(.constdata)
    SECRET1                                  0x08005f20   Data           8  aolkme_verify.o(.constdata)
    SECRET2                                  0x08005f28   Data           8  aolkme_verify.o(.constdata)
    SECRET3                                  0x08005f30   Data           8  aolkme_verify.o(.constdata)
    SECRET4                                  0x08005f38   Data           8  aolkme_verify.o(.constdata)
    B32TAB                                   0x08005f40   Data          33  aolkme_verify.o(.constdata)
    .constdata                               0x08005f64   Section      114  application.o(.constdata)
    .conststring                             0x08005fd8   Section       31  freertos.o(.conststring)
    .conststring                             0x08005ff8   Section       74  aolkme_core.o(.conststring)
    .data                                    0x20000000   Section       12  freertos.o(.data)
    .data                                    0x2000000c   Section       12  stm32f4xx_hal.o(.data)
    .data                                    0x20000018   Section        4  system_stm32f4xx.o(.data)
    .data                                    0x2000001c   Section       60  tasks.o(.data)
    uxDeletedTasksWaitingCleanUp             0x20000020   Data           4  tasks.o(.data)
    uxCurrentNumberOfTasks                   0x20000024   Data           4  tasks.o(.data)
    xTickCount                               0x20000028   Data           4  tasks.o(.data)
    uxTopReadyPriority                       0x2000002c   Data           4  tasks.o(.data)
    xSchedulerRunning                        0x20000030   Data           4  tasks.o(.data)
    xPendedTicks                             0x20000034   Data           4  tasks.o(.data)
    xYieldPending                            0x20000038   Data           4  tasks.o(.data)
    xNumOfOverflows                          0x2000003c   Data           4  tasks.o(.data)
    uxTaskNumber                             0x20000040   Data           4  tasks.o(.data)
    xNextTaskUnblockTime                     0x20000044   Data           4  tasks.o(.data)
    xIdleTaskHandle                          0x20000048   Data           4  tasks.o(.data)
    uxSchedulerSuspended                     0x2000004c   Data           4  tasks.o(.data)
    pxDelayedTaskList                        0x20000050   Data           4  tasks.o(.data)
    pxOverflowDelayedTaskList                0x20000054   Data           4  tasks.o(.data)
    .data                                    0x20000058   Section       20  timers.o(.data)
    xTimerQueue                              0x20000058   Data           4  timers.o(.data)
    xTimerTaskHandle                         0x2000005c   Data           4  timers.o(.data)
    xLastTime                                0x20000060   Data           4  timers.o(.data)
    pxCurrentTimerList                       0x20000064   Data           4  timers.o(.data)
    pxOverflowTimerList                      0x20000068   Data           4  timers.o(.data)
    .data                                    0x2000006c   Section        4  cmsis_os2.o(.data)
    KernelState                              0x2000006c   Data           4  cmsis_os2.o(.data)
    .data                                    0x20000070   Section       32  heap_4.o(.data)
    pxEnd                                    0x20000070   Data           4  heap_4.o(.data)
    xFreeBytesRemaining                      0x20000074   Data           4  heap_4.o(.data)
    xMinimumEverFreeBytesRemaining           0x20000078   Data           4  heap_4.o(.data)
    xNumberOfSuccessfulAllocations           0x2000007c   Data           4  heap_4.o(.data)
    xNumberOfSuccessfulFrees                 0x20000080   Data           4  heap_4.o(.data)
    xBlockAllocatedBit                       0x20000084   Data           4  heap_4.o(.data)
    xStart                                   0x20000088   Data           8  heap_4.o(.data)
    .data                                    0x20000090   Section       12  port.o(.data)
    ucMaxSysCallPriority                     0x20000090   Data           1  port.o(.data)
    uxCriticalNesting                        0x20000094   Data           4  port.o(.data)
    ulMaxPRIGROUPValue                       0x20000098   Data           4  port.o(.data)
    .data                                    0x2000009c   Section        4  aolkme_platform.o(.data)
    g_osalHandler                            0x2000009c   Data           4  aolkme_platform.o(.data)
    .data                                    0x200000a0   Section       16  logger_buffer.o(.data)
    b_flush_task_running                     0x200000a0   Data           1  logger_buffer.o(.data)
    s_AolkmeLoggerBlockQueue                 0x200000a4   Data           4  logger_buffer.o(.data)
    s_AolkmeLoggerMutex                      0x200000a8   Data           4  logger_buffer.o(.data)
    s_AolkmeLoggerFlushTask                  0x200000ac   Data           4  logger_buffer.o(.data)
    .data                                    0x200000b0   Section        8  aolkmeosal_sysmon_freertos.o(.data)
    monitorTaskHandle                        0x200000b0   Data           4  aolkmeosal_sysmon_freertos.o(.data)
    monitorPeriodTicks                       0x200000b4   Data           4  aolkmeosal_sysmon_freertos.o(.data)
    .data                                    0x200000b8   Section        4  application.o(.data)
    .data                                    0x200000bc   Section        4  rand.o(.data)
    _rand_state                              0x200000bc   Data           4  rand.o(.data)
    .data                                    0x200000c0   Section        4  stdout.o(.data)
    .bss                                     0x200000c4   Section      216  usart.o(.bss)
    .bss                                     0x2000019c   Section       72  stm32f4xx_hal_timebase_tim.o(.bss)
    .bss                                     0x200001e4   Section       64  queue.o(.bss)
    .bss                                     0x20000224   Section     1220  tasks.o(.bss)
    pxReadyTasksLists                        0x20000224   Data        1120  tasks.o(.bss)
    xDelayedTaskList1                        0x20000684   Data          20  tasks.o(.bss)
    xDelayedTaskList2                        0x20000698   Data          20  tasks.o(.bss)
    xPendingReadyList                        0x200006ac   Data          20  tasks.o(.bss)
    xTasksWaitingTermination                 0x200006c0   Data          20  tasks.o(.bss)
    xSuspendedTaskList                       0x200006d4   Data          20  tasks.o(.bss)
    .bss                                     0x200006e8   Section      280  timers.o(.bss)
    xStaticTimerQueue                        0x200006e8   Data          80  timers.o(.bss)
    ucStaticTimerQueueStorage                0x20000738   Data         160  timers.o(.bss)
    xActiveTimerList1                        0x200007d8   Data          20  timers.o(.bss)
    xActiveTimerList2                        0x200007ec   Data          20  timers.o(.bss)
    .bss                                     0x20000800   Section     1720  cmsis_os2.o(.bss)
    Idle_TCB                                 0x20000800   Data          92  cmsis_os2.o(.bss)
    Idle_Stack                               0x2000085c   Data         512  cmsis_os2.o(.bss)
    Timer_TCB                                0x20000a5c   Data          92  cmsis_os2.o(.bss)
    Timer_Stack                              0x20000ab8   Data        1024  cmsis_os2.o(.bss)
    .bss                                     0x20000eb8   Section    65536  heap_4.o(.bss)
    ucHeap                                   0x20000eb8   Data       65536  heap_4.o(.bss)
    .bss                                     0x20010eb8   Section      136  aolkme_core.o(.bss)
    s_aolkme_core_context                    0x20010eb8   Data         136  aolkme_core.o(.bss)
    .bss                                     0x20010f40   Section       32  aolkme_event.o(.bss)
    g_event_system_context                   0x20010f40   Data          32  aolkme_event.o(.bss)
    .bss                                     0x20010f60   Section       56  logger_core.o(.bss)
    .bss                                     0x20010f98   Section      256  aolkmeosal_sysmon_freertos.o(.bss)
    g_taskRegistry                           0x20010f98   Data         256  aolkmeosal_sysmon_freertos.o(.bss)
    STACK                                    0x20011098   Section     4096  startup_stm32f407xx.o(STACK)

    Global Symbols

    Symbol Name                              Value     Ov Type        Size  Object(Section)

    BuildAttributes$$THM_ISAv4$E$P$D$K$B$S$7EM$VFPi3$EXTD16$VFPS$VFMA$PE$A:L22UL41UL21$X:L11$S22US41US21$IEEE1$IW$USESV6$~STKCKD$USESV7$~SHL$OSPACE$ROPI$EBA8$MICROLIB$REQ8$PRES8$EABIv2 0x00000000   Number         0  anon$$obj.o ABSOLUTE
    __ARM_use_no_argv                        0x00000000   Number         0  main.o ABSOLUTE
    _printf_a                                0x00000000   Number         0  stubs.o ABSOLUTE
    _printf_c                                0x00000000   Number         0  stubs.o ABSOLUTE
    _printf_charcount                        0x00000000   Number         0  stubs.o ABSOLUTE
    _printf_d                                0x00000000   Number         0  stubs.o ABSOLUTE
    _printf_e                                0x00000000   Number         0  stubs.o ABSOLUTE
    _printf_f                                0x00000000   Number         0  stubs.o ABSOLUTE
    _printf_flags                            0x00000000   Number         0  stubs.o ABSOLUTE
    _printf_fp_dec                           0x00000000   Number         0  stubs.o ABSOLUTE
    _printf_fp_hex                           0x00000000   Number         0  stubs.o ABSOLUTE
    _printf_g                                0x00000000   Number         0  stubs.o ABSOLUTE
    _printf_i                                0x00000000   Number         0  stubs.o ABSOLUTE
    _printf_int_dec                          0x00000000   Number         0  stubs.o ABSOLUTE
    _printf_l                                0x00000000   Number         0  stubs.o ABSOLUTE
    _printf_lc                               0x00000000   Number         0  stubs.o ABSOLUTE
    _printf_ll                               0x00000000   Number         0  stubs.o ABSOLUTE
    _printf_lld                              0x00000000   Number         0  stubs.o ABSOLUTE
    _printf_lli                              0x00000000   Number         0  stubs.o ABSOLUTE
    _printf_llo                              0x00000000   Number         0  stubs.o ABSOLUTE
    _printf_llu                              0x00000000   Number         0  stubs.o ABSOLUTE
    _printf_llx                              0x00000000   Number         0  stubs.o ABSOLUTE
    _printf_longlong_dec                     0x00000000   Number         0  stubs.o ABSOLUTE
    _printf_longlong_hex                     0x00000000   Number         0  stubs.o ABSOLUTE
    _printf_longlong_oct                     0x00000000   Number         0  stubs.o ABSOLUTE
    _printf_ls                               0x00000000   Number         0  stubs.o ABSOLUTE
    _printf_mbtowc                           0x00000000   Number         0  stubs.o ABSOLUTE
    _printf_n                                0x00000000   Number         0  stubs.o ABSOLUTE
    _printf_o                                0x00000000   Number         0  stubs.o ABSOLUTE
    _printf_p                                0x00000000   Number         0  stubs.o ABSOLUTE
    _printf_percent                          0x00000000   Number         0  stubs.o ABSOLUTE
    _printf_pre_padding                      0x00000000   Number         0  stubs.o ABSOLUTE
    _printf_return_value                     0x00000000   Number         0  stubs.o ABSOLUTE
    _printf_s                                0x00000000   Number         0  stubs.o ABSOLUTE
    _printf_sizespec                         0x00000000   Number         0  stubs.o ABSOLUTE
    _printf_str                              0x00000000   Number         0  stubs.o ABSOLUTE
    _printf_truncate_signed                  0x00000000   Number         0  stubs.o ABSOLUTE
    _printf_truncate_unsigned                0x00000000   Number         0  stubs.o ABSOLUTE
    _printf_u                                0x00000000   Number         0  stubs.o ABSOLUTE
    _printf_wc                               0x00000000   Number         0  stubs.o ABSOLUTE
    _printf_wctomb                           0x00000000   Number         0  stubs.o ABSOLUTE
    _printf_widthprec                        0x00000000   Number         0  stubs.o ABSOLUTE
    _printf_x                                0x00000000   Number         0  stubs.o ABSOLUTE
    __arm_fini_                               - Undefined Weak Reference
    __cpp_initialize__aeabi_                  - Undefined Weak Reference
    __cxa_finalize                            - Undefined Weak Reference
    __decompress                              - Undefined Weak Reference
    _clock_init                               - Undefined Weak Reference
    _microlib_exit                            - Undefined Weak Reference
    __Vectors_Size                           0x00000188   Number         0  startup_stm32f407xx.o ABSOLUTE
    __Vectors                                0x08000000   Data           4  startup_stm32f407xx.o(RESET)
    __Vectors_End                            0x08000188   Data           0  startup_stm32f407xx.o(RESET)
    __main                                   0x08000189   Thumb Code     0  entry.o(.ARM.Collect$$$$00000000)
    _main_stk                                0x08000189   Thumb Code     0  entry2.o(.ARM.Collect$$$$00000001)
    _main_scatterload                        0x0800018d   Thumb Code     0  entry5.o(.ARM.Collect$$$$00000004)
    __main_after_scatterload                 0x08000191   Thumb Code     0  entry5.o(.ARM.Collect$$$$00000004)
    _main_clock                              0x08000191   Thumb Code     0  entry7b.o(.ARM.Collect$$$$00000008)
    _main_cpp_init                           0x08000191   Thumb Code     0  entry8b.o(.ARM.Collect$$$$0000000A)
    _main_init                               0x08000191   Thumb Code     0  entry9a.o(.ARM.Collect$$$$0000000B)
    __rt_lib_shutdown_fini                   0x08000199   Thumb Code     0  entry12b.o(.ARM.Collect$$$$0000000E)
    __rt_final_cpp                           0x0800019d   Thumb Code     0  entry10a.o(.ARM.Collect$$$$0000000F)
    __rt_final_exit                          0x0800019d   Thumb Code     0  entry11a.o(.ARM.Collect$$$$00000011)
    SVC_Handler                              0x080001a1   Thumb Code    28  port.o(.emb_text)
    __asm___6_port_c_39a90d8d__prvStartFirstTask 0x080001c1   Thumb Code    36  port.o(.emb_text)
    __asm___6_port_c_39a90d8d__prvEnableVFP  0x080001e9   Thumb Code    16  port.o(.emb_text)
    PendSV_Handler                           0x080001fd   Thumb Code    88  port.o(.emb_text)
    vPortGetIPSR                             0x08000259   Thumb Code     6  port.o(.emb_text)
    Reset_Handler                            0x08000261   Thumb Code     8  startup_stm32f407xx.o(.text)
    ADC_IRQHandler                           0x0800027b   Thumb Code     0  startup_stm32f407xx.o(.text)
    CAN1_RX0_IRQHandler                      0x0800027b   Thumb Code     0  startup_stm32f407xx.o(.text)
    CAN1_RX1_IRQHandler                      0x0800027b   Thumb Code     0  startup_stm32f407xx.o(.text)
    CAN1_SCE_IRQHandler                      0x0800027b   Thumb Code     0  startup_stm32f407xx.o(.text)
    CAN1_TX_IRQHandler                       0x0800027b   Thumb Code     0  startup_stm32f407xx.o(.text)
    CAN2_RX0_IRQHandler                      0x0800027b   Thumb Code     0  startup_stm32f407xx.o(.text)
    CAN2_RX1_IRQHandler                      0x0800027b   Thumb Code     0  startup_stm32f407xx.o(.text)
    CAN2_SCE_IRQHandler                      0x0800027b   Thumb Code     0  startup_stm32f407xx.o(.text)
    CAN2_TX_IRQHandler                       0x0800027b   Thumb Code     0  startup_stm32f407xx.o(.text)
    DCMI_IRQHandler                          0x0800027b   Thumb Code     0  startup_stm32f407xx.o(.text)
    DMA1_Stream0_IRQHandler                  0x0800027b   Thumb Code     0  startup_stm32f407xx.o(.text)
    DMA1_Stream1_IRQHandler                  0x0800027b   Thumb Code     0  startup_stm32f407xx.o(.text)
    DMA1_Stream2_IRQHandler                  0x0800027b   Thumb Code     0  startup_stm32f407xx.o(.text)
    DMA1_Stream3_IRQHandler                  0x0800027b   Thumb Code     0  startup_stm32f407xx.o(.text)
    DMA1_Stream4_IRQHandler                  0x0800027b   Thumb Code     0  startup_stm32f407xx.o(.text)
    DMA1_Stream5_IRQHandler                  0x0800027b   Thumb Code     0  startup_stm32f407xx.o(.text)
    DMA1_Stream6_IRQHandler                  0x0800027b   Thumb Code     0  startup_stm32f407xx.o(.text)
    DMA1_Stream7_IRQHandler                  0x0800027b   Thumb Code     0  startup_stm32f407xx.o(.text)
    DMA2_Stream0_IRQHandler                  0x0800027b   Thumb Code     0  startup_stm32f407xx.o(.text)
    DMA2_Stream1_IRQHandler                  0x0800027b   Thumb Code     0  startup_stm32f407xx.o(.text)
    DMA2_Stream2_IRQHandler                  0x0800027b   Thumb Code     0  startup_stm32f407xx.o(.text)
    DMA2_Stream3_IRQHandler                  0x0800027b   Thumb Code     0  startup_stm32f407xx.o(.text)
    DMA2_Stream4_IRQHandler                  0x0800027b   Thumb Code     0  startup_stm32f407xx.o(.text)
    DMA2_Stream5_IRQHandler                  0x0800027b   Thumb Code     0  startup_stm32f407xx.o(.text)
    DMA2_Stream6_IRQHandler                  0x0800027b   Thumb Code     0  startup_stm32f407xx.o(.text)
    DMA2_Stream7_IRQHandler                  0x0800027b   Thumb Code     0  startup_stm32f407xx.o(.text)
    ETH_IRQHandler                           0x0800027b   Thumb Code     0  startup_stm32f407xx.o(.text)
    ETH_WKUP_IRQHandler                      0x0800027b   Thumb Code     0  startup_stm32f407xx.o(.text)
    EXTI0_IRQHandler                         0x0800027b   Thumb Code     0  startup_stm32f407xx.o(.text)
    EXTI15_10_IRQHandler                     0x0800027b   Thumb Code     0  startup_stm32f407xx.o(.text)
    EXTI1_IRQHandler                         0x0800027b   Thumb Code     0  startup_stm32f407xx.o(.text)
    EXTI2_IRQHandler                         0x0800027b   Thumb Code     0  startup_stm32f407xx.o(.text)
    EXTI3_IRQHandler                         0x0800027b   Thumb Code     0  startup_stm32f407xx.o(.text)
    EXTI4_IRQHandler                         0x0800027b   Thumb Code     0  startup_stm32f407xx.o(.text)
    EXTI9_5_IRQHandler                       0x0800027b   Thumb Code     0  startup_stm32f407xx.o(.text)
    FLASH_IRQHandler                         0x0800027b   Thumb Code     0  startup_stm32f407xx.o(.text)
    FMC_IRQHandler                           0x0800027b   Thumb Code     0  startup_stm32f407xx.o(.text)
    FPU_IRQHandler                           0x0800027b   Thumb Code     0  startup_stm32f407xx.o(.text)
    HASH_RNG_IRQHandler                      0x0800027b   Thumb Code     0  startup_stm32f407xx.o(.text)
    I2C1_ER_IRQHandler                       0x0800027b   Thumb Code     0  startup_stm32f407xx.o(.text)
    I2C1_EV_IRQHandler                       0x0800027b   Thumb Code     0  startup_stm32f407xx.o(.text)
    I2C2_ER_IRQHandler                       0x0800027b   Thumb Code     0  startup_stm32f407xx.o(.text)
    I2C2_EV_IRQHandler                       0x0800027b   Thumb Code     0  startup_stm32f407xx.o(.text)
    I2C3_ER_IRQHandler                       0x0800027b   Thumb Code     0  startup_stm32f407xx.o(.text)
    I2C3_EV_IRQHandler                       0x0800027b   Thumb Code     0  startup_stm32f407xx.o(.text)
    OTG_FS_IRQHandler                        0x0800027b   Thumb Code     0  startup_stm32f407xx.o(.text)
    OTG_FS_WKUP_IRQHandler                   0x0800027b   Thumb Code     0  startup_stm32f407xx.o(.text)
    OTG_HS_EP1_IN_IRQHandler                 0x0800027b   Thumb Code     0  startup_stm32f407xx.o(.text)
    OTG_HS_EP1_OUT_IRQHandler                0x0800027b   Thumb Code     0  startup_stm32f407xx.o(.text)
    OTG_HS_IRQHandler                        0x0800027b   Thumb Code     0  startup_stm32f407xx.o(.text)
    OTG_HS_WKUP_IRQHandler                   0x0800027b   Thumb Code     0  startup_stm32f407xx.o(.text)
    PVD_IRQHandler                           0x0800027b   Thumb Code     0  startup_stm32f407xx.o(.text)
    RCC_IRQHandler                           0x0800027b   Thumb Code     0  startup_stm32f407xx.o(.text)
    RTC_Alarm_IRQHandler                     0x0800027b   Thumb Code     0  startup_stm32f407xx.o(.text)
    RTC_WKUP_IRQHandler                      0x0800027b   Thumb Code     0  startup_stm32f407xx.o(.text)
    SDIO_IRQHandler                          0x0800027b   Thumb Code     0  startup_stm32f407xx.o(.text)
    SPI1_IRQHandler                          0x0800027b   Thumb Code     0  startup_stm32f407xx.o(.text)
    SPI2_IRQHandler                          0x0800027b   Thumb Code     0  startup_stm32f407xx.o(.text)
    SPI3_IRQHandler                          0x0800027b   Thumb Code     0  startup_stm32f407xx.o(.text)
    TAMP_STAMP_IRQHandler                    0x0800027b   Thumb Code     0  startup_stm32f407xx.o(.text)
    TIM1_BRK_TIM9_IRQHandler                 0x0800027b   Thumb Code     0  startup_stm32f407xx.o(.text)
    TIM1_CC_IRQHandler                       0x0800027b   Thumb Code     0  startup_stm32f407xx.o(.text)
    TIM1_TRG_COM_TIM11_IRQHandler            0x0800027b   Thumb Code     0  startup_stm32f407xx.o(.text)
    TIM2_IRQHandler                          0x0800027b   Thumb Code     0  startup_stm32f407xx.o(.text)
    TIM3_IRQHandler                          0x0800027b   Thumb Code     0  startup_stm32f407xx.o(.text)
    TIM4_IRQHandler                          0x0800027b   Thumb Code     0  startup_stm32f407xx.o(.text)
    TIM5_IRQHandler                          0x0800027b   Thumb Code     0  startup_stm32f407xx.o(.text)
    TIM6_DAC_IRQHandler                      0x0800027b   Thumb Code     0  startup_stm32f407xx.o(.text)
    TIM7_IRQHandler                          0x0800027b   Thumb Code     0  startup_stm32f407xx.o(.text)
    TIM8_BRK_TIM12_IRQHandler                0x0800027b   Thumb Code     0  startup_stm32f407xx.o(.text)
    TIM8_CC_IRQHandler                       0x0800027b   Thumb Code     0  startup_stm32f407xx.o(.text)
    TIM8_TRG_COM_TIM14_IRQHandler            0x0800027b   Thumb Code     0  startup_stm32f407xx.o(.text)
    TIM8_UP_TIM13_IRQHandler                 0x0800027b   Thumb Code     0  startup_stm32f407xx.o(.text)
    UART4_IRQHandler                         0x0800027b   Thumb Code     0  startup_stm32f407xx.o(.text)
    UART5_IRQHandler                         0x0800027b   Thumb Code     0  startup_stm32f407xx.o(.text)
    USART6_IRQHandler                        0x0800027b   Thumb Code     0  startup_stm32f407xx.o(.text)
    WWDG_IRQHandler                          0x0800027b   Thumb Code     0  startup_stm32f407xx.o(.text)
    __aeabi_uldivmod                         0x08000285   Thumb Code    98  uldiv.o(.text)
    __aeabi_llsr                             0x080002e7   Thumb Code    32  llushr.o(.text)
    _ll_ushift_r                             0x080002e7   Thumb Code     0  llushr.o(.text)
    rand                                     0x08000309   Thumb Code    20  rand.o(.text)
    srand                                    0x0800031d   Thumb Code     6  rand.o(.text)
    __aeabi_memcpy                           0x0800032d   Thumb Code    36  memcpya.o(.text)
    __aeabi_memcpy4                          0x0800032d   Thumb Code     0  memcpya.o(.text)
    __aeabi_memcpy8                          0x0800032d   Thumb Code     0  memcpya.o(.text)
    __aeabi_memset                           0x08000351   Thumb Code    14  memseta.o(.text)
    __aeabi_memset4                          0x08000351   Thumb Code     0  memseta.o(.text)
    __aeabi_memset8                          0x08000351   Thumb Code     0  memseta.o(.text)
    __aeabi_memclr                           0x0800035f   Thumb Code     4  memseta.o(.text)
    __aeabi_memclr4                          0x0800035f   Thumb Code     0  memseta.o(.text)
    __aeabi_memclr8                          0x0800035f   Thumb Code     0  memseta.o(.text)
    memset                                   0x08000363   Thumb Code    18  memseta.o(.text)
    strncpy                                  0x08000375   Thumb Code    24  strncpy.o(.text)
    strlen                                   0x0800038d   Thumb Code    14  strlen.o(.text)
    strcmp                                   0x0800039b   Thumb Code    28  strcmp.o(.text)
    memcmp                                   0x080003b7   Thumb Code    26  memcmp.o(.text)
    strncmp                                  0x080003d1   Thumb Code    30  strncmp.o(.text)
    __aeabi_uidiv                            0x080003ef   Thumb Code     0  uidiv.o(.text)
    __aeabi_uidivmod                         0x080003ef   Thumb Code    44  uidiv.o(.text)
    __aeabi_llsl                             0x0800041b   Thumb Code    30  llshl.o(.text)
    _ll_shift_l                              0x0800041b   Thumb Code     0  llshl.o(.text)
    __I$use$fp                               0x08000439   Thumb Code     0  iusefp.o(.text)
    __aeabi_dadd                             0x08000439   Thumb Code   322  dadd.o(.text)
    __aeabi_dsub                             0x0800057b   Thumb Code     6  dadd.o(.text)
    __aeabi_drsub                            0x08000581   Thumb Code     6  dadd.o(.text)
    __aeabi_dmul                             0x08000587   Thumb Code   228  dmul.o(.text)
    __aeabi_ddiv                             0x0800066b   Thumb Code   222  ddiv.o(.text)
    __aeabi_d2ulz                            0x08000749   Thumb Code    48  dfixul.o(.text)
    __aeabi_cdrcmple                         0x08000779   Thumb Code    48  cdrcmple.o(.text)
    __scatterload                            0x080007a9   Thumb Code    28  init.o(.text)
    __scatterload_rt2                        0x080007a9   Thumb Code     0  init.o(.text)
    __aeabi_lasr                             0x080007cd   Thumb Code    36  llsshr.o(.text)
    _ll_sshift_r                             0x080007cd   Thumb Code     0  llsshr.o(.text)
    _double_round                            0x080007f1   Thumb Code    30  depilogue.o(.text)
    _double_epilogue                         0x0800080f   Thumb Code   156  depilogue.o(.text)
    A_Osal_BinarySemaphoreCreate             0x080008ab   Thumb Code    32  aolkme_osal.o(i.A_Osal_BinarySemaphoreCreate)
    A_Osal_GetRandomNum                      0x080008cb   Thumb Code    26  aolkme_osal.o(i.A_Osal_GetRandomNum)
    A_Osal_GetTimeMs                         0x080008e5   Thumb Code    20  aolkme_osal.o(i.A_Osal_GetTimeMs)
    A_Osal_MutexCreate                       0x080008f9   Thumb Code    28  aolkme_osal.o(i.A_Osal_MutexCreate)
    A_Osal_MutexDestroy                      0x08000915   Thumb Code    16  aolkme_osal.o(i.A_Osal_MutexDestroy)
    A_Osal_MutexLock                         0x08000925   Thumb Code    28  aolkme_osal.o(i.A_Osal_MutexLock)
    A_Osal_MutexUnlock                       0x08000941   Thumb Code    30  aolkme_osal.o(i.A_Osal_MutexUnlock)
    A_Osal_RegisterTaskStackSize             0x08000961   Thumb Code    34  aolkmeosal_sysmon_freertos.o(i.A_Osal_RegisterTaskStackSize)
    A_Osal_SemaphoreCreate                   0x08000989   Thumb Code    32  aolkme_osal.o(i.A_Osal_SemaphoreCreate)
    A_Osal_SemaphoreDestroy                  0x080009a9   Thumb Code    16  aolkme_osal.o(i.A_Osal_SemaphoreDestroy)
    A_Osal_SemaphorePost                     0x080009b9   Thumb Code    30  aolkme_osal.o(i.A_Osal_SemaphorePost)
    A_Osal_SemaphoreTimedWait                0x080009d7   Thumb Code    42  aolkme_osal.o(i.A_Osal_SemaphoreTimedWait)
    A_Osal_SemaphoreWait                     0x08000a01   Thumb Code    14  aolkme_osal.o(i.A_Osal_SemaphoreWait)
    A_Osal_SystemMonitorGetResource          0x08000a0f   Thumb Code    32  aolkmeosal_sysmon_freertos.o(i.A_Osal_SystemMonitorGetResource)
    A_Osal_SystemMonitorGetTaskList          0x08000a31   Thumb Code   180  aolkmeosal_sysmon_freertos.o(i.A_Osal_SystemMonitorGetTaskList)
    A_Osal_SystemMonitorInit                 0x08000ae9   Thumb Code    32  aolkmeosal_sysmon_freertos.o(i.A_Osal_SystemMonitorInit)
    A_Osal_SystemMonitorStart                0x08000b11   Thumb Code    50  aolkmeosal_sysmon_freertos.o(i.A_Osal_SystemMonitorStart)
    A_Osal_TaskCreate                        0x08000b55   Thumb Code    78  aolkme_osal.o(i.A_Osal_TaskCreate)
    A_Osal_TaskDestroy                       0x08000ba3   Thumb Code    16  aolkme_osal.o(i.A_Osal_TaskDestroy)
    A_Osal_TaskSleepMs                       0x08000bb3   Thumb Code    14  aolkme_osal.o(i.A_Osal_TaskSleepMs)
    AolkmeCore_GetState                      0x08000bc1   Thumb Code    26  aolkme_core.o(i.AolkmeCore_GetState)
    AolkmeCore_TransitionState               0x08000be1   Thumb Code    40  aolkme_core.o(i.AolkmeCore_TransitionState)
    AolkmeCore_VerifyUserInfo                0x08000c39   Thumb Code    60  aolkme_core.o(i.AolkmeCore_VerifyUserInfo)
    AolkmeEvent_GetStatus                    0x08000ce5   Thumb Code    72  aolkme_event.o(i.AolkmeEvent_GetStatus)
    AolkmeEvent_Init                         0x08000d35   Thumb Code   244  aolkme_event.o(i.AolkmeEvent_Init)
    AolkmeEvent_PublishEvent                 0x08000e45   Thumb Code   116  aolkme_event.o(i.AolkmeEvent_PublishEvent)
    AolkmeEvent_SubscribeEvent               0x08000ec1   Thumb Code   102  aolkme_event.o(i.AolkmeEvent_SubscribeEvent)
    AolkmeGetBlockSize                       0x08000f31   Thumb Code     4  logger_buffer.o(i.AolkmeGetBlockSize)
    AolkmeLogger_AddOutput                   0x08000f35   Thumb Code    64  logger_core.o(i.AolkmeLogger_AddOutput)
    AolkmeLogger_BufferInit                  0x0800109d   Thumb Code   116  logger_buffer.o(i.AolkmeLogger_BufferInit)
    AolkmeLogger_Init                        0x080011d9   Thumb Code    64  logger_core.o(i.AolkmeLogger_Init)
    AolkmePlatform_GetOSALHandle             0x080012f9   Thumb Code    20  aolkme_platform.o(i.AolkmePlatform_GetOSALHandle)
    AolkmePlatform_RegOSALHandle             0x08001335   Thumb Code    24  aolkme_platform.o(i.AolkmePlatform_RegOSALHandle)
    AolkmeUser_StartTask                     0x0800138d   Thumb Code   290  application.o(i.AolkmeUser_StartTask)
    Aolkme_Core_Application_Start            0x08001649   Thumb Code    22  aolkme_core.o(i.Aolkme_Core_Application_Start)
    Aolkme_Core_Init                         0x0800168d   Thumb Code   110  aolkme_core.o(i.Aolkme_Core_Init)
    Aolkme_GenerateKey                       0x08001795   Thumb Code   220  aolkme_verify.o(i.Aolkme_GenerateKey)
    Aolkme_VerifyKey                         0x08001879   Thumb Code   122  aolkme_verify.o(i.Aolkme_VerifyKey)
    BusFault_Handler                         0x080018f9   Thumb Code     2  stm32f4xx_it.o(i.BusFault_Handler)
    DebugMon_Handler                         0x080018fb   Thumb Code     2  stm32f4xx_it.o(i.DebugMon_Handler)
    Error_Handler                            0x080018fd   Thumb Code     4  main.o(i.Error_Handler)
    HAL_DMA_Abort                            0x08001901   Thumb Code   146  stm32f4xx_hal_dma.o(i.HAL_DMA_Abort)
    HAL_DMA_Abort_IT                         0x08001993   Thumb Code    36  stm32f4xx_hal_dma.o(i.HAL_DMA_Abort_IT)
    HAL_GPIO_Init                            0x080019b9   Thumb Code   450  stm32f4xx_hal_gpio.o(i.HAL_GPIO_Init)
    HAL_GPIO_TogglePin                       0x08001ba9   Thumb Code    16  stm32f4xx_hal_gpio.o(i.HAL_GPIO_TogglePin)
    HAL_GPIO_WritePin                        0x08001bb9   Thumb Code    10  stm32f4xx_hal_gpio.o(i.HAL_GPIO_WritePin)
    HAL_GetTick                              0x08001bc5   Thumb Code     6  stm32f4xx_hal.o(i.HAL_GetTick)
    HAL_IncTick                              0x08001bd1   Thumb Code    12  stm32f4xx_hal.o(i.HAL_IncTick)
    HAL_Init                                 0x08001be1   Thumb Code    48  stm32f4xx_hal.o(i.HAL_Init)
    HAL_InitTick                             0x08001c15   Thumb Code   120  stm32f4xx_hal_timebase_tim.o(i.HAL_InitTick)
    HAL_MspInit                              0x08001ca1   Thumb Code    52  stm32f4xx_hal_msp.o(i.HAL_MspInit)
    HAL_NVIC_EnableIRQ                       0x08001cd9   Thumb Code    26  stm32f4xx_hal_cortex.o(i.HAL_NVIC_EnableIRQ)
    HAL_NVIC_SetPriority                     0x08001cf5   Thumb Code    60  stm32f4xx_hal_cortex.o(i.HAL_NVIC_SetPriority)
    HAL_NVIC_SetPriorityGrouping             0x08001d35   Thumb Code    26  stm32f4xx_hal_cortex.o(i.HAL_NVIC_SetPriorityGrouping)
    HAL_RCC_ClockConfig                      0x08001d59   Thumb Code   288  stm32f4xx_hal_rcc.o(i.HAL_RCC_ClockConfig)
    HAL_RCC_GetClockConfig                   0x08001e8d   Thumb Code    54  stm32f4xx_hal_rcc.o(i.HAL_RCC_GetClockConfig)
    HAL_RCC_GetPCLK1Freq                     0x08001ecd   Thumb Code    20  stm32f4xx_hal_rcc.o(i.HAL_RCC_GetPCLK1Freq)
    HAL_RCC_GetPCLK2Freq                     0x08001eed   Thumb Code    20  stm32f4xx_hal_rcc.o(i.HAL_RCC_GetPCLK2Freq)
    HAL_RCC_GetSysClockFreq                  0x08001f0d   Thumb Code    88  stm32f4xx_hal_rcc.o(i.HAL_RCC_GetSysClockFreq)
    HAL_RCC_OscConfig                        0x08001f6d   Thumb Code   856  stm32f4xx_hal_rcc.o(i.HAL_RCC_OscConfig)
    HAL_TIMEx_BreakCallback                  0x080022d9   Thumb Code     2  stm32f4xx_hal_tim_ex.o(i.HAL_TIMEx_BreakCallback)
    HAL_TIMEx_CommutCallback                 0x080022db   Thumb Code     2  stm32f4xx_hal_tim_ex.o(i.HAL_TIMEx_CommutCallback)
    HAL_TIM_Base_Init                        0x080022dd   Thumb Code    90  stm32f4xx_hal_tim.o(i.HAL_TIM_Base_Init)
    HAL_TIM_Base_MspInit                     0x08002337   Thumb Code     2  stm32f4xx_hal_tim.o(i.HAL_TIM_Base_MspInit)
    HAL_TIM_Base_Start_IT                    0x08002339   Thumb Code   100  stm32f4xx_hal_tim.o(i.HAL_TIM_Base_Start_IT)
    HAL_TIM_IC_CaptureCallback               0x080023b9   Thumb Code     2  stm32f4xx_hal_tim.o(i.HAL_TIM_IC_CaptureCallback)
    HAL_TIM_IRQHandler                       0x080023bb   Thumb Code   304  stm32f4xx_hal_tim.o(i.HAL_TIM_IRQHandler)
    HAL_TIM_OC_DelayElapsedCallback          0x080024eb   Thumb Code     2  stm32f4xx_hal_tim.o(i.HAL_TIM_OC_DelayElapsedCallback)
    HAL_TIM_PWM_PulseFinishedCallback        0x080024ed   Thumb Code     2  stm32f4xx_hal_tim.o(i.HAL_TIM_PWM_PulseFinishedCallback)
    HAL_TIM_PeriodElapsedCallback            0x080024f1   Thumb Code    14  main.o(i.HAL_TIM_PeriodElapsedCallback)
    HAL_TIM_TriggerCallback                  0x08002505   Thumb Code     2  stm32f4xx_hal_tim.o(i.HAL_TIM_TriggerCallback)
    HAL_UARTEx_RxEventCallback               0x08002507   Thumb Code     2  stm32f4xx_hal_uart.o(i.HAL_UARTEx_RxEventCallback)
    HAL_UART_ErrorCallback                   0x08002509   Thumb Code     2  stm32f4xx_hal_uart.o(i.HAL_UART_ErrorCallback)
    HAL_UART_IRQHandler                      0x0800250d   Thumb Code   636  stm32f4xx_hal_uart.o(i.HAL_UART_IRQHandler)
    HAL_UART_Init                            0x0800278d   Thumb Code   100  stm32f4xx_hal_uart.o(i.HAL_UART_Init)
    HAL_UART_MspInit                         0x080027f1   Thumb Code   258  usart.o(i.HAL_UART_MspInit)
    HAL_UART_RxCpltCallback                  0x0800290d   Thumb Code     2  stm32f4xx_hal_uart.o(i.HAL_UART_RxCpltCallback)
    HAL_UART_Transmit                        0x0800290f   Thumb Code   160  stm32f4xx_hal_uart.o(i.HAL_UART_Transmit)
    HAL_UART_TxCpltCallback                  0x080029af   Thumb Code     2  stm32f4xx_hal_uart.o(i.HAL_UART_TxCpltCallback)
    HardFault_Handler                        0x080029b1   Thumb Code     2  stm32f4xx_it.o(i.HardFault_Handler)
    MX_FREERTOS_Init                         0x080029b5   Thumb Code    46  freertos.o(i.MX_FREERTOS_Init)
    MX_GPIO_Init                             0x080029f9   Thumb Code   120  gpio.o(i.MX_GPIO_Init)
    MX_USART1_UART_Init                      0x08002a79   Thumb Code    48  usart.o(i.MX_USART1_UART_Init)
    MX_USART2_UART_Init                      0x08002ab1   Thumb Code    48  usart.o(i.MX_USART2_UART_Init)
    MX_USART3_UART_Init                      0x08002ae9   Thumb Code    48  usart.o(i.MX_USART3_UART_Init)
    MemManage_Handler                        0x08002b21   Thumb Code     2  stm32f4xx_it.o(i.MemManage_Handler)
    NMI_Handler                              0x08002b23   Thumb Code     2  stm32f4xx_it.o(i.NMI_Handler)
    Osal_Free                                0x08002b25   Thumb Code     4  aolkme_osal.o(i.Osal_Free)
    Osal_Malloc                              0x08002b29   Thumb Code     4  aolkme_osal.o(i.Osal_Malloc)
    StartDefaultTask                         0x08002b2d   Thumb Code     8  freertos.o(i.StartDefaultTask)
    SysTick_Handler                          0x08002b35   Thumb Code    26  cmsis_os2.o(i.SysTick_Handler)
    SystemClock_Config                       0x08002b51   Thumb Code   138  main.o(i.SystemClock_Config)
    SystemInit                               0x08002be5   Thumb Code    12  system_stm32f4xx.o(i.SystemInit)
    SystemMonitorEventHandler                0x08002bf5   Thumb Code   132  aolkmeosal_sysmon_freertos.o(i.SystemMonitorEventHandler)
    TIM1_UP_TIM10_IRQHandler                 0x08002d25   Thumb Code     6  stm32f4xx_it.o(i.TIM1_UP_TIM10_IRQHandler)
    TIM_Base_SetConfig                       0x08002d31   Thumb Code   164  stm32f4xx_hal_tim.o(i.TIM_Base_SetConfig)
    USART1_IRQHandler                        0x080030a1   Thumb Code     6  stm32f4xx_it.o(i.USART1_IRQHandler)
    USART2_IRQHandler                        0x080030ad   Thumb Code     6  stm32f4xx_it.o(i.USART2_IRQHandler)
    USART3_IRQHandler                        0x080030b9   Thumb Code     6  stm32f4xx_it.o(i.USART3_IRQHandler)
    UsageFault_Handler                       0x080030c5   Thumb Code     2  stm32f4xx_it.o(i.UsageFault_Handler)
    __0printf                                0x080030c9   Thumb Code    22  printfa.o(i.__0printf)
    __1printf                                0x080030c9   Thumb Code     0  printfa.o(i.__0printf)
    __2printf                                0x080030c9   Thumb Code     0  printfa.o(i.__0printf)
    __c89printf                              0x080030c9   Thumb Code     0  printfa.o(i.__0printf)
    printf                                   0x080030c9   Thumb Code     0  printfa.o(i.__0printf)
    __scatterload_copy                       0x08003109   Thumb Code    14  handlers.o(i.__scatterload_copy)
    __scatterload_null                       0x08003117   Thumb Code     2  handlers.o(i.__scatterload_null)
    __scatterload_zeroinit                   0x08003119   Thumb Code    14  handlers.o(i.__scatterload_zeroinit)
    eTaskGetState                            0x08003a09   Thumb Code   106  tasks.o(i.eTaskGetState)
    event_get                                0x08003a7d   Thumb Code    14  application.o(i.event_get)
    fputc                                    0x08003bc5   Thumb Code    20  main.o(i.fputc)
    led_Task                                 0x08003c05   Thumb Code    22  freertos.o(i.led_Task)
    main                                     0x08003c21   Thumb Code    38  main.o(i.main)
    osDelay                                  0x08003cd1   Thumb Code    26  cmsis_os2.o(i.osDelay)
    osKernelInitialize                       0x08003ced   Thumb Code    32  cmsis_os2.o(i.osKernelInitialize)
    osKernelStart                            0x08003d11   Thumb Code    48  cmsis_os2.o(i.osKernelStart)
    osThreadExit                             0x08003d49   Thumb Code     8  cmsis_os2.o(i.osThreadExit)
    osThreadNew                              0x08003d51   Thumb Code   138  cmsis_os2.o(i.osThreadNew)
    pvPortMalloc                             0x080045f5   Thumb Code   216  heap_4.o(i.pvPortMalloc)
    pvTaskIncrementMutexHeldCount            0x080046d1   Thumb Code    18  tasks.o(i.pvTaskIncrementMutexHeldCount)
    pxPortInitialiseStack                    0x080046e9   Thumb Code    40  port.o(i.pxPortInitialiseStack)
    uxListRemove                             0x08004715   Thumb Code    38  list.o(i.uxListRemove)
    uxTaskGetNumberOfTasks                   0x0800473d   Thumb Code     6  tasks.o(i.uxTaskGetNumberOfTasks)
    uxTaskGetSystemState                     0x08004749   Thumb Code   158  tasks.o(i.uxTaskGetSystemState)
    vApplicationGetIdleTaskMemory            0x080047f5   Thumb Code    16  cmsis_os2.o(i.vApplicationGetIdleTaskMemory)
    vApplicationGetTimerTaskMemory           0x08004809   Thumb Code    18  cmsis_os2.o(i.vApplicationGetTimerTaskMemory)
    vListInitialise                          0x08004821   Thumb Code    22  list.o(i.vListInitialise)
    vListInitialiseItem                      0x08004837   Thumb Code     6  list.o(i.vListInitialiseItem)
    vListInsert                              0x0800483d   Thumb Code    48  list.o(i.vListInsert)
    vListInsertEnd                           0x0800486d   Thumb Code    24  list.o(i.vListInsertEnd)
    vPortEnterCritical                       0x08004885   Thumb Code    54  port.o(i.vPortEnterCritical)
    vPortExitCritical                        0x080048c5   Thumb Code    34  port.o(i.vPortExitCritical)
    vPortFree                                0x080048ed   Thumb Code    94  heap_4.o(i.vPortFree)
    vPortSetupTimerInterrupt                 0x08004951   Thumb Code    32  port.o(i.vPortSetupTimerInterrupt)
    vPortValidateInterruptPriority           0x08004975   Thumb Code    74  port.o(i.vPortValidateInterruptPriority)
    vQueueAddToRegistry                      0x080049c9   Thumb Code    34  queue.o(i.vQueueAddToRegistry)
    vQueueDelete                             0x080049f1   Thumb Code    46  queue.o(i.vQueueDelete)
    vQueueUnregisterQueue                    0x08004a21   Thumb Code    36  queue.o(i.vQueueUnregisterQueue)
    vQueueWaitForMessageRestricted           0x08004a49   Thumb Code    68  queue.o(i.vQueueWaitForMessageRestricted)
    vTaskDelay                               0x08004a8d   Thumb Code    66  tasks.o(i.vTaskDelay)
    vTaskDelete                              0x08004ad9   Thumb Code   130  tasks.o(i.vTaskDelete)
    vTaskGetInfo                             0x08004b69   Thumb Code   112  tasks.o(i.vTaskGetInfo)
    vTaskInternalSetTimeOutState             0x08004bdd   Thumb Code    12  tasks.o(i.vTaskInternalSetTimeOutState)
    vTaskMissedYield                         0x08004bed   Thumb Code     8  tasks.o(i.vTaskMissedYield)
    vTaskPlaceOnEventList                    0x08004bf9   Thumb Code    44  tasks.o(i.vTaskPlaceOnEventList)
    vTaskPlaceOnEventListRestricted          0x08004c29   Thumb Code    52  tasks.o(i.vTaskPlaceOnEventListRestricted)
    vTaskPriorityDisinheritAfterTimeout      0x08004c61   Thumb Code   134  tasks.o(i.vTaskPriorityDisinheritAfterTimeout)
    vTaskStartScheduler                      0x08004cf1   Thumb Code   118  tasks.o(i.vTaskStartScheduler)
    vTaskSuspendAll                          0x08004d79   Thumb Code    10  tasks.o(i.vTaskSuspendAll)
    vTaskSwitchContext                       0x08004d89   Thumb Code    90  tasks.o(i.vTaskSwitchContext)
    xPortGetFreeHeapSize                     0x08004ded   Thumb Code     6  heap_4.o(i.xPortGetFreeHeapSize)
    xPortGetMinimumEverFreeHeapSize          0x08004df9   Thumb Code     6  heap_4.o(i.xPortGetMinimumEverFreeHeapSize)
    xPortStartScheduler                      0x08004e05   Thumb Code   222  port.o(i.xPortStartScheduler)
    xPortSysTickHandler                      0x08004ef9   Thumb Code    38  port.o(i.xPortSysTickHandler)
    xQueueCreateCountingSemaphore            0x08004f25   Thumb Code    58  queue.o(i.xQueueCreateCountingSemaphore)
    xQueueCreateMutex                        0x08004f5f   Thumb Code    22  queue.o(i.xQueueCreateMutex)
    xQueueGenericCreate                      0x08004f75   Thumb Code    66  queue.o(i.xQueueGenericCreate)
    xQueueGenericCreateStatic                0x08004fb7   Thumb Code   102  queue.o(i.xQueueGenericCreateStatic)
    xQueueGenericReset                       0x0800501d   Thumb Code   132  queue.o(i.xQueueGenericReset)
    xQueueGenericSend                        0x080050a5   Thumb Code   346  queue.o(i.xQueueGenericSend)
    xQueueGenericSendFromISR                 0x08005205   Thumb Code   190  queue.o(i.xQueueGenericSendFromISR)
    xQueueReceive                            0x080052c5   Thumb Code   308  queue.o(i.xQueueReceive)
    xQueueSemaphoreTake                      0x080053fd   Thumb Code   372  queue.o(i.xQueueSemaphoreTake)
    xTaskCheckForTimeOut                     0x08005575   Thumb Code   112  tasks.o(i.xTaskCheckForTimeOut)
    xTaskCreate                              0x080055e9   Thumb Code    90  tasks.o(i.xTaskCreate)
    xTaskCreateStatic                        0x08005643   Thumb Code    86  tasks.o(i.xTaskCreateStatic)
    xTaskGetSchedulerState                   0x08005699   Thumb Code    22  tasks.o(i.xTaskGetSchedulerState)
    xTaskGetTickCount                        0x080056b5   Thumb Code     6  tasks.o(i.xTaskGetTickCount)
    xTaskIncrementTick                       0x080056c1   Thumb Code   192  tasks.o(i.xTaskIncrementTick)
    xTaskPriorityDisinherit                  0x08005789   Thumb Code   118  tasks.o(i.xTaskPriorityDisinherit)
    xTaskPriorityInherit                     0x08005809   Thumb Code   112  tasks.o(i.xTaskPriorityInherit)
    xTaskRemoveFromEventList                 0x08005881   Thumb Code    98  tasks.o(i.xTaskRemoveFromEventList)
    xTaskResumeAll                           0x080058f1   Thumb Code   182  tasks.o(i.xTaskResumeAll)
    xTimerCreateTimerTask                    0x080059b5   Thumb Code    78  timers.o(i.xTimerCreateTimerTask)
    xTimerGenericCommand                     0x08005a15   Thumb Code    98  timers.o(i.xTimerGenericCommand)
    defaultTask_attributes                   0x08005a7c   Data          36  freertos.o(.constdata)
    LEDTask_attributes                       0x08005aa0   Data          36  freertos.o(.constdata)
    UserStartTask_attributes                 0x08005ac4   Data          36  freertos.o(.constdata)
    AHBPrescTable                            0x08005ae8   Data          16  system_stm32f4xx.o(.constdata)
    APBPrescTable                            0x08005af8   Data           8  system_stm32f4xx.o(.constdata)
    Region$$Table$$Base                      0x08006044   Number         0  anon$$obj.o(Region$$Table)
    Region$$Table$$Limit                     0x08006064   Number         0  anon$$obj.o(Region$$Table)
    defaultTaskHandle                        0x20000000   Data           4  freertos.o(.data)
    LEDTaskHandle                            0x20000004   Data           4  freertos.o(.data)
    UserStartTaskHandle                      0x20000008   Data           4  freertos.o(.data)
    uwTickFreq                               0x2000000c   Data           1  stm32f4xx_hal.o(.data)
    uwTickPrio                               0x20000010   Data           4  stm32f4xx_hal.o(.data)
    uwTick                                   0x20000014   Data           4  stm32f4xx_hal.o(.data)
    SystemCoreClock                          0x20000018   Data           4  system_stm32f4xx.o(.data)
    pxCurrentTCB                             0x2000001c   Data           4  tasks.o(.data)
    eventgetTaskHandle                       0x200000b8   Data           4  application.o(.data)
    __stdout                                 0x200000c0   Data           4  stdout.o(.data)
    huart1                                   0x200000c4   Data          72  usart.o(.bss)
    huart2                                   0x2000010c   Data          72  usart.o(.bss)
    huart3                                   0x20000154   Data          72  usart.o(.bss)
    htim10                                   0x2000019c   Data          72  stm32f4xx_hal_timebase_tim.o(.bss)
    xQueueRegistry                           0x200001e4   Data          64  queue.o(.bss)
    g_aolkme_logger_state                    0x20010f60   Data          56  logger_core.o(.bss)
    __initial_sp                             0x20012098   Data           0  startup_stm32f407xx.o(STACK)



==============================================================================

Memory Map of the image

  Image Entry point : 0x08000189

  Load Region LR_IROM1 (Base: 0x08000000, Size: 0x00006128, Max: 0x00100000, ABSOLUTE)

    Execution Region ER_IROM1 (Exec base: 0x08000000, Load base: 0x08000000, Size: 0x00006064, Max: 0x00100000, ABSOLUTE)

    Exec Addr    Load Addr    Size         Type   Attr      Idx    E Section Name        Object

    0x08000000   0x08000000   0x00000188   Data   RO            3    RESET               startup_stm32f407xx.o
    0x08000188   0x08000188   0x00000000   Code   RO         5413  * .ARM.Collect$$$$00000000  mc_w.l(entry.o)
    0x08000188   0x08000188   0x00000004   Code   RO         5704    .ARM.Collect$$$$00000001  mc_w.l(entry2.o)
    0x0800018c   0x0800018c   0x00000004   Code   RO         5707    .ARM.Collect$$$$00000004  mc_w.l(entry5.o)
    0x08000190   0x08000190   0x00000000   Code   RO         5709    .ARM.Collect$$$$00000008  mc_w.l(entry7b.o)
    0x08000190   0x08000190   0x00000000   Code   RO         5711    .ARM.Collect$$$$0000000A  mc_w.l(entry8b.o)
    0x08000190   0x08000190   0x00000008   Code   RO         5712    .ARM.Collect$$$$0000000B  mc_w.l(entry9a.o)
    0x08000198   0x08000198   0x00000004   Code   RO         5719    .ARM.Collect$$$$0000000E  mc_w.l(entry12b.o)
    0x0800019c   0x0800019c   0x00000000   Code   RO         5714    .ARM.Collect$$$$0000000F  mc_w.l(entry10a.o)
    0x0800019c   0x0800019c   0x00000000   Code   RO         5716    .ARM.Collect$$$$00000011  mc_w.l(entry11a.o)
    0x0800019c   0x0800019c   0x00000004   Code   RO         5705    .ARM.Collect$$$$00002712  mc_w.l(entry2.o)
    0x080001a0   0x080001a0   0x000000be   Code   RO         4727    .emb_text           port.o
    0x0800025e   0x0800025e   0x00000002   PAD
    0x08000260   0x08000260   0x00000024   Code   RO            4    .text               startup_stm32f407xx.o
    0x08000284   0x08000284   0x00000062   Code   RO         5416    .text               mc_w.l(uldiv.o)
    0x080002e6   0x080002e6   0x00000020   Code   RO         5418    .text               mc_w.l(llushr.o)
    0x08000306   0x08000306   0x00000002   PAD
    0x08000308   0x08000308   0x00000024   Code   RO         5420    .text               mc_w.l(rand.o)
    0x0800032c   0x0800032c   0x00000024   Code   RO         5423    .text               mc_w.l(memcpya.o)
    0x08000350   0x08000350   0x00000024   Code   RO         5427    .text               mc_w.l(memseta.o)
    0x08000374   0x08000374   0x00000018   Code   RO         5429    .text               mc_w.l(strncpy.o)
    0x0800038c   0x0800038c   0x0000000e   Code   RO         5431    .text               mc_w.l(strlen.o)
    0x0800039a   0x0800039a   0x0000001c   Code   RO         5433    .text               mc_w.l(strcmp.o)
    0x080003b6   0x080003b6   0x0000001a   Code   RO         5435    .text               mc_w.l(memcmp.o)
    0x080003d0   0x080003d0   0x0000001e   Code   RO         5437    .text               mc_w.l(strncmp.o)
    0x080003ee   0x080003ee   0x0000002c   Code   RO         5721    .text               mc_w.l(uidiv.o)
    0x0800041a   0x0800041a   0x0000001e   Code   RO         5723    .text               mc_w.l(llshl.o)
    0x08000438   0x08000438   0x00000000   Code   RO         5725    .text               mc_w.l(iusefp.o)
    0x08000438   0x08000438   0x0000014e   Code   RO         5726    .text               mf_w.l(dadd.o)
    0x08000586   0x08000586   0x000000e4   Code   RO         5728    .text               mf_w.l(dmul.o)
    0x0800066a   0x0800066a   0x000000de   Code   RO         5730    .text               mf_w.l(ddiv.o)
    0x08000748   0x08000748   0x00000030   Code   RO         5732    .text               mf_w.l(dfixul.o)
    0x08000778   0x08000778   0x00000030   Code   RO         5734    .text               mf_w.l(cdrcmple.o)
    0x080007a8   0x080007a8   0x00000024   Code   RO         5736    .text               mc_w.l(init.o)
    0x080007cc   0x080007cc   0x00000024   Code   RO         5738    .text               mc_w.l(llsshr.o)
    0x080007f0   0x080007f0   0x000000ba   Code   RO         5740    .text               mf_w.l(depilogue.o)
    0x080008aa   0x080008aa   0x00000020   Code   RO         4933    i.A_Osal_BinarySemaphoreCreate  aolkme_osal.o
    0x080008ca   0x080008ca   0x0000001a   Code   RO         4934    i.A_Osal_GetRandomNum  aolkme_osal.o
    0x080008e4   0x080008e4   0x00000014   Code   RO         4935    i.A_Osal_GetTimeMs  aolkme_osal.o
    0x080008f8   0x080008f8   0x0000001c   Code   RO         4937    i.A_Osal_MutexCreate  aolkme_osal.o
    0x08000914   0x08000914   0x00000010   Code   RO         4938    i.A_Osal_MutexDestroy  aolkme_osal.o
    0x08000924   0x08000924   0x0000001c   Code   RO         4939    i.A_Osal_MutexLock  aolkme_osal.o
    0x08000940   0x08000940   0x0000001e   Code   RO         4940    i.A_Osal_MutexUnlock  aolkme_osal.o
    0x0800095e   0x0800095e   0x00000002   PAD
    0x08000960   0x08000960   0x00000028   Code   RO         5285    i.A_Osal_RegisterTaskStackSize  aolkmeosal_sysmon_freertos.o
    0x08000988   0x08000988   0x00000020   Code   RO         4948    i.A_Osal_SemaphoreCreate  aolkme_osal.o
    0x080009a8   0x080009a8   0x00000010   Code   RO         4949    i.A_Osal_SemaphoreDestroy  aolkme_osal.o
    0x080009b8   0x080009b8   0x0000001e   Code   RO         4950    i.A_Osal_SemaphorePost  aolkme_osal.o
    0x080009d6   0x080009d6   0x0000002a   Code   RO         4951    i.A_Osal_SemaphoreTimedWait  aolkme_osal.o
    0x08000a00   0x08000a00   0x0000000e   Code   RO         4952    i.A_Osal_SemaphoreWait  aolkme_osal.o
    0x08000a0e   0x08000a0e   0x00000020   Code   RO         5286    i.A_Osal_SystemMonitorGetResource  aolkmeosal_sysmon_freertos.o
    0x08000a2e   0x08000a2e   0x00000002   PAD
    0x08000a30   0x08000a30   0x000000b8   Code   RO         5287    i.A_Osal_SystemMonitorGetTaskList  aolkmeosal_sysmon_freertos.o
    0x08000ae8   0x08000ae8   0x00000028   Code   RO         5288    i.A_Osal_SystemMonitorInit  aolkmeosal_sysmon_freertos.o
    0x08000b10   0x08000b10   0x00000044   Code   RO         5289    i.A_Osal_SystemMonitorStart  aolkmeosal_sysmon_freertos.o
    0x08000b54   0x08000b54   0x0000004e   Code   RO         4953    i.A_Osal_TaskCreate  aolkme_osal.o
    0x08000ba2   0x08000ba2   0x00000010   Code   RO         4954    i.A_Osal_TaskDestroy  aolkme_osal.o
    0x08000bb2   0x08000bb2   0x0000000e   Code   RO         4955    i.A_Osal_TaskSleepMs  aolkme_osal.o
    0x08000bc0   0x08000bc0   0x00000020   Code   RO         4804    i.AolkmeCore_GetState  aolkme_core.o
    0x08000be0   0x08000be0   0x00000058   Code   RO         4805    i.AolkmeCore_TransitionState  aolkme_core.o
    0x08000c38   0x08000c38   0x000000ac   Code   RO         4806    i.AolkmeCore_VerifyUserInfo  aolkme_core.o
    0x08000ce4   0x08000ce4   0x00000050   Code   RO         5096    i.AolkmeEvent_GetStatus  aolkme_event.o
    0x08000d34   0x08000d34   0x00000110   Code   RO         5097    i.AolkmeEvent_Init  aolkme_event.o
    0x08000e44   0x08000e44   0x0000007c   Code   RO         5098    i.AolkmeEvent_PublishEvent  aolkme_event.o
    0x08000ec0   0x08000ec0   0x00000070   Code   RO         5099    i.AolkmeEvent_SubscribeEvent  aolkme_event.o
    0x08000f30   0x08000f30   0x00000004   Code   RO         5171    i.AolkmeGetBlockSize  logger_buffer.o
    0x08000f34   0x08000f34   0x00000090   Code   RO         5224    i.AolkmeLogger_AddOutput  logger_core.o
    0x08000fc4   0x08000fc4   0x000000d8   Code   RO         5174    i.AolkmeLogger_BufferFlushTask  logger_buffer.o
    0x0800109c   0x0800109c   0x0000013c   Code   RO         5175    i.AolkmeLogger_BufferInit  logger_buffer.o
    0x080011d8   0x080011d8   0x00000090   Code   RO         5226    i.AolkmeLogger_Init  logger_core.o
    0x08001268   0x08001268   0x00000090   Code   RO         5291    i.AolkmeMonitorTask  aolkmeosal_sysmon_freertos.o
    0x080012f8   0x080012f8   0x0000003c   Code   RO         4856    i.AolkmePlatform_GetOSALHandle  aolkme_platform.o
    0x08001334   0x08001334   0x00000040   Code   RO         4859    i.AolkmePlatform_RegOSALHandle  aolkme_platform.o
    0x08001374   0x08001374   0x00000018   Code   RO         5362    i.AolkmeUser_PrintConsole  application.o
    0x0800138c   0x0800138c   0x000002bc   Code   RO         5363    i.AolkmeUser_StartTask  application.o
    0x08001648   0x08001648   0x00000044   Code   RO         4807    i.Aolkme_Core_Application_Start  aolkme_core.o
    0x0800168c   0x0800168c   0x00000108   Code   RO         4809    i.Aolkme_Core_Init  aolkme_core.o
    0x08001794   0x08001794   0x000000e4   Code   RO         4888    i.Aolkme_GenerateKey  aolkme_verify.o
    0x08001878   0x08001878   0x00000080   Code   RO         4889    i.Aolkme_VerifyKey  aolkme_verify.o
    0x080018f8   0x080018f8   0x00000002   Code   RO          380    i.BusFault_Handler  stm32f4xx_it.o
    0x080018fa   0x080018fa   0x00000002   Code   RO          381    i.DebugMon_Handler  stm32f4xx_it.o
    0x080018fc   0x080018fc   0x00000004   Code   RO           47    i.Error_Handler     main.o
    0x08001900   0x08001900   0x00000092   Code   RO         1960    i.HAL_DMA_Abort     stm32f4xx_hal_dma.o
    0x08001992   0x08001992   0x00000024   Code   RO         1961    i.HAL_DMA_Abort_IT  stm32f4xx_hal_dma.o
    0x080019b6   0x080019b6   0x00000002   PAD
    0x080019b8   0x080019b8   0x000001f0   Code   RO         1853    i.HAL_GPIO_Init     stm32f4xx_hal_gpio.o
    0x08001ba8   0x08001ba8   0x00000010   Code   RO         1856    i.HAL_GPIO_TogglePin  stm32f4xx_hal_gpio.o
    0x08001bb8   0x08001bb8   0x0000000a   Code   RO         1857    i.HAL_GPIO_WritePin  stm32f4xx_hal_gpio.o
    0x08001bc2   0x08001bc2   0x00000002   PAD
    0x08001bc4   0x08001bc4   0x0000000c   Code   RO         2403    i.HAL_GetTick       stm32f4xx_hal.o
    0x08001bd0   0x08001bd0   0x00000010   Code   RO         2409    i.HAL_IncTick       stm32f4xx_hal.o
    0x08001be0   0x08001be0   0x00000034   Code   RO         2410    i.HAL_Init          stm32f4xx_hal.o
    0x08001c14   0x08001c14   0x0000008c   Code   RO          486    i.HAL_InitTick      stm32f4xx_hal_timebase_tim.o
    0x08001ca0   0x08001ca0   0x00000038   Code   RO          462    i.HAL_MspInit       stm32f4xx_hal_msp.o
    0x08001cd8   0x08001cd8   0x0000001a   Code   RO         2245    i.HAL_NVIC_EnableIRQ  stm32f4xx_hal_cortex.o
    0x08001cf2   0x08001cf2   0x00000002   PAD
    0x08001cf4   0x08001cf4   0x00000040   Code   RO         2251    i.HAL_NVIC_SetPriority  stm32f4xx_hal_cortex.o
    0x08001d34   0x08001d34   0x00000024   Code   RO         2252    i.HAL_NVIC_SetPriorityGrouping  stm32f4xx_hal_cortex.o
    0x08001d58   0x08001d58   0x00000134   Code   RO         1499    i.HAL_RCC_ClockConfig  stm32f4xx_hal_rcc.o
    0x08001e8c   0x08001e8c   0x00000040   Code   RO         1503    i.HAL_RCC_GetClockConfig  stm32f4xx_hal_rcc.o
    0x08001ecc   0x08001ecc   0x00000020   Code   RO         1506    i.HAL_RCC_GetPCLK1Freq  stm32f4xx_hal_rcc.o
    0x08001eec   0x08001eec   0x00000020   Code   RO         1507    i.HAL_RCC_GetPCLK2Freq  stm32f4xx_hal_rcc.o
    0x08001f0c   0x08001f0c   0x00000060   Code   RO         1508    i.HAL_RCC_GetSysClockFreq  stm32f4xx_hal_rcc.o
    0x08001f6c   0x08001f6c   0x0000036c   Code   RO         1511    i.HAL_RCC_OscConfig  stm32f4xx_hal_rcc.o
    0x080022d8   0x080022d8   0x00000002   Code   RO         1231    i.HAL_TIMEx_BreakCallback  stm32f4xx_hal_tim_ex.o
    0x080022da   0x080022da   0x00000002   Code   RO         1232    i.HAL_TIMEx_CommutCallback  stm32f4xx_hal_tim_ex.o
    0x080022dc   0x080022dc   0x0000005a   Code   RO          527    i.HAL_TIM_Base_Init  stm32f4xx_hal_tim.o
    0x08002336   0x08002336   0x00000002   Code   RO          529    i.HAL_TIM_Base_MspInit  stm32f4xx_hal_tim.o
    0x08002338   0x08002338   0x00000080   Code   RO          532    i.HAL_TIM_Base_Start_IT  stm32f4xx_hal_tim.o
    0x080023b8   0x080023b8   0x00000002   Code   RO          561    i.HAL_TIM_IC_CaptureCallback  stm32f4xx_hal_tim.o
    0x080023ba   0x080023ba   0x00000130   Code   RO          575    i.HAL_TIM_IRQHandler  stm32f4xx_hal_tim.o
    0x080024ea   0x080024ea   0x00000002   Code   RO          578    i.HAL_TIM_OC_DelayElapsedCallback  stm32f4xx_hal_tim.o
    0x080024ec   0x080024ec   0x00000002   Code   RO          605    i.HAL_TIM_PWM_PulseFinishedCallback  stm32f4xx_hal_tim.o
    0x080024ee   0x080024ee   0x00000002   PAD
    0x080024f0   0x080024f0   0x00000014   Code   RO           48    i.HAL_TIM_PeriodElapsedCallback  main.o
    0x08002504   0x08002504   0x00000002   Code   RO          618    i.HAL_TIM_TriggerCallback  stm32f4xx_hal_tim.o
    0x08002506   0x08002506   0x00000002   Code   RO         2660    i.HAL_UARTEx_RxEventCallback  stm32f4xx_hal_uart.o
    0x08002508   0x08002508   0x00000002   Code   RO         2674    i.HAL_UART_ErrorCallback  stm32f4xx_hal_uart.o
    0x0800250a   0x0800250a   0x00000002   PAD
    0x0800250c   0x0800250c   0x00000280   Code   RO         2677    i.HAL_UART_IRQHandler  stm32f4xx_hal_uart.o
    0x0800278c   0x0800278c   0x00000064   Code   RO         2678    i.HAL_UART_Init     stm32f4xx_hal_uart.o
    0x080027f0   0x080027f0   0x0000011c   Code   RO          327    i.HAL_UART_MspInit  usart.o
    0x0800290c   0x0800290c   0x00000002   Code   RO         2684    i.HAL_UART_RxCpltCallback  stm32f4xx_hal_uart.o
    0x0800290e   0x0800290e   0x000000a0   Code   RO         2686    i.HAL_UART_Transmit  stm32f4xx_hal_uart.o
    0x080029ae   0x080029ae   0x00000002   Code   RO         2689    i.HAL_UART_TxCpltCallback  stm32f4xx_hal_uart.o
    0x080029b0   0x080029b0   0x00000002   Code   RO          382    i.HardFault_Handler  stm32f4xx_it.o
    0x080029b2   0x080029b2   0x00000002   PAD
    0x080029b4   0x080029b4   0x00000044   Code   RO          253    i.MX_FREERTOS_Init  freertos.o
    0x080029f8   0x080029f8   0x00000080   Code   RO          229    i.MX_GPIO_Init      gpio.o
    0x08002a78   0x08002a78   0x00000038   Code   RO          328    i.MX_USART1_UART_Init  usart.o
    0x08002ab0   0x08002ab0   0x00000038   Code   RO          329    i.MX_USART2_UART_Init  usart.o
    0x08002ae8   0x08002ae8   0x00000038   Code   RO          330    i.MX_USART3_UART_Init  usart.o
    0x08002b20   0x08002b20   0x00000002   Code   RO          383    i.MemManage_Handler  stm32f4xx_it.o
    0x08002b22   0x08002b22   0x00000002   Code   RO          384    i.NMI_Handler       stm32f4xx_it.o
    0x08002b24   0x08002b24   0x00000004   Code   RO         4956    i.Osal_Free         aolkme_osal.o
    0x08002b28   0x08002b28   0x00000004   Code   RO         4957    i.Osal_Malloc       aolkme_osal.o
    0x08002b2c   0x08002b2c   0x00000008   Code   RO          254    i.StartDefaultTask  freertos.o
    0x08002b34   0x08002b34   0x0000001a   Code   RO         4159    i.SysTick_Handler   cmsis_os2.o
    0x08002b4e   0x08002b4e   0x00000002   PAD
    0x08002b50   0x08002b50   0x00000094   Code   RO           49    i.SystemClock_Config  main.o
    0x08002be4   0x08002be4   0x00000010   Code   RO         3012    i.SystemInit        system_stm32f4xx.o
    0x08002bf4   0x08002bf4   0x00000130   Code   RO         5292    i.SystemMonitorEventHandler  aolkmeosal_sysmon_freertos.o
    0x08002d24   0x08002d24   0x0000000c   Code   RO          385    i.TIM1_UP_TIM10_IRQHandler  stm32f4xx_it.o
    0x08002d30   0x08002d30   0x000000d0   Code   RO          620    i.TIM_Base_SetConfig  stm32f4xx_hal_tim.o
    0x08002e00   0x08002e00   0x0000000e   Code   RO         2691    i.UART_DMAAbortOnError  stm32f4xx_hal_uart.o
    0x08002e0e   0x08002e0e   0x0000004e   Code   RO         2701    i.UART_EndRxTransfer  stm32f4xx_hal_uart.o
    0x08002e5c   0x08002e5c   0x000000c2   Code   RO         2703    i.UART_Receive_IT   stm32f4xx_hal_uart.o
    0x08002f1e   0x08002f1e   0x00000002   PAD
    0x08002f20   0x08002f20   0x0000010c   Code   RO         2704    i.UART_SetConfig    stm32f4xx_hal_uart.o
    0x0800302c   0x0800302c   0x00000072   Code   RO         2707    i.UART_WaitOnFlagUntilTimeout  stm32f4xx_hal_uart.o
    0x0800309e   0x0800309e   0x00000002   PAD
    0x080030a0   0x080030a0   0x0000000c   Code   RO          386    i.USART1_IRQHandler  stm32f4xx_it.o
    0x080030ac   0x080030ac   0x0000000c   Code   RO          387    i.USART2_IRQHandler  stm32f4xx_it.o
    0x080030b8   0x080030b8   0x0000000c   Code   RO          388    i.USART3_IRQHandler  stm32f4xx_it.o
    0x080030c4   0x080030c4   0x00000002   Code   RO          389    i.UsageFault_Handler  stm32f4xx_it.o
    0x080030c6   0x080030c6   0x00000002   PAD
    0x080030c8   0x080030c8   0x00000020   Code   RO         5676    i.__0printf         mc_w.l(printfa.o)
    0x080030e8   0x080030e8   0x00000020   Code   RO         2258    i.__NVIC_SetPriority  stm32f4xx_hal_cortex.o
    0x08003108   0x08003108   0x0000000e   Code   RO         5744    i.__scatterload_copy  mc_w.l(handlers.o)
    0x08003116   0x08003116   0x00000002   Code   RO         5745    i.__scatterload_null  mc_w.l(handlers.o)
    0x08003118   0x08003118   0x0000000e   Code   RO         5746    i.__scatterload_zeroinit  mc_w.l(handlers.o)
    0x08003126   0x08003126   0x00000002   PAD
    0x08003128   0x08003128   0x00000184   Code   RO         5683    i._fp_digits        mc_w.l(printfa.o)
    0x080032ac   0x080032ac   0x000006b4   Code   RO         5684    i._printf_core      mc_w.l(printfa.o)
    0x08003960   0x08003960   0x00000024   Code   RO         5685    i._printf_post_padding  mc_w.l(printfa.o)
    0x08003984   0x08003984   0x0000002e   Code   RO         5686    i._printf_pre_padding  mc_w.l(printfa.o)
    0x080039b2   0x080039b2   0x0000001e   Code   RO         4890    i.b32val            aolkme_verify.o
    0x080039d0   0x080039d0   0x00000038   Code   RO         4891    i.crc16_ccitt       aolkme_verify.o
    0x08003a08   0x08003a08   0x00000074   Code   RO         3618    i.eTaskGetState     tasks.o
    0x08003a7c   0x08003a7c   0x00000014   Code   RO         5364    i.event_get         application.o
    0x08003a90   0x08003a90   0x000000b0   Code   RO         5101    i.event_processing_task  aolkme_event.o
    0x08003b40   0x08003b40   0x00000024   Code   RO         5102    i.event_system_lock  aolkme_event.o
    0x08003b64   0x08003b64   0x00000024   Code   RO         5103    i.event_system_unlock  aolkme_event.o
    0x08003b88   0x08003b88   0x00000014   Code   RO         4892    i.fnv1a64_span      aolkme_verify.o
    0x08003b9c   0x08003b9c   0x00000026   Code   RO         4893    i.fnv1a64_update    aolkme_verify.o
    0x08003bc2   0x08003bc2   0x00000002   PAD
    0x08003bc4   0x08003bc4   0x00000018   Code   RO           50    i.fputc             main.o
    0x08003bdc   0x08003bdc   0x00000026   Code   RO         5104    i.free_event_data   aolkme_event.o
    0x08003c02   0x08003c02   0x00000002   PAD
    0x08003c04   0x08003c04   0x0000001c   Code   RO          255    i.led_Task          freertos.o
    0x08003c20   0x08003c20   0x00000026   Code   RO           51    i.main              main.o
    0x08003c46   0x08003c46   0x00000002   PAD
    0x08003c48   0x08003c48   0x00000088   Code   RO         4894    i.make_fingerprint_120bit  aolkme_verify.o
    0x08003cd0   0x08003cd0   0x0000001a   Code   RO         4161    i.osDelay           cmsis_os2.o
    0x08003cea   0x08003cea   0x00000002   PAD
    0x08003cec   0x08003cec   0x00000024   Code   RO         4175    i.osKernelInitialize  cmsis_os2.o
    0x08003d10   0x08003d10   0x00000038   Code   RO         4178    i.osKernelStart     cmsis_os2.o
    0x08003d48   0x08003d48   0x00000008   Code   RO         4209    i.osThreadExit      cmsis_os2.o
    0x08003d50   0x08003d50   0x0000008a   Code   RO         4220    i.osThreadNew       cmsis_os2.o
    0x08003dda   0x08003dda   0x00000002   PAD
    0x08003ddc   0x08003ddc   0x0000005c   Code   RO         3620    i.prvAddCurrentTaskToDelayedList  tasks.o
    0x08003e38   0x08003e38   0x000000d0   Code   RO         3621    i.prvAddNewTaskToReadyList  tasks.o
    0x08003f08   0x08003f08   0x00000058   Code   RO         3985    i.prvCheckForValidListAndQueue  timers.o
    0x08003f60   0x08003f60   0x00000026   Code   RO         3217    i.prvCopyDataFromQueue  queue.o
    0x08003f86   0x08003f86   0x0000006c   Code   RO         3218    i.prvCopyDataToQueue  queue.o
    0x08003ff2   0x08003ff2   0x00000034   Code   RO         3622    i.prvDeleteTCB      tasks.o
    0x08004026   0x08004026   0x00000002   PAD
    0x08004028   0x08004028   0x0000004c   Code   RO         4672    i.prvHeapInit       heap_4.o
    0x08004074   0x08004074   0x00000060   Code   RO         3623    i.prvIdleTask       tasks.o
    0x080040d4   0x080040d4   0x00000016   Code   RO         3219    i.prvInitialiseMutex  queue.o
    0x080040ea   0x080040ea   0x00000002   PAD
    0x080040ec   0x080040ec   0x00000022   Code   RO         3220    i.prvInitialiseNewQueue  queue.o
    0x0800410e   0x0800410e   0x00000002   PAD
    0x08004110   0x08004110   0x000000b0   Code   RO         3624    i.prvInitialiseNewTask  tasks.o
    0x080041c0   0x080041c0   0x0000004c   Code   RO         4673    i.prvInsertBlockIntoFreeList  heap_4.o
    0x0800420c   0x0800420c   0x00000038   Code   RO         3987    i.prvInsertTimerInActiveList  timers.o
    0x08004244   0x08004244   0x0000001c   Code   RO         3221    i.prvIsQueueEmpty   queue.o
    0x08004260   0x08004260   0x00000058   Code   RO         3625    i.prvListTasksWithinSingleList  tasks.o
    0x080042b8   0x080042b8   0x000000fc   Code   RO         3988    i.prvProcessReceivedCommands  timers.o
    0x080043b4   0x080043b4   0x000000c0   Code   RO         3989    i.prvProcessTimerOrBlockTask  timers.o
    0x08004474   0x08004474   0x00000020   Code   RO         3626    i.prvResetNextTaskUnblockTime  tasks.o
    0x08004494   0x08004494   0x00000028   Code   RO         3990    i.prvSampleTimeNow  timers.o
    0x080044bc   0x080044bc   0x0000006c   Code   RO         3991    i.prvSwitchTimerLists  timers.o
    0x08004528   0x08004528   0x00000014   Code   RO         3627    i.prvTaskCheckFreeStackSpace  tasks.o
    0x0800453c   0x0800453c   0x00000028   Code   RO         4728    i.prvTaskExitError  port.o
    0x08004564   0x08004564   0x00000024   Code   RO         3992    i.prvTimerTask      timers.o
    0x08004588   0x08004588   0x0000006a   Code   RO         3222    i.prvUnlockQueue    queue.o
    0x080045f2   0x080045f2   0x00000002   PAD
    0x080045f4   0x080045f4   0x000000dc   Code   RO         4674    i.pvPortMalloc      heap_4.o
    0x080046d0   0x080046d0   0x00000018   Code   RO         3629    i.pvTaskIncrementMutexHeldCount  tasks.o
    0x080046e8   0x080046e8   0x0000002c   Code   RO         4729    i.pxPortInitialiseStack  port.o
    0x08004714   0x08004714   0x00000026   Code   RO         3177    i.uxListRemove      list.o
    0x0800473a   0x0800473a   0x00000002   PAD
    0x0800473c   0x0800473c   0x0000000c   Code   RO         3632    i.uxTaskGetNumberOfTasks  tasks.o
    0x08004748   0x08004748   0x000000ac   Code   RO         3634    i.uxTaskGetSystemState  tasks.o
    0x080047f4   0x080047f4   0x00000014   Code   RO         4232    i.vApplicationGetIdleTaskMemory  cmsis_os2.o
    0x08004808   0x08004808   0x00000018   Code   RO         4233    i.vApplicationGetTimerTaskMemory  cmsis_os2.o
    0x08004820   0x08004820   0x00000016   Code   RO         3178    i.vListInitialise   list.o
    0x08004836   0x08004836   0x00000006   Code   RO         3179    i.vListInitialiseItem  list.o
    0x0800483c   0x0800483c   0x00000030   Code   RO         3180    i.vListInsert       list.o
    0x0800486c   0x0800486c   0x00000018   Code   RO         3181    i.vListInsertEnd    list.o
    0x08004884   0x08004884   0x00000040   Code   RO         4731    i.vPortEnterCritical  port.o
    0x080048c4   0x080048c4   0x00000028   Code   RO         4732    i.vPortExitCritical  port.o
    0x080048ec   0x080048ec   0x00000064   Code   RO         4675    i.vPortFree         heap_4.o
    0x08004950   0x08004950   0x00000024   Code   RO         4733    i.vPortSetupTimerInterrupt  port.o
    0x08004974   0x08004974   0x00000054   Code   RO         4734    i.vPortValidateInterruptPriority  port.o
    0x080049c8   0x080049c8   0x00000028   Code   RO         3228    i.vQueueAddToRegistry  queue.o
    0x080049f0   0x080049f0   0x0000002e   Code   RO         3229    i.vQueueDelete      queue.o
    0x08004a1e   0x08004a1e   0x00000002   PAD
    0x08004a20   0x08004a20   0x00000028   Code   RO         3231    i.vQueueUnregisterQueue  queue.o
    0x08004a48   0x08004a48   0x00000044   Code   RO         3232    i.vQueueWaitForMessageRestricted  queue.o
    0x08004a8c   0x08004a8c   0x0000004c   Code   RO         3639    i.vTaskDelay        tasks.o
    0x08004ad8   0x08004ad8   0x00000090   Code   RO         3641    i.vTaskDelete       tasks.o
    0x08004b68   0x08004b68   0x00000074   Code   RO         3643    i.vTaskGetInfo      tasks.o
    0x08004bdc   0x08004bdc   0x00000010   Code   RO         3644    i.vTaskInternalSetTimeOutState  tasks.o
    0x08004bec   0x08004bec   0x0000000c   Code   RO         3645    i.vTaskMissedYield  tasks.o
    0x08004bf8   0x08004bf8   0x00000030   Code   RO         3647    i.vTaskPlaceOnEventList  tasks.o
    0x08004c28   0x08004c28   0x00000038   Code   RO         3648    i.vTaskPlaceOnEventListRestricted  tasks.o
    0x08004c60   0x08004c60   0x00000090   Code   RO         3650    i.vTaskPriorityDisinheritAfterTimeout  tasks.o
    0x08004cf0   0x08004cf0   0x00000088   Code   RO         3656    i.vTaskStartScheduler  tasks.o
    0x08004d78   0x08004d78   0x00000010   Code   RO         3658    i.vTaskSuspendAll   tasks.o
    0x08004d88   0x08004d88   0x00000064   Code   RO         3659    i.vTaskSwitchContext  tasks.o
    0x08004dec   0x08004dec   0x0000000c   Code   RO         4678    i.xPortGetFreeHeapSize  heap_4.o
    0x08004df8   0x08004df8   0x0000000c   Code   RO         4679    i.xPortGetMinimumEverFreeHeapSize  heap_4.o
    0x08004e04   0x08004e04   0x000000f4   Code   RO         4735    i.xPortStartScheduler  port.o
    0x08004ef8   0x08004ef8   0x0000002c   Code   RO         4736    i.xPortSysTickHandler  port.o
    0x08004f24   0x08004f24   0x0000003a   Code   RO         3233    i.xQueueCreateCountingSemaphore  queue.o
    0x08004f5e   0x08004f5e   0x00000016   Code   RO         3235    i.xQueueCreateMutex  queue.o
    0x08004f74   0x08004f74   0x00000042   Code   RO         3237    i.xQueueGenericCreate  queue.o
    0x08004fb6   0x08004fb6   0x00000066   Code   RO         3238    i.xQueueGenericCreateStatic  queue.o
    0x0800501c   0x0800501c   0x00000088   Code   RO         3239    i.xQueueGenericReset  queue.o
    0x080050a4   0x080050a4   0x00000160   Code   RO         3240    i.xQueueGenericSend  queue.o
    0x08005204   0x08005204   0x000000be   Code   RO         3241    i.xQueueGenericSendFromISR  queue.o
    0x080052c2   0x080052c2   0x00000002   PAD
    0x080052c4   0x080052c4   0x00000138   Code   RO         3250    i.xQueueReceive     queue.o
    0x080053fc   0x080053fc   0x00000178   Code   RO         3252    i.xQueueSemaphoreTake  queue.o
    0x08005574   0x08005574   0x00000074   Code   RO         3661    i.xTaskCheckForTimeOut  tasks.o
    0x080055e8   0x080055e8   0x0000005a   Code   RO         3662    i.xTaskCreate       tasks.o
    0x08005642   0x08005642   0x00000056   Code   RO         3663    i.xTaskCreateStatic  tasks.o
    0x08005698   0x08005698   0x0000001c   Code   RO         3667    i.xTaskGetSchedulerState  tasks.o
    0x080056b4   0x080056b4   0x0000000c   Code   RO         3668    i.xTaskGetTickCount  tasks.o
    0x080056c0   0x080056c0   0x000000c8   Code   RO         3670    i.xTaskIncrementTick  tasks.o
    0x08005788   0x08005788   0x00000080   Code   RO         3673    i.xTaskPriorityDisinherit  tasks.o
    0x08005808   0x08005808   0x00000078   Code   RO         3674    i.xTaskPriorityInherit  tasks.o
    0x08005880   0x08005880   0x00000070   Code   RO         3675    i.xTaskRemoveFromEventList  tasks.o
    0x080058f0   0x080058f0   0x000000c4   Code   RO         3676    i.xTaskResumeAll    tasks.o
    0x080059b4   0x080059b4   0x00000060   Code   RO         4001    i.xTimerCreateTimerTask  timers.o
    0x08005a14   0x08005a14   0x00000068   Code   RO         4002    i.xTimerGenericCommand  timers.o
    0x08005a7c   0x08005a7c   0x0000006c   Data   RO          256    .constdata          freertos.o
    0x08005ae8   0x08005ae8   0x00000010   Data   RO         3013    .constdata          system_stm32f4xx.o
    0x08005af8   0x08005af8   0x00000008   Data   RO         3014    .constdata          system_stm32f4xx.o
    0x08005b00   0x08005b00   0x00000420   Data   RO         4811    .constdata          aolkme_core.o
    0x08005f20   0x08005f20   0x00000041   Data   RO         4895    .constdata          aolkme_verify.o
    0x08005f61   0x08005f61   0x00000003   PAD
    0x08005f64   0x08005f64   0x00000072   Data   RO         5365    .constdata          application.o
    0x08005fd6   0x08005fd6   0x00000002   PAD
    0x08005fd8   0x08005fd8   0x0000001f   Data   RO          257    .conststring        freertos.o
    0x08005ff7   0x08005ff7   0x00000001   PAD
    0x08005ff8   0x08005ff8   0x0000004a   Data   RO         4812    .conststring        aolkme_core.o
    0x08006042   0x08006042   0x00000002   PAD
    0x08006044   0x08006044   0x00000020   Data   RO         5742    Region$$Table       anon$$obj.o


    Execution Region RW_IRAM1 (Exec base: 0x20000000, Load base: 0x08006064, Size: 0x00012098, Max: 0x0001c000, ABSOLUTE)

    Exec Addr    Load Addr    Size         Type   Attr      Idx    E Section Name        Object

    0x20000000   0x08006064   0x0000000c   Data   RW          258    .data               freertos.o
    0x2000000c   0x08006070   0x0000000c   Data   RW         2417    .data               stm32f4xx_hal.o
    0x20000018   0x0800607c   0x00000004   Data   RW         3015    .data               system_stm32f4xx.o
    0x2000001c   0x08006080   0x0000003c   Data   RW         3679    .data               tasks.o
    0x20000058   0x080060bc   0x00000014   Data   RW         4010    .data               timers.o
    0x2000006c   0x080060d0   0x00000004   Data   RW         4235    .data               cmsis_os2.o
    0x20000070   0x080060d4   0x00000020   Data   RW         4681    .data               heap_4.o
    0x20000090   0x080060f4   0x0000000c   Data   RW         4737    .data               port.o
    0x2000009c   0x08006100   0x00000004   Data   RW         4860    .data               aolkme_platform.o
    0x200000a0   0x08006104   0x00000010   Data   RW         5177    .data               logger_buffer.o
    0x200000b0   0x08006114   0x00000008   Data   RW         5294    .data               aolkmeosal_sysmon_freertos.o
    0x200000b8   0x0800611c   0x00000004   Data   RW         5366    .data               application.o
    0x200000bc   0x08006120   0x00000004   Data   RW         5421    .data               mc_w.l(rand.o)
    0x200000c0   0x08006124   0x00000004   Data   RW         5720    .data               mc_w.l(stdout.o)
    0x200000c4        -       0x000000d8   Zero   RW          331    .bss                usart.o
    0x2000019c        -       0x00000048   Zero   RW          489    .bss                stm32f4xx_hal_timebase_tim.o
    0x200001e4        -       0x00000040   Zero   RW         3254    .bss                queue.o
    0x20000224        -       0x000004c4   Zero   RW         3678    .bss                tasks.o
    0x200006e8        -       0x00000118   Zero   RW         4009    .bss                timers.o
    0x20000800        -       0x000006b8   Zero   RW         4234    .bss                cmsis_os2.o
    0x20000eb8        -       0x00010000   Zero   RW         4680    .bss                heap_4.o
    0x20010eb8        -       0x00000088   Zero   RW         4810    .bss                aolkme_core.o
    0x20010f40        -       0x00000020   Zero   RW         5105    .bss                aolkme_event.o
    0x20010f60        -       0x00000038   Zero   RW         5228    .bss                logger_core.o
    0x20010f98        -       0x00000100   Zero   RW         5293    .bss                aolkmeosal_sysmon_freertos.o
    0x20011098        -       0x00001000   Zero   RW            1    STACK               startup_stm32f407xx.o


    Execution Region RW_IRAM2 (Exec base: 0x2001c000, Load base: 0x08006128, Size: 0x00000000, Max: 0x00004000, ABSOLUTE)

    **** No section assigned to this execution region ****


==============================================================================

Image component sizes


      Code (inc. data)   RO Data    RW Data    ZI Data      Debug   Object Name

       624        366       1130          0        136       5186   aolkme_core.o
       874         80          0          0         32       8627   aolkme_event.o
       430          0          0          0          0      12216   aolkme_osal.o
       124         80          0          4          0       1814   aolkme_platform.o
       636         26         65          0          0       6804   aolkme_verify.o
       812        244          0          8        256       8176   aolkmeosal_sysmon_freertos.o
       744        420        114          4          0       4856   application.o
         0          0          0          0          0       4524   armlib_lock_glue.o
       334         22          0          4       1720      65714   cmsis_os2.o
         0          0          0          0          0      19472   event_groups.o
       104         28        139         12          0       7230   freertos.o
       128          8          0          0          0        955   gpio.o
       496         36          0         32      65536       6056   heap_4.o
       138          0          0          0          0       3542   list.o
       536        302          0         16          0       3527   logger_buffer.o
       288        160          0          0         56       2901   logger_core.o
       234         20          0          0          0     705084   main.o
       786         82          0         12          0      11481   port.o
      2144         28          0          0         64      23699   queue.o
        36          8        392          0       4096        832   startup_stm32f407xx.o
        80         14          0         12          0       8066   stm32f4xx_hal.o
       158         14          0          0          0      33030   stm32f4xx_hal_cortex.o
       182          0          0          0          0       2091   stm32f4xx_hal_dma.o
       522         46          0          0          0       2829   stm32f4xx_hal_gpio.o
        56          4          0          0          0        862   stm32f4xx_hal_msp.o
      1408         82          0          0          0       5905   stm32f4xx_hal_rcc.o
       740         72          0          0          0       7484   stm32f4xx_hal_tim.o
         4          0          0          0          0       1629   stm32f4xx_hal_tim_ex.o
       140         20          0          0         72       1428   stm32f4xx_hal_timebase_tim.o
      1576         14          0          0          0      10500   stm32f4xx_hal_uart.o
        60         24          0          0          0       4648   stm32f4xx_it.o
         0          0          0          0          0        408   stream_buffer.o
        16          4         24          4          0       1123   system_stm32f4xx.o
      3040        240          0         60       1220      35350   tasks.o
       972         80          0         20        280      32119   timers.o
       452         50          0          0        216       3144   usart.o

    ----------------------------------------------------------------------
     18924       2574       1904        188      73684    1053312   Object Totals
         0          0         32          0          0          0   (incl. Generated)
        50          0          8          0          0          0   (incl. Padding)

    ----------------------------------------------------------------------

      Code (inc. data)   RO Data    RW Data    ZI Data      Debug   Library Member Name

         0          0          0          0          0          0   entry.o
         0          0          0          0          0          0   entry10a.o
         0          0          0          0          0          0   entry11a.o
         4          0          0          0          0          0   entry12b.o
         8          4          0          0          0          0   entry2.o
         4          0          0          0          0          0   entry5.o
         0          0          0          0          0          0   entry7b.o
         0          0          0          0          0          0   entry8b.o
         8          4          0          0          0          0   entry9a.o
        30          0          0          0          0          0   handlers.o
        36          8          0          0          0         68   init.o
         0          0          0          0          0          0   iusefp.o
        30          0          0          0          0         68   llshl.o
        36          0          0          0          0         68   llsshr.o
        32          0          0          0          0         68   llushr.o
        26          0          0          0          0         80   memcmp.o
        36          0          0          0          0         68   memcpya.o
        36          0          0          0          0        108   memseta.o
      2218         90          0          0          0        464   printfa.o
        36         10          0          4          0        136   rand.o
         0          0          0          4          0          0   stdout.o
        28          0          0          0          0         76   strcmp.o
        14          0          0          0          0         68   strlen.o
        30          0          0          0          0         80   strncmp.o
        24          0          0          0          0         76   strncpy.o
        44          0          0          0          0         80   uidiv.o
        98          0          0          0          0         92   uldiv.o
        48          0          0          0          0         68   cdrcmple.o
       334          0          0          0          0        148   dadd.o
       222          0          0          0          0        100   ddiv.o
       186          0          0          0          0        176   depilogue.o
        48          0          0          0          0         68   dfixul.o
       228          0          0          0          0         96   dmul.o

    ----------------------------------------------------------------------
      3848        116          0          8          0       2256   Library Totals
         4          0          0          0          0          0   (incl. Padding)

    ----------------------------------------------------------------------

      Code (inc. data)   RO Data    RW Data    ZI Data      Debug   Library Name

      2778        116          0          8          0       1600   mc_w.l
      1066          0          0          0          0        656   mf_w.l

    ----------------------------------------------------------------------
      3848        116          0          8          0       2256   Library Totals

    ----------------------------------------------------------------------

==============================================================================


      Code (inc. data)   RO Data    RW Data    ZI Data      Debug   

     22772       2690       1904        196      73684    1034328   Grand Totals
     22772       2690       1904        196      73684    1034328   ELF Image Totals
     22772       2690       1904        196          0          0   ROM Totals

==============================================================================

    Total RO  Size (Code + RO Data)                24676 (  24.10kB)
    Total RW  Size (RW Data + ZI Data)             73880 (  72.15kB)
    Total ROM Size (Code + RO Data + RW Data)      24872 (  24.29kB)

==============================================================================

