<html>
<body>
<pre>
<h1>µVision Build Log</h1>
<h2>Tool Versions:</h2>
IDE-Version: ¦ÌVision V5.36.0.0
Copyright (C) 2021 ARM Ltd and ARM Germany GmbH. All rights reserved.
License Information: olkme olkme, olkme, LIC=CZLZX-H0HP5-LQF0Q-NK5G3-IIFF0-VU5NZ
 
Tool Versions:
Toolchain:       MDK-ARM Plus  Version: 5.36.0.0
Toolchain Path:  D:\WorkSoftware\Keil\ARM\ARMCC\Bin
C Compiler:      Armcc.exe V5.06 update 7 (build 960)
Assembler:       Armasm.exe V5.06 update 7 (build 960)
Linker/Locator:  ArmLink.exe V5.06 update 7 (build 960)
Library Manager: ArmAr.exe V5.06 update 7 (build 960)
Hex Converter:   FromElf.exe V5.06 update 7 (build 960)
CPU DLL:         SARMCM3.DLL V5.36.0.0
Dialog DLL:      DCM.DLL V1.17.3.0
Target DLL:      STLink\ST-LINKIII-KEIL_SWO.dll V3.0.9.0
Dialog DLL:      TCM.DLL V1.53.0.0
 
<h2>Project:</h2>
E:\GItHub-Project\Aolkme\AolkmeSDK\AolkmeSDKProject\MDK-ARM\AolkmeSDK.uvprojx
Project File Date:  10/08/2025

<h2>Output:</h2>
*** Using Compiler 'V5.06 update 7 (build 960)', folder: 'D:\WorkSoftware\Keil\ARM\ARMCC\Bin'
*** Note: Rebuilding project, since 'Options->Output->Create Batch File' is selected.
Rebuild target 'AolkmeSDK'
assembling startup_stm32f407xx.s...
compiling armlib_lock_glue.c...
armlib_lock_glue.c(44): warning:  #1215-D: #warning directive: Microlib does not provide mutex locks to guard against code that is not thread safe
  #warning Microlib does not provide mutex locks to guard against code that is not thread safe
armlib_lock_glue.c: 1 warning, 0 errors
compiling main.c...
compiling gpio.c...
compiling freertos.c...
compiling usart.c...
compiling stm32f4xx_it.c...
compiling stm32f4xx_hal_msp.c...
compiling stm32f4xx_hal_timebase_tim.c...
compiling stm32f4xx_hal_tim.c...
compiling stm32f4xx_hal_tim_ex.c...
compiling stm32f4xx_hal_rcc.c...
compiling stm32f4xx_hal_rcc_ex.c...
compiling stm32f4xx_hal_flash.c...
compiling stm32f4xx_hal_flash_ex.c...
compiling stm32f4xx_hal_flash_ramfunc.c...
compiling stm32f4xx_hal_gpio.c...
compiling stm32f4xx_hal_dma_ex.c...
compiling stm32f4xx_hal_dma.c...
compiling stm32f4xx_hal_pwr.c...
compiling stm32f4xx_hal_pwr_ex.c...
compiling stm32f4xx_hal_cortex.c...
compiling stm32f4xx_hal.c...
compiling stm32f4xx_hal_exti.c...
compiling stm32f4xx_hal_uart.c...
compiling system_stm32f4xx.c...
compiling croutine.c...
compiling event_groups.c...
compiling list.c...
compiling queue.c...
compiling stream_buffer.c...
compiling tasks.c...
compiling timers.c...
compiling cmsis_os2.c...
compiling heap_4.c...
compiling port.c...
compiling Aolkme_core.c...
..\AOLKME\src\code\Aolkme_core.c(27): warning:  #177-D: variable "appId"  was declared but never referenced
  static const char appId[16] = "AolkmeSDKadmin";       
..\AOLKME\src\code\Aolkme_core.c(28): warning:  #177-D: variable "AppKey"  was declared but never referenced
  static const char AppKey[32] = "AK17WIZJENEY2WKTZVLMF4FG2FJI3";
..\AOLKME\src\code\Aolkme_core.c: 2 warnings, 0 errors
compiling Aolkme_platform.c...
..\AOLKME\src\code\Aolkme_platform.c(14): warning:  #177-D: variable "g_halUartHandler"  was declared but never referenced
  static T_AolkmeHalUartHandler *g_halUartHandler = NULL;
..\AOLKME\src\code\Aolkme_platform.c(15): warning:  #177-D: variable "g_halI2cHandler"  was declared but never referenced
  static T_AolkmeHalI2cHandler *g_halI2cHandler = NULL;
..\AOLKME\src\code\Aolkme_platform.c: 2 warnings, 0 errors
compiling Aolkme_verify.c...
compiling Aolkme_OSAL.c...
compiling Aolkme_event.c...
compiling Aolkme_misc.c...
compiling logger_buffer.c...
compiling logger_core.c...
compiling logger_formatter.c...
compiling AolkmeOSAL_SysMon_freertos.c...
compiling Aolkme.c...
compiling application.c...
linking...
Program Size: Code=22992 RO-data=1904 RW-data=196 ZI-data=73684  
FromELF: creating hex file...
After Build - User command #1: D:\WorkSoftware\Keil\ARM\ARMCC\bin\fromelf.exe  --bin --output=AolkmeSDK.bin AolkmeSDK\AolkmeSDK.axf
"AolkmeSDK\AolkmeSDK.axf" - 0 Error(s), 5 Warning(s).

<h2>Software Packages used:</h2>

Package Vendor: ARM
                https://www.keil.com/pack/ARM.CMSIS.6.1.0.pack
                ARM.CMSIS.6.1.0
                CMSIS (Common Microcontroller Software Interface Standard)
   * Component: CORE Version: 6.1.0

Package Vendor: Keil
                https://www.keil.com/pack/Keil.STM32F4xx_DFP.2.17.1.pack
                Keil.STM32F4xx_DFP.2.17.1
                STMicroelectronics STM32F4 Series Device Support, Drivers and Examples

<h2>Collection of Component include folders:</h2>
  .\RTE\_AolkmeSDK
  D:\WorkSoftware\Keil\armPack\ARM\CMSIS\6.1.0\CMSIS\Core\Include
  D:\WorkSoftware\Keil\armPack\Keil\STM32F4xx_DFP\2.17.1\Drivers\CMSIS\Device\ST\STM32F4xx\Include

<h2>Collection of Component Files used:</h2>

   * Component: ARM::CMSIS:CORE:6.1.0
      Include file:  CMSIS\Core\Include\tz_context.h
Build Time Elapsed:  00:00:43
</pre>
</body>
</html>
