Component: ARM Compiler 5.06 update 7 (build 960) Tool: armlink [4d3601]

==============================================================================

Section Cross References

    startup_stm32f407xx.o(RESET) refers to startup_stm32f407xx.o(STACK) for __initial_sp
    startup_stm32f407xx.o(RESET) refers to startup_stm32f407xx.o(.text) for Reset_Handler
    startup_stm32f407xx.o(RESET) refers to stm32f4xx_it.o(i.NMI_Handler) for NMI_Handler
    startup_stm32f407xx.o(RESET) refers to stm32f4xx_it.o(i.HardFault_Handler) for HardFault_Handler
    startup_stm32f407xx.o(RESET) refers to stm32f4xx_it.o(i.MemManage_Handler) for MemManage_Handler
    startup_stm32f407xx.o(RESET) refers to stm32f4xx_it.o(i.BusFault_Handler) for BusFault_Handler
    startup_stm32f407xx.o(RESET) refers to stm32f4xx_it.o(i.UsageFault_Handler) for UsageFault_Handler
    startup_stm32f407xx.o(RESET) refers to port.o(.emb_text) for SVC_Handler
    startup_stm32f407xx.o(RESET) refers to stm32f4xx_it.o(i.DebugMon_Handler) for DebugMon_Handler
    startup_stm32f407xx.o(RESET) refers to cmsis_os2.o(i.SysTick_Handler) for SysTick_Handler
    startup_stm32f407xx.o(RESET) refers to stm32f4xx_it.o(i.TIM1_UP_TIM10_IRQHandler) for TIM1_UP_TIM10_IRQHandler
    startup_stm32f407xx.o(RESET) refers to uart.o(i.USART1_IRQHandler) for USART1_IRQHandler
    startup_stm32f407xx.o(RESET) refers to uart.o(i.USART2_IRQHandler) for USART2_IRQHandler
    startup_stm32f407xx.o(RESET) refers to uart.o(i.USART3_IRQHandler) for USART3_IRQHandler
    startup_stm32f407xx.o(RESET) refers to uart.o(i.UART4_IRQHandler) for UART4_IRQHandler
    startup_stm32f407xx.o(.text) refers to system_stm32f4xx.o(i.SystemInit) for SystemInit
    startup_stm32f407xx.o(.text) refers to entry.o(.ARM.Collect$$$$00000000) for __main
    main.o(i.HAL_TIM_PeriodElapsedCallback) refers to stm32f4xx_hal.o(i.HAL_IncTick) for HAL_IncTick
    main.o(i.SystemClock_Config) refers to memseta.o(.text) for __aeabi_memclr4
    main.o(i.SystemClock_Config) refers to stm32f4xx_hal_rcc.o(i.HAL_RCC_OscConfig) for HAL_RCC_OscConfig
    main.o(i.SystemClock_Config) refers to main.o(i.Error_Handler) for Error_Handler
    main.o(i.SystemClock_Config) refers to stm32f4xx_hal_rcc.o(i.HAL_RCC_ClockConfig) for HAL_RCC_ClockConfig
    main.o(i.main) refers to stm32f4xx_hal.o(i.HAL_Init) for HAL_Init
    main.o(i.main) refers to gpio.o(i.MX_GPIO_Init) for MX_GPIO_Init
    main.o(i.main) refers to usart.o(i.MX_USART2_UART_Init) for MX_USART2_UART_Init
    main.o(i.main) refers to cmsis_os2.o(i.osKernelInitialize) for osKernelInitialize
    main.o(i.main) refers to freertos.o(i.MX_FREERTOS_Init) for MX_FREERTOS_Init
    main.o(i.main) refers to printf8.o(i.__0printf$8) for __2printf
    main.o(i.main) refers to cmsis_os2.o(i.osKernelStart) for osKernelStart
    gpio.o(i.MX_GPIO_Init) refers to memseta.o(.text) for __aeabi_memclr4
    gpio.o(i.MX_GPIO_Init) refers to stm32f4xx_hal_gpio.o(i.HAL_GPIO_WritePin) for HAL_GPIO_WritePin
    gpio.o(i.MX_GPIO_Init) refers to stm32f4xx_hal_gpio.o(i.HAL_GPIO_Init) for HAL_GPIO_Init
    freertos.o(i.LED_Task) refers to bootservice.o(i.BootServiceStart) for BootServiceStart
    freertos.o(i.LED_Task) refers to stm32f4xx_hal_gpio.o(i.HAL_GPIO_TogglePin) for HAL_GPIO_TogglePin
    freertos.o(i.LED_Task) refers to cmsis_os2.o(i.osDelay) for osDelay
    freertos.o(i.MX_FREERTOS_Init) refers to cmsis_os2.o(i.osThreadNew) for osThreadNew
    freertos.o(i.MX_FREERTOS_Init) refers to freertos.o(.constdata) for defaultTask_attributes
    freertos.o(i.MX_FREERTOS_Init) refers to freertos.o(i.StartDefaultTask) for StartDefaultTask
    freertos.o(i.MX_FREERTOS_Init) refers to freertos.o(.data) for defaultTaskHandle
    freertos.o(i.MX_FREERTOS_Init) refers to freertos.o(i.LED_Task) for LED_Task
    freertos.o(i.StartDefaultTask) refers to cmsis_os2.o(i.osDelay) for osDelay
    freertos.o(.constdata) refers to freertos.o(.conststring) for .conststring
    usart.o(i.HAL_UART_MspDeInit) refers to stm32f4xx_hal_gpio.o(i.HAL_GPIO_DeInit) for HAL_GPIO_DeInit
    usart.o(i.HAL_UART_MspDeInit) refers to stm32f4xx_hal_cortex.o(i.HAL_NVIC_DisableIRQ) for HAL_NVIC_DisableIRQ
    usart.o(i.HAL_UART_MspInit) refers to memseta.o(.text) for __aeabi_memclr4
    usart.o(i.HAL_UART_MspInit) refers to stm32f4xx_hal_gpio.o(i.HAL_GPIO_Init) for HAL_GPIO_Init
    usart.o(i.HAL_UART_MspInit) refers to stm32f4xx_hal_cortex.o(i.HAL_NVIC_SetPriority) for HAL_NVIC_SetPriority
    usart.o(i.HAL_UART_MspInit) refers to stm32f4xx_hal_cortex.o(i.HAL_NVIC_EnableIRQ) for HAL_NVIC_EnableIRQ
    usart.o(i.MX_USART2_UART_Init) refers to stm32f4xx_hal_uart.o(i.HAL_UART_Init) for HAL_UART_Init
    usart.o(i.MX_USART2_UART_Init) refers to main.o(i.Error_Handler) for Error_Handler
    usart.o(i.MX_USART2_UART_Init) refers to usart.o(.bss) for huart2
    stm32f4xx_it.o(i.TIM1_UP_TIM10_IRQHandler) refers to stm32f4xx_hal_tim.o(i.HAL_TIM_IRQHandler) for HAL_TIM_IRQHandler
[...]
    i.__scatterload_null                     0x0800332c   Section        2  handlers.o(i.__scatterload_null)
    i.__scatterload_zeroinit                 0x0800332e   Section       14  handlers.o(i.__scatterload_zeroinit)
    i._printf_core                           0x0800333c   Section        0  printf8.o(i._printf_core)
    _printf_core                             0x0800333d   Thumb Code   984  printf8.o(i._printf_core)
    i._printf_post_padding                   0x08003740   Section        0  printf8.o(i._printf_post_padding)
    _printf_post_padding                     0x08003741   Thumb Code    36  printf8.o(i._printf_post_padding)
    i._printf_pre_padding                    0x08003764   Section        0  printf8.o(i._printf_pre_padding)
    _printf_pre_padding                      0x08003765   Thumb Code    46  printf8.o(i._printf_pre_padding)
    i.fputc                                  0x08003794   Section        0  uart.o(i.fputc)
    i.main                                   0x080037b0   Section        0  main.o(i.main)
    i.osDelay                                0x08003920   Section        0  cmsis_os2.o(i.osDelay)
    i.osKernelInitialize                     0x08003940   Section        0  cmsis_os2.o(i.osKernelInitialize)
    i.osKernelStart                          0x0800396c   Section        0  cmsis_os2.o(i.osKernelStart)
    i.osThreadNew                            0x080039cc   Section        0  cmsis_os2.o(i.osThreadNew)
    i.prvAddCurrentTaskToDelayedList         0x08003a84   Section        0  tasks.o(i.prvAddCurrentTaskToDelayedList)
    prvAddCurrentTaskToDelayedList           0x08003a85   Thumb Code   100  tasks.o(i.prvAddCurrentTaskToDelayedList)
    i.prvAddNewTaskToReadyList               0x08003b00   Section        0  tasks.o(i.prvAddNewTaskToReadyList)
    prvAddNewTaskToReadyList                 0x08003b01   Thumb Code   154  tasks.o(i.prvAddNewTaskToReadyList)
    i.prvCheckForValidListAndQueue           0x08003bb8   Section        0  timers.o(i.prvCheckForValidListAndQueue)
    prvCheckForValidListAndQueue             0x08003bb9   Thumb Code    78  timers.o(i.prvCheckForValidListAndQueue)
    i.prvCheckTasksWaitingTermination        0x08003c2c   Section        0  tasks.o(i.prvCheckTasksWaitingTermination)
    prvCheckTasksWaitingTermination          0x08003c2d   Thumb Code    60  tasks.o(i.prvCheckTasksWaitingTermination)
    i.prvCopyDataFromQueue                   0x08003c74   Section        0  queue.o(i.prvCopyDataFromQueue)
    prvCopyDataFromQueue                     0x08003c75   Thumb Code    42  queue.o(i.prvCopyDataFromQueue)
    i.prvCopyDataToQueue                     0x08003c9e   Section        0  queue.o(i.prvCopyDataToQueue)
    prvCopyDataToQueue                       0x08003c9f   Thumb Code   126  queue.o(i.prvCopyDataToQueue)
    i.prvDeleteTCB                           0x08003d1c   Section        0  tasks.o(i.prvDeleteTCB)
    prvDeleteTCB                             0x08003d1d   Thumb Code    80  tasks.o(i.prvDeleteTCB)
    i.prvGetDisinheritPriorityAfterTimeout   0x08003d6c   Section        0  queue.o(i.prvGetDisinheritPriorityAfterTimeout)
    prvGetDisinheritPriorityAfterTimeout     0x08003d6d   Thumb Code    20  queue.o(i.prvGetDisinheritPriorityAfterTimeout)
    i.prvGetNextExpireTime                   0x08003d80   Section        0  timers.o(i.prvGetNextExpireTime)
    prvGetNextExpireTime                     0x08003d81   Thumb Code    36  timers.o(i.prvGetNextExpireTime)
    i.prvHeapInit                            0x08003da8   Section        0  heap_4.o(i.prvHeapInit)
    prvHeapInit                              0x08003da9   Thumb Code    98  heap_4.o(i.prvHeapInit)
    i.prvIdleTask                            0x08003e24   Section        0  tasks.o(i.prvIdleTask)
    prvIdleTask                              0x08003e25   Thumb Code    32  tasks.o(i.prvIdleTask)
    i.prvInitialiseMutex                     0x08003e4c   Section        0  queue.o(i.prvInitialiseMutex)
    prvInitialiseMutex                       0x08003e4d   Thumb Code    30  queue.o(i.prvInitialiseMutex)
    i.prvInitialiseNewQueue                  0x08003e6a   Section        0  queue.o(i.prvInitialiseNewQueue)
    prvInitialiseNewQueue                    0x08003e6b   Thumb Code    42  queue.o(i.prvInitialiseNewQueue)
    i.prvInitialiseNewTask                   0x08003e94   Section        0  tasks.o(i.prvInitialiseNewTask)
    prvInitialiseNewTask                     0x08003e95   Thumb Code   190  tasks.o(i.prvInitialiseNewTask)
    i.prvInitialiseTaskLists                 0x08003f54   Section        0  tasks.o(i.prvInitialiseTaskLists)
    prvInitialiseTaskLists                   0x08003f55   Thumb Code    70  tasks.o(i.prvInitialiseTaskLists)
    i.prvInsertBlockIntoFreeList             0x08003fbc   Section        0  heap_4.o(i.prvInsertBlockIntoFreeList)
    prvInsertBlockIntoFreeList               0x08003fbd   Thumb Code    96  heap_4.o(i.prvInsertBlockIntoFreeList)
    i.prvInsertTimerInActiveList             0x08004024   Section        0  timers.o(i.prvInsertTimerInActiveList)
    prvInsertTimerInActiveList               0x08004025   Thumb Code    80  timers.o(i.prvInsertTimerInActiveList)
    i.prvIsQueueEmpty                        0x0800407c   Section        0  queue.o(i.prvIsQueueEmpty)
    prvIsQueueEmpty                          0x0800407d   Thumb Code    26  queue.o(i.prvIsQueueEmpty)
    i.prvIsQueueFull                         0x08004096   Section        0  queue.o(i.prvIsQueueFull)
    prvIsQueueFull                           0x08004097   Thumb Code    30  queue.o(i.prvIsQueueFull)
    i.prvProcessExpiredTimer                 0x080040b4   Section        0  timers.o(i.prvProcessExpiredTimer)
    prvProcessExpiredTimer                   0x080040b5   Thumb Code   110  timers.o(i.prvProcessExpiredTimer)
    i.prvProcessReceivedCommands             0x08004128   Section        0  timers.o(i.prvProcessReceivedCommands)
    prvProcessReceivedCommands               0x08004129   Thumb Code   350  timers.o(i.prvProcessReceivedCommands)
    i.prvProcessTimerOrBlockTask             0x0800428c   Section        0  timers.o(i.prvProcessTimerOrBlockTask)
    prvProcessTimerOrBlockTask               0x0800428d   Thumb Code   102  timers.o(i.prvProcessTimerOrBlockTask)
    i.prvResetNextTaskUnblockTime            0x08004300   Section        0  tasks.o(i.prvResetNextTaskUnblockTime)
    prvResetNextTaskUnblockTime              0x08004301   Thumb Code    42  tasks.o(i.prvResetNextTaskUnblockTime)
    i.prvSampleTimeNow                       0x08004334   Section        0  timers.o(i.prvSampleTimeNow)
    prvSampleTimeNow                         0x08004335   Thumb Code    40  timers.o(i.prvSampleTimeNow)
    i.prvSwitchTimerLists                    0x08004360   Section        0  timers.o(i.prvSwitchTimerLists)
    prvSwitchTimerLists                      0x08004361   Thumb Code   154  timers.o(i.prvSwitchTimerLists)
    i.prvTaskExitError                       0x08004404   Section        0  port.o(i.prvTaskExitError)
    prvTaskExitError                         0x08004405   Thumb Code    60  port.o(i.prvTaskExitError)
    i.prvTimerTask                           0x08004444   Section        0  timers.o(i.prvTimerTask)
    prvTimerTask                             0x08004445   Thumb Code    26  timers.o(i.prvTimerTask)
    i.prvUnlockQueue                         0x0800445e   Section        0  queue.o(i.prvUnlockQueue)
    prvUnlockQueue                           0x0800445f   Thumb Code   126  queue.o(i.prvUnlockQueue)
    i.pvPortMalloc                           0x080044dc   Section        0  heap_4.o(i.pvPortMalloc)
    i.pvTaskIncrementMutexHeldCount          0x08004628   Section        0  tasks.o(i.pvTaskIncrementMutexHeldCount)
    i.pxPortInitialiseStack                  0x08004648   Section        0  port.o(i.pxPortInitialiseStack)
    i.uxListRemove                           0x08004674   Section        0  list.o(i.uxListRemove)
    i.vApplicationGetIdleTaskMemory          0x0800469c   Section        0  cmsis_os2.o(i.vApplicationGetIdleTaskMemory)
    i.vApplicationGetTimerTaskMemory         0x080046b4   Section        0  cmsis_os2.o(i.vApplicationGetTimerTaskMemory)
    i.vListInitialise                        0x080046cc   Section        0  list.o(i.vListInitialise)
    i.vListInitialiseItem                    0x080046e6   Section        0  list.o(i.vListInitialiseItem)
    i.vListInsert                            0x080046ec   Section        0  list.o(i.vListInsert)
    i.vListInsertEnd                         0x08004720   Section        0  list.o(i.vListInsertEnd)
    i.vPortEnterCritical                     0x08004738   Section        0  port.o(i.vPortEnterCritical)
    i.vPortExitCritical                      0x0800478c   Section        0  port.o(i.vPortExitCritical)
    i.vPortFree                              0x080047c8   Section        0  heap_4.o(i.vPortFree)
    i.vPortSetupTimerInterrupt               0x0800486c   Section        0  port.o(i.vPortSetupTimerInterrupt)
    i.vPortValidateInterruptPriority         0x08004894   Section        0  port.o(i.vPortValidateInterruptPriority)
    i.vQueueAddToRegistry                    0x0800490c   Section        0  queue.o(i.vQueueAddToRegistry)
    i.vQueueWaitForMessageRestricted         0x08004938   Section        0  queue.o(i.vQueueWaitForMessageRestricted)
    i.vTaskDelay                             0x08004984   Section        0  tasks.o(i.vTaskDelay)
    i.vTaskInternalSetTimeOutState           0x080049e0   Section        0  tasks.o(i.vTaskInternalSetTimeOutState)
    i.vTaskMissedYield                       0x080049f8   Section        0  tasks.o(i.vTaskMissedYield)
    i.vTaskPlaceOnEventList                  0x08004a04   Section        0  tasks.o(i.vTaskPlaceOnEventList)
    i.vTaskPlaceOnEventListRestricted        0x08004a3c   Section        0  tasks.o(i.vTaskPlaceOnEventListRestricted)
    i.vTaskPriorityDisinheritAfterTimeout    0x08004a7c   Section        0  tasks.o(i.vTaskPriorityDisinheritAfterTimeout)
    i.vTaskStartScheduler                    0x08004b4c   Section        0  tasks.o(i.vTaskStartScheduler)
    i.vTaskSuspendAll                        0x08004c04   Section        0  tasks.o(i.vTaskSuspendAll)
    i.vTaskSwitchContext                     0x08004c14   Section        0  tasks.o(i.vTaskSwitchContext)
    i.xPortStartScheduler                    0x08004ca4   Section        0  port.o(i.xPortStartScheduler)
    i.xPortSysTickHandler                    0x08004e0c   Section        0  port.o(i.xPortSysTickHandler)
    i.xQueueCreateMutex                      0x08004e40   Section        0  queue.o(i.xQueueCreateMutex)
    i.xQueueGenericCreate                    0x08004e62   Section        0  queue.o(i.xQueueGenericCreate)
    i.xQueueGenericCreateStatic              0x08004ebc   Section        0  queue.o(i.xQueueGenericCreateStatic)
    i.xQueueGenericReset                     0x08004f9c   Section        0  queue.o(i.xQueueGenericReset)
    i.xQueueGenericSend                      0x08005034   Section        0  queue.o(i.xQueueGenericSend)
    i.xQueueGenericSendFromISR               0x080051dc   Section        0  queue.o(i.xQueueGenericSendFromISR)
    i.xQueueReceive                          0x080052d8   Section        0  queue.o(i.xQueueReceive)
    i.xQueueSemaphoreTake                    0x08005440   Section        0  queue.o(i.xQueueSemaphoreTake)
    i.xTaskCheckForTimeOut                   0x080055f8   Section        0  tasks.o(i.xTaskCheckForTimeOut)
    i.xTaskCreate                            0x08005684   Section        0  tasks.o(i.xTaskCreate)
    i.xTaskCreateStatic                      0x080056e8   Section        0  tasks.o(i.xTaskCreateStatic)
    i.xTaskGetSchedulerState                 0x080057a4   Section        0  tasks.o(i.xTaskGetSchedulerState)
    i.xTaskGetTickCount                      0x080057c4   Section        0  tasks.o(i.xTaskGetTickCount)
    i.xTaskIncrementTick                     0x080057d0   Section        0  tasks.o(i.xTaskIncrementTick)
    i.xTaskPriorityDisinherit                0x08005914   Section        0  tasks.o(i.xTaskPriorityDisinherit)
    i.xTaskPriorityInherit                   0x080059b8   Section        0  tasks.o(i.xTaskPriorityInherit)
    i.xTaskRemoveFromEventList               0x08005a5c   Section        0  tasks.o(i.xTaskRemoveFromEventList)
    i.xTaskResumeAll                         0x08005af4   Section        0  tasks.o(i.xTaskResumeAll)
    i.xTimerCreateTimerTask                  0x08005bf8   Section        0  timers.o(i.xTimerCreateTimerTask)
    i.xTimerGenericCommand                   0x08005c70   Section        0  timers.o(i.xTimerGenericCommand)
    .constdata                               0x08005cf4   Section       72  freertos.o(.constdata)
    .constdata                               0x08005d3c   Section       24  system_stm32f4xx.o(.constdata)
    .conststring                             0x08005d54   Section       20  freertos.o(.conststring)
    .conststring                             0x08005d68   Section      927  bios_menu.o(.conststring)
    .ccmram                                  0x20000000   Section    16576  uart.o(.ccmram)
    s_uart1ReadBuf                           0x20000000   Data          64  uart.o(.ccmram)
    s_uart1WriteBuf                          0x20000040   Data          64  uart.o(.ccmram)
    s_uart2ReadBuf                           0x20000080   Data          64  uart.o(.ccmram)
    s_uart2WriteBuf                          0x200000c0   Data        2048  uart.o(.ccmram)
    s_uart3ReadBuf                           0x200008c0   Data        8192  uart.o(.ccmram)
    s_uart3WriteBuf                          0x200028c0   Data        2048  uart.o(.ccmram)
    s_uart4ReadBuf                           0x200030c0   Data        2048  uart.o(.ccmram)
    s_uart4WriteBuf                          0x200038c0   Data        2048  uart.o(.ccmram)
    .data                                    0x200040c0   Section        8  freertos.o(.data)
    .data                                    0x200040c8   Section       32  stm32f4xx_hal_flash.o(.data)
    .data                                    0x200040e8   Section        9  stm32f4xx_hal.o(.data)
    .data                                    0x200040f4   Section        4  system_stm32f4xx.o(.data)
    .data                                    0x200040f8   Section       60  tasks.o(.data)
    pxDelayedTaskList                        0x200040fc   Data           4  tasks.o(.data)
    pxOverflowDelayedTaskList                0x20004100   Data           4  tasks.o(.data)
    uxDeletedTasksWaitingCleanUp             0x20004104   Data           4  tasks.o(.data)
    uxCurrentNumberOfTasks                   0x20004108   Data           4  tasks.o(.data)
    xTickCount                               0x2000410c   Data           4  tasks.o(.data)
    uxTopReadyPriority                       0x20004110   Data           4  tasks.o(.data)
    xSchedulerRunning                        0x20004114   Data           4  tasks.o(.data)
    xPendedTicks                             0x20004118   Data           4  tasks.o(.data)
    xYieldPending                            0x2000411c   Data           4  tasks.o(.data)
    xNumOfOverflows                          0x20004120   Data           4  tasks.o(.data)
    uxTaskNumber                             0x20004124   Data           4  tasks.o(.data)
    xNextTaskUnblockTime                     0x20004128   Data           4  tasks.o(.data)
    xIdleTaskHandle                          0x2000412c   Data           4  tasks.o(.data)
    uxSchedulerSuspended                     0x20004130   Data           4  tasks.o(.data)
    .data                                    0x20004134   Section       20  timers.o(.data)
    pxCurrentTimerList                       0x20004134   Data           4  timers.o(.data)
    pxOverflowTimerList                      0x20004138   Data           4  timers.o(.data)
    xTimerQueue                              0x2000413c   Data           4  timers.o(.data)
    xTimerTaskHandle                         0x20004140   Data           4  timers.o(.data)
    xLastTime                                0x20004144   Data           4  timers.o(.data)
    .data                                    0x20004148   Section        4  cmsis_os2.o(.data)
    KernelState                              0x20004148   Data           4  cmsis_os2.o(.data)
    .data                                    0x2000414c   Section       32  heap_4.o(.data)
    xStart                                   0x2000414c   Data           8  heap_4.o(.data)
    pxEnd                                    0x20004154   Data           4  heap_4.o(.data)
    xFreeBytesRemaining                      0x20004158   Data           4  heap_4.o(.data)
    xMinimumEverFreeBytesRemaining           0x2000415c   Data           4  heap_4.o(.data)
    xNumberOfSuccessfulAllocations           0x20004160   Data           4  heap_4.o(.data)
    xNumberOfSuccessfulFrees                 0x20004164   Data           4  heap_4.o(.data)
    xBlockAllocatedBit                       0x20004168   Data           4  heap_4.o(.data)
    .data                                    0x2000416c   Section       12  port.o(.data)
    uxCriticalNesting                        0x2000416c   Data           4  port.o(.data)
    ucMaxSysCallPriority                     0x20004170   Data           1  port.o(.data)
    ulMaxPRIGROUPValue                       0x20004174   Data           4  port.o(.data)
    .data                                    0x20004178   Section       12  bootservice.o(.data)
    .data                                    0x20004184   Section        5  bios_menu.o(.data)
    .data                                    0x2000418c   Section        4  ymodem.o(.data)
    .data                                    0x20004190   Section       80  uart.o(.data)
    s_uart1ReadBufferState                   0x20004190   Data           8  uart.o(.data)
    s_uart1WriteBufferState                  0x20004198   Data           8  uart.o(.data)
    s_uart1Mutex                             0x200041a0   Data           4  uart.o(.data)
    s_uart2ReadBufferState                   0x200041a4   Data           8  uart.o(.data)
    s_uart2WriteBufferState                  0x200041ac   Data           8  uart.o(.data)
    s_uart2Mutex                             0x200041b4   Data           4  uart.o(.data)
    s_uart3ReadBufferState                   0x200041b8   Data           8  uart.o(.data)
    s_uart3WriteBufferState                  0x200041c0   Data           8  uart.o(.data)
    s_uart3Mutex                             0x200041c8   Data           4  uart.o(.data)
    s_uart4ReadBufferState                   0x200041cc   Data           8  uart.o(.data)
    s_uart4WriteBufferState                  0x200041d4   Data           8  uart.o(.data)
    s_uart4Mutex                             0x200041dc   Data           4  uart.o(.data)
    .data                                    0x200041e0   Section        4  stdout.o(.data)
    .bss                                     0x200041e4   Section       72  usart.o(.bss)
    .bss                                     0x2000422c   Section       72  stm32f4xx_hal_timebase_tim.o(.bss)
    .bss                                     0x20004274   Section       64  queue.o(.bss)
    .bss                                     0x200042b4   Section     1220  tasks.o(.bss)
    pxReadyTasksLists                        0x200042b4   Data        1120  tasks.o(.bss)
    xDelayedTaskList1                        0x20004714   Data          20  tasks.o(.bss)
    xDelayedTaskList2                        0x20004728   Data          20  tasks.o(.bss)
    xPendingReadyList                        0x2000473c   Data          20  tasks.o(.bss)
    xTasksWaitingTermination                 0x20004750   Data          20  tasks.o(.bss)
    xSuspendedTaskList                       0x20004764   Data          20  tasks.o(.bss)
    .bss                                     0x20004778   Section      280  timers.o(.bss)
    xActiveTimerList1                        0x20004778   Data          20  timers.o(.bss)
    xActiveTimerList2                        0x2000478c   Data          20  timers.o(.bss)
    xStaticTimerQueue                        0x200047a0   Data          80  timers.o(.bss)
    ucStaticTimerQueueStorage                0x200047f0   Data         160  timers.o(.bss)
    .bss                                     0x20004890   Section     1720  cmsis_os2.o(.bss)
    Idle_TCB                                 0x20004890   Data          92  cmsis_os2.o(.bss)
    Idle_Stack                               0x200048ec   Data         512  cmsis_os2.o(.bss)
    Timer_TCB                                0x20004aec   Data          92  cmsis_os2.o(.bss)
    Timer_Stack                              0x20004b48   Data        1024  cmsis_os2.o(.bss)
    .bss                                     0x20004f48   Section    16384  heap_4.o(.bss)
    ucHeap                                   0x20004f48   Data       16384  heap_4.o(.bss)
    .bss                                     0x20008f48   Section     1094  ymodem.o(.bss)
    .bss                                     0x20009390   Section      312  uart.o(.bss)
    s_uart1ReadRingBuffer                    0x20009390   Data          12  uart.o(.bss)
    s_uart1WriteRingBuffer                   0x2000939c   Data          12  uart.o(.bss)
    s_uart1Handle                            0x200093a8   Data          72  uart.o(.bss)
    s_uart2ReadRingBuffer                    0x200093f0   Data          12  uart.o(.bss)
    s_uart2WriteRingBuffer                   0x200093fc   Data          12  uart.o(.bss)
    s_uart3ReadRingBuffer                    0x20009408   Data          12  uart.o(.bss)
    s_uart3WriteRingBuffer                   0x20009414   Data          12  uart.o(.bss)
    s_uart3Handle                            0x20009420   Data          72  uart.o(.bss)
    s_uart4ReadRingBuffer                    0x20009468   Data          12  uart.o(.bss)
    s_uart4WriteRingBuffer                   0x20009474   Data          12  uart.o(.bss)
    huart4                                   0x20009480   Data          72  uart.o(.bss)
    STACK                                    0x200094c8   Section     1024  startup_stm32f407xx.o(STACK)

    Global Symbols

    Symbol Name                              Value     Ov Type        Size  Object(Section)

    BuildAttributes$$THM_ISAv4$E$P$D$K$B$S$7EM$VFPi3$EXTD16$VFPS$VFMA$PE$A:L22UL41UL21$X:L11$S22US41US21$IEEE1$IW$USESV6$~STKCKD$USESV7$~SHL$OSPACE$ROPI$EBA8$MICROLIB$REQ8$PRES8$EABIv2 0x00000000   Number         0  anon$$obj.o ABSOLUTE
    __ARM_use_no_argv                        0x00000000   Number         0  main.o ABSOLUTE
    _printf_a                                0x00000000   Number         0  stubs.o ABSOLUTE
    _printf_c                                0x00000000   Number         0  stubs.o ABSOLUTE
    _printf_charcount                        0x00000000   Number         0  stubs.o ABSOLUTE
    _printf_d                                0x00000000   Number         0  stubs.o ABSOLUTE
    _printf_e                                0x00000000   Number         0  stubs.o ABSOLUTE
    _printf_f                                0x00000000   Number         0  stubs.o ABSOLUTE
    _printf_flags                            0x00000000   Number         0  stubs.o ABSOLUTE
    _printf_fp_dec                           0x00000000   Number         0  stubs.o ABSOLUTE
    _printf_fp_hex                           0x00000000   Number         0  stubs.o ABSOLUTE
    _printf_g                                0x00000000   Number         0  stubs.o ABSOLUTE
    _printf_i                                0x00000000   Number         0  stubs.o ABSOLUTE
    _printf_int_dec                          0x00000000   Number         0  stubs.o ABSOLUTE
    _printf_l                                0x00000000   Number         0  stubs.o ABSOLUTE
    _printf_lc                               0x00000000   Number         0  stubs.o ABSOLUTE
    _printf_ll                               0x00000000   Number         0  stubs.o ABSOLUTE
    _printf_lld                              0x00000000   Number         0  stubs.o ABSOLUTE
    _printf_lli                              0x00000000   Number         0  stubs.o ABSOLUTE
    _printf_llo                              0x00000000   Number         0  stubs.o ABSOLUTE
    _printf_llu                              0x00000000   Number         0  stubs.o ABSOLUTE
    _printf_llx                              0x00000000   Number         0  stubs.o ABSOLUTE
    _printf_longlong_dec                     0x00000000   Number         0  stubs.o ABSOLUTE
    _printf_longlong_hex                     0x00000000   Number         0  stubs.o ABSOLUTE
    _printf_longlong_oct                     0x00000000   Number         0  stubs.o ABSOLUTE
    _printf_ls                               0x00000000   Number         0  stubs.o ABSOLUTE
    _printf_mbtowc                           0x00000000   Number         0  stubs.o ABSOLUTE
    _printf_n                                0x00000000   Number         0  stubs.o ABSOLUTE
    _printf_o                                0x00000000   Number         0  stubs.o ABSOLUTE
    _printf_p                                0x00000000   Number         0  stubs.o ABSOLUTE
    _printf_percent                          0x00000000   Number         0  stubs.o ABSOLUTE
    _printf_pre_padding                      0x00000000   Number         0  stubs.o ABSOLUTE
    _printf_return_value                     0x00000000   Number         0  stubs.o ABSOLUTE
    _printf_s                                0x00000000   Number         0  stubs.o ABSOLUTE
    _printf_sizespec                         0x00000000   Number         0  stubs.o ABSOLUTE
    _printf_str                              0x00000000   Number         0  stubs.o ABSOLUTE
    _printf_truncate_signed                  0x00000000   Number         0  stubs.o ABSOLUTE
    _printf_truncate_unsigned                0x00000000   Number         0  stubs.o ABSOLUTE
    _printf_u                                0x00000000   Number         0  stubs.o ABSOLUTE
    _printf_wc                               0x00000000   Number         0  stubs.o ABSOLUTE
    _printf_wctomb                           0x00000000   Number         0  stubs.o ABSOLUTE
    _printf_widthprec                        0x00000000   Number         0  stubs.o ABSOLUTE
    _printf_x                                0x00000000   Number         0  stubs.o ABSOLUTE
    __arm_fini_                               - Undefined Weak Reference
    __cpp_initialize__aeabi_                  - Undefined Weak Reference
    __cxa_finalize                            - Undefined Weak Reference
    _clock_init                               - Undefined Weak Reference
    _microlib_exit                            - Undefined Weak Reference
    __Vectors_Size                           0x00000188   Number         0  startup_stm32f407xx.o ABSOLUTE
    __Vectors                                0x08000000   Data           4  startup_stm32f407xx.o(RESET)
    __Vectors_End                            0x08000188   Data           0  startup_stm32f407xx.o(RESET)
    __main                                   0x08000189   Thumb Code     0  entry.o(.ARM.Collect$$$$00000000)
    _main_stk                                0x08000189   Thumb Code     0  entry2.o(.ARM.Collect$$$$00000001)
    _main_scatterload                        0x0800018d   Thumb Code     0  entry5.o(.ARM.Collect$$$$00000004)
    __main_after_scatterload                 0x08000191   Thumb Code     0  entry5.o(.ARM.Collect$$$$00000004)
    _main_clock                              0x08000191   Thumb Code     0  entry7b.o(.ARM.Collect$$$$00000008)
    _main_cpp_init                           0x08000191   Thumb Code     0  entry8b.o(.ARM.Collect$$$$0000000A)
    _main_init                               0x08000191   Thumb Code     0  entry9a.o(.ARM.Collect$$$$0000000B)
    __rt_lib_shutdown_fini                   0x08000199   Thumb Code     0  entry12b.o(.ARM.Collect$$$$0000000E)
    __rt_final_cpp                           0x0800019d   Thumb Code     0  entry10a.o(.ARM.Collect$$$$0000000F)
    __rt_final_exit                          0x0800019d   Thumb Code     0  entry11a.o(.ARM.Collect$$$$00000011)
    SVC_Handler                              0x080001a1   Thumb Code    28  port.o(.emb_text)
    __asm___6_port_c_39a90d8d__prvStartFirstTask 0x080001c1   Thumb Code    36  port.o(.emb_text)
    __asm___6_port_c_39a90d8d__prvEnableVFP  0x080001e9   Thumb Code    16  port.o(.emb_text)
    PendSV_Handler                           0x080001fd   Thumb Code    88  port.o(.emb_text)
    vPortGetIPSR                             0x08000259   Thumb Code     6  port.o(.emb_text)
    Reset_Handler                            0x08000261   Thumb Code     8  startup_stm32f407xx.o(.text)
    ADC_IRQHandler                           0x0800027b   Thumb Code     0  startup_stm32f407xx.o(.text)
    CAN1_RX0_IRQHandler                      0x0800027b   Thumb Code     0  startup_stm32f407xx.o(.text)
    CAN1_RX1_IRQHandler                      0x0800027b   Thumb Code     0  startup_stm32f407xx.o(.text)
    CAN1_SCE_IRQHandler                      0x0800027b   Thumb Code     0  startup_stm32f407xx.o(.text)
    CAN1_TX_IRQHandler                       0x0800027b   Thumb Code     0  startup_stm32f407xx.o(.text)
    CAN2_RX0_IRQHandler                      0x0800027b   Thumb Code     0  startup_stm32f407xx.o(.text)
    CAN2_RX1_IRQHandler                      0x0800027b   Thumb Code     0  startup_stm32f407xx.o(.text)
    CAN2_SCE_IRQHandler                      0x0800027b   Thumb Code     0  startup_stm32f407xx.o(.text)
    CAN2_TX_IRQHandler                       0x0800027b   Thumb Code     0  startup_stm32f407xx.o(.text)
    DCMI_IRQHandler                          0x0800027b   Thumb Code     0  startup_stm32f407xx.o(.text)
    DMA1_Stream0_IRQHandler                  0x0800027b   Thumb Code     0  startup_stm32f407xx.o(.text)
    DMA1_Stream1_IRQHandler                  0x0800027b   Thumb Code     0  startup_stm32f407xx.o(.text)
    DMA1_Stream2_IRQHandler                  0x0800027b   Thumb Code     0  startup_stm32f407xx.o(.text)
    DMA1_Stream3_IRQHandler                  0x0800027b   Thumb Code     0  startup_stm32f407xx.o(.text)
    DMA1_Stream4_IRQHandler                  0x0800027b   Thumb Code     0  startup_stm32f407xx.o(.text)
    DMA1_Stream5_IRQHandler                  0x0800027b   Thumb Code     0  startup_stm32f407xx.o(.text)
    DMA1_Stream6_IRQHandler                  0x0800027b   Thumb Code     0  startup_stm32f407xx.o(.text)
    DMA1_Stream7_IRQHandler                  0x0800027b   Thumb Code     0  startup_stm32f407xx.o(.text)
    DMA2_Stream0_IRQHandler                  0x0800027b   Thumb Code     0  startup_stm32f407xx.o(.text)
    DMA2_Stream1_IRQHandler                  0x0800027b   Thumb Code     0  startup_stm32f407xx.o(.text)
    DMA2_Stream2_IRQHandler                  0x0800027b   Thumb Code     0  startup_stm32f407xx.o(.text)
    DMA2_Stream3_IRQHandler                  0x0800027b   Thumb Code     0  startup_stm32f407xx.o(.text)
    DMA2_Stream4_IRQHandler                  0x0800027b   Thumb Code     0  startup_stm32f407xx.o(.text)
    DMA2_Stream5_IRQHandler                  0x0800027b   Thumb Code     0  startup_stm32f407xx.o(.text)
    DMA2_Stream6_IRQHandler                  0x0800027b   Thumb Code     0  startup_stm32f407xx.o(.text)
    DMA2_Stream7_IRQHandler                  0x0800027b   Thumb Code     0  startup_stm32f407xx.o(.text)
    ETH_IRQHandler                           0x0800027b   Thumb Code     0  startup_stm32f407xx.o(.text)
    ETH_WKUP_IRQHandler                      0x0800027b   Thumb Code     0  startup_stm32f407xx.o(.text)
    EXTI0_IRQHandler                         0x0800027b   Thumb Code     0  startup_stm32f407xx.o(.text)
    EXTI15_10_IRQHandler                     0x0800027b   Thumb Code     0  startup_stm32f407xx.o(.text)
    EXTI1_IRQHandler                         0x0800027b   Thumb Code     0  startup_stm32f407xx.o(.text)
    EXTI2_IRQHandler                         0x0800027b   Thumb Code     0  startup_stm32f407xx.o(.text)
    EXTI3_IRQHandler                         0x0800027b   Thumb Code     0  startup_stm32f407xx.o(.text)
    EXTI4_IRQHandler                         0x0800027b   Thumb Code     0  startup_stm32f407xx.o(.text)
    EXTI9_5_IRQHandler                       0x0800027b   Thumb Code     0  startup_stm32f407xx.o(.text)
    FLASH_IRQHandler                         0x0800027b   Thumb Code     0  startup_stm32f407xx.o(.text)
    FMC_IRQHandler                           0x0800027b   Thumb Code     0  startup_stm32f407xx.o(.text)
    FPU_IRQHandler                           0x0800027b   Thumb Code     0  startup_stm32f407xx.o(.text)
    HASH_RNG_IRQHandler                      0x0800027b   Thumb Code     0  startup_stm32f407xx.o(.text)
    I2C1_ER_IRQHandler                       0x0800027b   Thumb Code     0  startup_stm32f407xx.o(.text)
    I2C1_EV_IRQHandler                       0x0800027b   Thumb Code     0  startup_stm32f407xx.o(.text)
    I2C2_ER_IRQHandler                       0x0800027b   Thumb Code     0  startup_stm32f407xx.o(.text)
    I2C2_EV_IRQHandler                       0x0800027b   Thumb Code     0  startup_stm32f407xx.o(.text)
    I2C3_ER_IRQHandler                       0x0800027b   Thumb Code     0  startup_stm32f407xx.o(.text)
    I2C3_EV_IRQHandler                       0x0800027b   Thumb Code     0  startup_stm32f407xx.o(.text)
    OTG_FS_IRQHandler                        0x0800027b   Thumb Code     0  startup_stm32f407xx.o(.text)
    OTG_FS_WKUP_IRQHandler                   0x0800027b   Thumb Code     0  startup_stm32f407xx.o(.text)
    OTG_HS_EP1_IN_IRQHandler                 0x0800027b   Thumb Code     0  startup_stm32f407xx.o(.text)
    OTG_HS_EP1_OUT_IRQHandler                0x0800027b   Thumb Code     0  startup_stm32f407xx.o(.text)
    OTG_HS_IRQHandler                        0x0800027b   Thumb Code     0  startup_stm32f407xx.o(.text)
    OTG_HS_WKUP_IRQHandler                   0x0800027b   Thumb Code     0  startup_stm32f407xx.o(.text)
    PVD_IRQHandler                           0x0800027b   Thumb Code     0  startup_stm32f407xx.o(.text)
    RCC_IRQHandler                           0x0800027b   Thumb Code     0  startup_stm32f407xx.o(.text)
    RTC_Alarm_IRQHandler                     0x0800027b   Thumb Code     0  startup_stm32f407xx.o(.text)
    RTC_WKUP_IRQHandler                      0x0800027b   Thumb Code     0  startup_stm32f407xx.o(.text)
    SDIO_IRQHandler                          0x0800027b   Thumb Code     0  startup_stm32f407xx.o(.text)
    SPI1_IRQHandler                          0x0800027b   Thumb Code     0  startup_stm32f407xx.o(.text)
    SPI2_IRQHandler                          0x0800027b   Thumb Code     0  startup_stm32f407xx.o(.text)
    SPI3_IRQHandler                          0x0800027b   Thumb Code     0  startup_stm32f407xx.o(.text)
    TAMP_STAMP_IRQHandler                    0x0800027b   Thumb Code     0  startup_stm32f407xx.o(.text)
    TIM1_BRK_TIM9_IRQHandler                 0x0800027b   Thumb Code     0  startup_stm32f407xx.o(.text)
    TIM1_CC_IRQHandler                       0x0800027b   Thumb Code     0  startup_stm32f407xx.o(.text)
    TIM1_TRG_COM_TIM11_IRQHandler            0x0800027b   Thumb Code     0  startup_stm32f407xx.o(.text)
    TIM2_IRQHandler                          0x0800027b   Thumb Code     0  startup_stm32f407xx.o(.text)
    TIM3_IRQHandler                          0x0800027b   Thumb Code     0  startup_stm32f407xx.o(.text)
    TIM4_IRQHandler                          0x0800027b   Thumb Code     0  startup_stm32f407xx.o(.text)
    TIM5_IRQHandler                          0x0800027b   Thumb Code     0  startup_stm32f407xx.o(.text)
    TIM6_DAC_IRQHandler                      0x0800027b   Thumb Code     0  startup_stm32f407xx.o(.text)
    TIM7_IRQHandler                          0x0800027b   Thumb Code     0  startup_stm32f407xx.o(.text)
    TIM8_BRK_TIM12_IRQHandler                0x0800027b   Thumb Code     0  startup_stm32f407xx.o(.text)
    TIM8_CC_IRQHandler                       0x0800027b   Thumb Code     0  startup_stm32f407xx.o(.text)
    TIM8_TRG_COM_TIM14_IRQHandler            0x0800027b   Thumb Code     0  startup_stm32f407xx.o(.text)
    TIM8_UP_TIM13_IRQHandler                 0x0800027b   Thumb Code     0  startup_stm32f407xx.o(.text)
    UART5_IRQHandler                         0x0800027b   Thumb Code     0  startup_stm32f407xx.o(.text)
    USART6_IRQHandler                        0x0800027b   Thumb Code     0  startup_stm32f407xx.o(.text)
    WWDG_IRQHandler                          0x0800027b   Thumb Code     0  startup_stm32f407xx.o(.text)
    __aeabi_uldivmod                         0x08000285   Thumb Code    98  uldiv.o(.text)
    __aeabi_memcpy                           0x080002e7   Thumb Code    36  memcpya.o(.text)
    __aeabi_memcpy4                          0x080002e7   Thumb Code     0  memcpya.o(.text)
    __aeabi_memcpy8                          0x080002e7   Thumb Code     0  memcpya.o(.text)
    __aeabi_memset                           0x0800030b   Thumb Code    14  memseta.o(.text)
    __aeabi_memset4                          0x0800030b   Thumb Code     0  memseta.o(.text)
    __aeabi_memset8                          0x0800030b   Thumb Code     0  memseta.o(.text)
    __aeabi_memclr                           0x08000319   Thumb Code     4  memseta.o(.text)
    __aeabi_memclr4                          0x08000319   Thumb Code     0  memseta.o(.text)
    __aeabi_memclr8                          0x08000319   Thumb Code     0  memseta.o(.text)
    memset                                   0x0800031d   Thumb Code    18  memseta.o(.text)
    strncpy                                  0x0800032f   Thumb Code    24  strncpy.o(.text)
    __aeabi_llsl                             0x08000347   Thumb Code    30  llshl.o(.text)
    _ll_shift_l                              0x08000347   Thumb Code     0  llshl.o(.text)
    __aeabi_llsr                             0x08000365   Thumb Code    32  llushr.o(.text)
    _ll_ushift_r                             0x08000365   Thumb Code     0  llushr.o(.text)
    __scatterload                            0x08000385   Thumb Code    28  init.o(.text)
    __scatterload_rt2                        0x08000385   Thumb Code     0  init.o(.text)
    __decompress                             0x080003a9   Thumb Code     0  __dczerorl2.o(.text)
    __decompress1                            0x080003a9   Thumb Code    86  __dczerorl2.o(.text)
    A_Osal_MutexCreate                       0x080003ff   Thumb Code    30  aolkme_osal.o(i.A_Osal_MutexCreate)
    A_Osal_MutexLock                         0x0800041d   Thumb Code    34  aolkme_osal.o(i.A_Osal_MutexLock)
    A_Osal_MutexUnlock                       0x0800043f   Thumb Code    34  aolkme_osal.o(i.A_Osal_MutexUnlock)
    A_Osal_TaskCreate                        0x08000461   Thumb Code    92  aolkme_osal.o(i.A_Osal_TaskCreate)
    A_Osal_TaskSleepMs                       0x080004bd   Thumb Code    24  aolkme_osal.o(i.A_Osal_TaskSleepMs)
    BootServiceStart                         0x080004d5   Thumb Code    34  bootservice.o(i.BootServiceStart)
    BootService_Task                         0x08000511   Thumb Code    34  bootservice.o(i.BootService_Task)
    BusFault_Handler                         0x08000533   Thumb Code     4  stm32f4xx_it.o(i.BusFault_Handler)
    Cal_CRC16                                0x08000537   Thumb Code    52  ymodem.o(i.Cal_CRC16)
    Check_BIOS                               0x0800056b   Thumb Code    34  button.o(i.Check_BIOS)
    Check_BIOS_Button                        0x0800058d   Thumb Code    20  button.o(i.Check_BIOS_Button)
    DebugMon_Handler                         0x080005a5   Thumb Code     2  stm32f4xx_it.o(i.DebugMon_Handler)
    Error_Handler                            0x080005a7   Thumb Code     6  main.o(i.Error_Handler)
    FLASH_Erase_Sector                       0x080005ad   Thumb Code    86  stm32f4xx_hal_flash_ex.o(i.FLASH_Erase_Sector)
    FLASH_FlushCaches                        0x08000609   Thumb Code   114  stm32f4xx_hal_flash_ex.o(i.FLASH_FlushCaches)
    FLASH_If_Erase                           0x08000681   Thumb Code    90  flash_if.o(i.FLASH_If_Erase)
    FLASH_If_GetWriteProtectionStatus        0x080006e1   Thumb Code    42  flash_if.o(i.FLASH_If_GetWriteProtectionStatus)
    FLASH_If_Write                           0x0800070d   Thumb Code   162  flash_if.o(i.FLASH_If_Write)
    FLASH_If_WriteProtectionConfig           0x080007b9   Thumb Code    68  flash_if.o(i.FLASH_If_WriteProtectionConfig)
    FLASH_WaitForLastOperation               0x08000a81   Thumb Code    90  stm32f4xx_hal_flash.o(i.FLASH_WaitForLastOperation)
    HAL_Delay                                0x08000bc9   Thumb Code    36  stm32f4xx_hal.o(i.HAL_Delay)
    HAL_FLASHEx_Erase                        0x08000bf1   Thumb Code   162  stm32f4xx_hal_flash_ex.o(i.HAL_FLASHEx_Erase)
    HAL_FLASHEx_OBGetConfig                  0x08000c9d   Thumb Code    34  stm32f4xx_hal_flash_ex.o(i.HAL_FLASHEx_OBGetConfig)
    HAL_FLASHEx_OBProgram                    0x08000cc1   Thumb Code   144  stm32f4xx_hal_flash_ex.o(i.HAL_FLASHEx_OBProgram)
    HAL_FLASH_Lock                           0x08000d55   Thumb Code    16  stm32f4xx_hal_flash.o(i.HAL_FLASH_Lock)
    HAL_FLASH_OB_Launch                      0x08000d69   Thumb Code    24  stm32f4xx_hal_flash.o(i.HAL_FLASH_OB_Launch)
    HAL_FLASH_OB_Unlock                      0x08000d85   Thumb Code    32  stm32f4xx_hal_flash.o(i.HAL_FLASH_OB_Unlock)
    HAL_FLASH_Program                        0x08000db1   Thumb Code   134  stm32f4xx_hal_flash.o(i.HAL_FLASH_Program)
    HAL_FLASH_Unlock                         0x08000e41   Thumb Code    38  stm32f4xx_hal_flash.o(i.HAL_FLASH_Unlock)
    HAL_GPIO_Init                            0x08000e75   Thumb Code   454  stm32f4xx_hal_gpio.o(i.HAL_GPIO_Init)
    HAL_GPIO_ReadPin                         0x08001069   Thumb Code    16  stm32f4xx_hal_gpio.o(i.HAL_GPIO_ReadPin)
    HAL_GPIO_TogglePin                       0x08001079   Thumb Code    20  stm32f4xx_hal_gpio.o(i.HAL_GPIO_TogglePin)
    HAL_GPIO_WritePin                        0x0800108d   Thumb Code    12  stm32f4xx_hal_gpio.o(i.HAL_GPIO_WritePin)
    HAL_GetTick                              0x08001099   Thumb Code     6  stm32f4xx_hal.o(i.HAL_GetTick)
    HAL_IncTick                              0x080010a5   Thumb Code    16  stm32f4xx_hal.o(i.HAL_IncTick)
    HAL_Init                                 0x080010bd   Thumb Code    54  stm32f4xx_hal.o(i.HAL_Init)
    HAL_InitTick                             0x080010f9   Thumb Code   140  stm32f4xx_hal_timebase_tim.o(i.HAL_InitTick)
    HAL_MspInit                              0x08001199   Thumb Code    78  stm32f4xx_hal_msp.o(i.HAL_MspInit)
    HAL_NVIC_EnableIRQ                       0x080011ed   Thumb Code    40  stm32f4xx_hal_cortex.o(i.HAL_NVIC_EnableIRQ)
    HAL_NVIC_SetPriority                     0x08001215   Thumb Code   124  stm32f4xx_hal_cortex.o(i.HAL_NVIC_SetPriority)
    HAL_NVIC_SetPriorityGrouping             0x08001291   Thumb Code    32  stm32f4xx_hal_cortex.o(i.HAL_NVIC_SetPriorityGrouping)
    HAL_RCC_GetClockConfig                   0x080012b9   Thumb Code    58  stm32f4xx_hal_rcc.o(i.HAL_RCC_GetClockConfig)
    HAL_RCC_GetHCLKFreq                      0x080012fd   Thumb Code     6  stm32f4xx_hal_rcc.o(i.HAL_RCC_GetHCLKFreq)
    HAL_RCC_GetPCLK1Freq                     0x08001309   Thumb Code    22  stm32f4xx_hal_rcc.o(i.HAL_RCC_GetPCLK1Freq)
    HAL_RCC_GetPCLK2Freq                     0x08001329   Thumb Code    22  stm32f4xx_hal_rcc.o(i.HAL_RCC_GetPCLK2Freq)
    HAL_TIMEx_BreakCallback                  0x08001349   Thumb Code     2  stm32f4xx_hal_tim_ex.o(i.HAL_TIMEx_BreakCallback)
    HAL_TIMEx_CommutCallback                 0x0800134b   Thumb Code     2  stm32f4xx_hal_tim_ex.o(i.HAL_TIMEx_CommutCallback)
    HAL_TIM_Base_Init                        0x0800134d   Thumb Code   102  stm32f4xx_hal_tim.o(i.HAL_TIM_Base_Init)
    HAL_TIM_Base_MspInit                     0x080013b3   Thumb Code     2  stm32f4xx_hal_tim.o(i.HAL_TIM_Base_MspInit)
    HAL_TIM_Base_Start_IT                    0x080013b5   Thumb Code   138  stm32f4xx_hal_tim.o(i.HAL_TIM_Base_Start_IT)
    HAL_TIM_IC_CaptureCallback               0x0800145d   Thumb Code     2  stm32f4xx_hal_tim.o(i.HAL_TIM_IC_CaptureCallback)
    HAL_TIM_IRQHandler                       0x0800145f   Thumb Code   364  stm32f4xx_hal_tim.o(i.HAL_TIM_IRQHandler)
    HAL_TIM_OC_DelayElapsedCallback          0x080015cb   Thumb Code     2  stm32f4xx_hal_tim.o(i.HAL_TIM_OC_DelayElapsedCallback)
    HAL_TIM_PWM_PulseFinishedCallback        0x080015cd   Thumb Code     2  stm32f4xx_hal_tim.o(i.HAL_TIM_PWM_PulseFinishedCallback)
    HAL_TIM_PeriodElapsedCallback            0x080015d1   Thumb Code    18  main.o(i.HAL_TIM_PeriodElapsedCallback)
    HAL_TIM_TriggerCallback                  0x080015e9   Thumb Code     2  stm32f4xx_hal_tim.o(i.HAL_TIM_TriggerCallback)
    HAL_UART_Init                            0x080015eb   Thumb Code   118  stm32f4xx_hal_uart.o(i.HAL_UART_Init)
    HAL_UART_MspInit                         0x08001661   Thumb Code   138  usart.o(i.HAL_UART_MspInit)
    HAL_UART_Transmit                        0x080016f9   Thumb Code   190  stm32f4xx_hal_uart.o(i.HAL_UART_Transmit)
    HardFault_Handler                        0x080017b7   Thumb Code     4  stm32f4xx_it.o(i.HardFault_Handler)
    Int2Str                                  0x080017bd   Thumb Code    92  common.o(i.Int2Str)
    JumpToApp                                0x0800181d   Thumb Code    60  bootservice.o(i.JumpToApp)
    LED_Task                                 0x08001869   Thumb Code    24  freertos.o(i.LED_Task)
    MX_FREERTOS_Init                         0x08001885   Thumb Code    32  freertos.o(i.MX_FREERTOS_Init)
    MX_GPIO_Init                             0x080018bd   Thumb Code   144  gpio.o(i.MX_GPIO_Init)
    MX_USART2_UART_Init                      0x08001955   Thumb Code    46  usart.o(i.MX_USART2_UART_Init)
    MemManage_Handler                        0x0800198d   Thumb Code     4  stm32f4xx_it.o(i.MemManage_Handler)
    NMI_Handler                              0x08001991   Thumb Code     4  stm32f4xx_it.o(i.NMI_Handler)
    RingBuf_Get                              0x08001b69   Thumb Code   116  aolkme_ringbuffer.o(i.RingBuf_Get)
    RingBuf_GetUnusedSize                    0x08001bdd   Thumb Code    16  aolkme_ringbuffer.o(i.RingBuf_GetUnusedSize)
    RingBuf_Init                             0x08001bed   Thumb Code    26  aolkme_ringbuffer.o(i.RingBuf_Init)
    RingBuf_Put                              0x08001c07   Thumb Code   124  aolkme_ringbuffer.o(i.RingBuf_Put)
    SerialDownload                           0x08001c85   Thumb Code   118  bios_menu.o(i.SerialDownload)
    SerialDownloadOther                      0x08001e05   Thumb Code     6  bios_menu.o(i.SerialDownloadOther)
    SerialUpload                             0x08001e11   Thumb Code    70  bios_menu.o(i.SerialUpload)
    Serial_PutByte                           0x08001edd   Thumb Code    16  common.o(i.Serial_PutByte)
    Serial_PutString                         0x08001eed   Thumb Code    30  common.o(i.Serial_PutString)
    Show_BIOS_Menu                           0x08001f0d   Thumb Code   276  bios_menu.o(i.Show_BIOS_Menu)
    StartDefaultTask                         0x08002145   Thumb Code    10  freertos.o(i.StartDefaultTask)
    Str2Int                                  0x0800214f   Thumb Code   244  common.o(i.Str2Int)
    SysTick_Handler                          0x08002243   Thumb Code    22  cmsis_os2.o(i.SysTick_Handler)
    SystemInit                               0x08002259   Thumb Code    14  system_stm32f4xx.o(i.SystemInit)
    TIM1_UP_TIM10_IRQHandler                 0x0800226d   Thumb Code    10  stm32f4xx_it.o(i.TIM1_UP_TIM10_IRQHandler)
    TIM_Base_SetConfig                       0x0800227d   Thumb Code   178  stm32f4xx_hal_tim.o(i.TIM_Base_SetConfig)
    UART4_IRQHandler                         0x0800235d   Thumb Code   194  uart.o(i.UART4_IRQHandler)
    UART_Init                                0x0800249d   Thumb Code   334  uart.o(i.UART_Init)
    UART_Read                                0x0800265d   Thumb Code   162  uart.o(i.UART_Read)
    UART_Write                               0x080029d9   Thumb Code   406  uart.o(i.UART_Write)
    USART1_IRQHandler                        0x08002bb1   Thumb Code   164  uart.o(i.USART1_IRQHandler)
    USART2_IRQHandler                        0x08002c65   Thumb Code   204  uart.o(i.USART2_IRQHandler)
    USART3_IRQHandler                        0x08002d45   Thumb Code   164  uart.o(i.USART3_IRQHandler)
    Uart_ReadWithTimeOut                     0x08002df9   Thumb Code    68  ymodem.o(i.Uart_ReadWithTimeOut)
    Uart_WriteWithTimeOut                    0x08002e3d   Thumb Code    38  ymodem.o(i.Uart_WriteWithTimeOut)
    UpdateCRC16                              0x08002e63   Thumb Code    50  ymodem.o(i.UpdateCRC16)
    UsageFault_Handler                       0x08002e95   Thumb Code     4  stm32f4xx_it.o(i.UsageFault_Handler)
    Ymodem_Receive                           0x08002e99   Thumb Code   450  ymodem.o(i.Ymodem_Receive)
    Ymodem_Transmit                          0x08003075   Thumb Code   582  ymodem.o(i.Ymodem_Transmit)
    __0printf$8                              0x080032c1   Thumb Code    22  printf8.o(i.__0printf$8)
    __1printf$8                              0x080032c1   Thumb Code     0  printf8.o(i.__0printf$8)
    __2printf                                0x080032c1   Thumb Code     0  printf8.o(i.__0printf$8)
    __scatterload_copy                       0x0800331f   Thumb Code    14  handlers.o(i.__scatterload_copy)
    __scatterload_null                       0x0800332d   Thumb Code     2  handlers.o(i.__scatterload_null)
    __scatterload_zeroinit                   0x0800332f   Thumb Code    14  handlers.o(i.__scatterload_zeroinit)
    fputc                                    0x08003795   Thumb Code    22  uart.o(i.fputc)
    main                                     0x080037b1   Thumb Code   150  main.o(i.main)
    osDelay                                  0x08003921   Thumb Code    30  cmsis_os2.o(i.osDelay)
    osKernelInitialize                       0x08003941   Thumb Code    38  cmsis_os2.o(i.osKernelInitialize)
    osKernelStart                            0x0800396d   Thumb Code    82  cmsis_os2.o(i.osKernelStart)
    osThreadNew                              0x080039cd   Thumb Code   184  cmsis_os2.o(i.osThreadNew)
    pvPortMalloc                             0x080044dd   Thumb Code   306  heap_4.o(i.pvPortMalloc)
    pvTaskIncrementMutexHeldCount            0x08004629   Thumb Code    26  tasks.o(i.pvTaskIncrementMutexHeldCount)
    pxPortInitialiseStack                    0x08004649   Thumb Code    38  port.o(i.pxPortInitialiseStack)
    uxListRemove                             0x08004675   Thumb Code    40  list.o(i.uxListRemove)
    vApplicationGetIdleTaskMemory            0x0800469d   Thumb Code    14  cmsis_os2.o(i.vApplicationGetIdleTaskMemory)
    vApplicationGetTimerTaskMemory           0x080046b5   Thumb Code    16  cmsis_os2.o(i.vApplicationGetTimerTaskMemory)
    vListInitialise                          0x080046cd   Thumb Code    26  list.o(i.vListInitialise)
    vListInitialiseItem                      0x080046e7   Thumb Code     6  list.o(i.vListInitialiseItem)
    vListInsert                              0x080046ed   Thumb Code    52  list.o(i.vListInsert)
    vListInsertEnd                           0x08004721   Thumb Code    24  list.o(i.vListInsertEnd)
    vPortEnterCritical                       0x08004739   Thumb Code    76  port.o(i.vPortEnterCritical)
    vPortExitCritical                        0x0800478d   Thumb Code    56  port.o(i.vPortExitCritical)
    vPortFree                                0x080047c9   Thumb Code   150  heap_4.o(i.vPortFree)
    vPortSetupTimerInterrupt                 0x0800486d   Thumb Code    36  port.o(i.vPortSetupTimerInterrupt)
    vPortValidateInterruptPriority           0x08004895   Thumb Code   106  port.o(i.vPortValidateInterruptPriority)
    vQueueAddToRegistry                      0x0800490d   Thumb Code    38  queue.o(i.vQueueAddToRegistry)
    vQueueWaitForMessageRestricted           0x08004939   Thumb Code    74  queue.o(i.vQueueWaitForMessageRestricted)
    vTaskDelay                               0x08004985   Thumb Code    82  tasks.o(i.vTaskDelay)
    vTaskInternalSetTimeOutState             0x080049e1   Thumb Code    14  tasks.o(i.vTaskInternalSetTimeOutState)
    vTaskMissedYield                         0x080049f9   Thumb Code     8  tasks.o(i.vTaskMissedYield)
    vTaskPlaceOnEventList                    0x08004a05   Thumb Code    52  tasks.o(i.vTaskPlaceOnEventList)
    vTaskPlaceOnEventListRestricted          0x08004a3d   Thumb Code    60  tasks.o(i.vTaskPlaceOnEventListRestricted)
    vTaskPriorityDisinheritAfterTimeout      0x08004a7d   Thumb Code   194  tasks.o(i.vTaskPriorityDisinheritAfterTimeout)
    vTaskStartScheduler                      0x08004b4d   Thumb Code   156  tasks.o(i.vTaskStartScheduler)
    vTaskSuspendAll                          0x08004c05   Thumb Code    12  tasks.o(i.vTaskSuspendAll)
    vTaskSwitchContext                       0x08004c15   Thumb Code   122  tasks.o(i.vTaskSwitchContext)
    xPortStartScheduler                      0x08004ca5   Thumb Code   330  port.o(i.xPortStartScheduler)
    xPortSysTickHandler                      0x08004e0d   Thumb Code    46  port.o(i.xPortSysTickHandler)
    xQueueCreateMutex                        0x08004e41   Thumb Code    34  queue.o(i.xQueueCreateMutex)
    xQueueGenericCreate                      0x08004e63   Thumb Code    90  queue.o(i.xQueueGenericCreate)
    xQueueGenericCreateStatic                0x08004ebd   Thumb Code   224  queue.o(i.xQueueGenericCreateStatic)
    xQueueGenericReset                       0x08004f9d   Thumb Code   146  queue.o(i.xQueueGenericReset)
    xQueueGenericSend                        0x08005035   Thumb Code   420  queue.o(i.xQueueGenericSend)
    xQueueGenericSendFromISR                 0x080051dd   Thumb Code   252  queue.o(i.xQueueGenericSendFromISR)
    xQueueReceive                            0x080052d9   Thumb Code   356  queue.o(i.xQueueReceive)
    xQueueSemaphoreTake                      0x08005441   Thumb Code   434  queue.o(i.xQueueSemaphoreTake)
    xTaskCheckForTimeOut                     0x080055f9   Thumb Code   132  tasks.o(i.xTaskCheckForTimeOut)
    xTaskCreate                              0x08005685   Thumb Code   100  tasks.o(i.xTaskCreate)
    xTaskCreateStatic                        0x080056e9   Thumb Code   186  tasks.o(i.xTaskCreateStatic)
    xTaskGetSchedulerState                   0x080057a5   Thumb Code    24  tasks.o(i.xTaskGetSchedulerState)
    xTaskGetTickCount                        0x080057c5   Thumb Code     6  tasks.o(i.xTaskGetTickCount)
    xTaskIncrementTick                       0x080057d1   Thumb Code   280  tasks.o(i.xTaskIncrementTick)
    xTaskPriorityDisinherit                  0x08005915   Thumb Code   152  tasks.o(i.xTaskPriorityDisinherit)
    xTaskPriorityInherit                     0x080059b9   Thumb Code   150  tasks.o(i.xTaskPriorityInherit)
    xTaskRemoveFromEventList                 0x08005a5d   Thumb Code   126  tasks.o(i.xTaskRemoveFromEventList)
    xTaskResumeAll                           0x08005af5   Thumb Code   222  tasks.o(i.xTaskResumeAll)
    xTimerCreateTimerTask                    0x08005bf9   Thumb Code   100  timers.o(i.xTimerCreateTimerTask)
    xTimerGenericCommand                     0x08005c71   Thumb Code   128  timers.o(i.xTimerGenericCommand)
    defaultTask_attributes                   0x08005cf4   Data          36  freertos.o(.constdata)
    ledTask_attributes                       0x08005d18   Data          36  freertos.o(.constdata)
    AHBPrescTable                            0x08005d3c   Data          16  system_stm32f4xx.o(.constdata)
    APBPrescTable                            0x08005d4c   Data           8  system_stm32f4xx.o(.constdata)
    Region$$Table$$Base                      0x08006108   Number         0  anon$$obj.o(Region$$Table)
    Region$$Table$$Limit                     0x08006128   Number         0  anon$$obj.o(Region$$Table)
    defaultTaskHandle                        0x200040c0   Data           4  freertos.o(.data)
    ledTaskHandle                            0x200040c4   Data           4  freertos.o(.data)
    pFlash                                   0x200040c8   Data          32  stm32f4xx_hal_flash.o(.data)
    uwTick                                   0x200040e8   Data           4  stm32f4xx_hal.o(.data)
    uwTickPrio                               0x200040ec   Data           4  stm32f4xx_hal.o(.data)
    uwTickFreq                               0x200040f0   Data           1  stm32f4xx_hal.o(.data)
    SystemCoreClock                          0x200040f4   Data           4  system_stm32f4xx.o(.data)
    pxCurrentTCB                             0x200040f8   Data           4  tasks.o(.data)
    JumpToApplication                        0x20004178   Data           4  bootservice.o(.data)
    JumpAddress                              0x2000417c   Data           4  bootservice.o(.data)
    BootServiceTaskHandle                    0x20004180   Data           4  bootservice.o(.data)
    FlashProtection                          0x20004184   Data           4  bios_menu.o(.data)
    UART2_UART4_fORWARD                      0x20004188   Data           1  bios_menu.o(.data)
    flashdestination                         0x2000418c   Data           4  ymodem.o(.data)
    __stdout                                 0x200041e0   Data           4  stdout.o(.data)
    huart2                                   0x200041e4   Data          72  usart.o(.bss)
    htim10                                   0x2000422c   Data          72  stm32f4xx_hal_timebase_tim.o(.bss)
    xQueueRegistry                           0x20004274   Data          64  queue.o(.bss)
    aFileName                                0x20008f48   Data          64  ymodem.o(.bss)
    aPacketData                              0x20008f88   Data        1030  ymodem.o(.bss)
    __initial_sp                             0x200098c8   Data           0  startup_stm32f407xx.o(STACK)



==============================================================================

Memory Map of the image

  Image Entry point : 0x08000189

  Load Region LR_IROM1 (Base: 0x08000000, Size: 0x0000a30c, Max: 0x00010000, ABSOLUTE, COMPRESSED[0x000061bc])

    Execution Region ER_IROM1 (Exec base: 0x08000000, Load base: 0x08000000, Size: 0x00006128, Max: 0x00010000, ABSOLUTE)

    Exec Addr    Load Addr    Size         Type   Attr      Idx    E Section Name        Object

    0x08000000   0x08000000   0x00000188   Data   RO            3    RESET               startup_stm32f407xx.o
    0x08000188   0x08000188   0x00000000   Code   RO         5503  * .ARM.Collect$$$$00000000  mc_w.l(entry.o)
    0x08000188   0x08000188   0x00000004   Code   RO         5782    .ARM.Collect$$$$00000001  mc_w.l(entry2.o)
    0x0800018c   0x0800018c   0x00000004   Code   RO         5785    .ARM.Collect$$$$00000004  mc_w.l(entry5.o)
    0x08000190   0x08000190   0x00000000   Code   RO         5787    .ARM.Collect$$$$00000008  mc_w.l(entry7b.o)
    0x08000190   0x08000190   0x00000000   Code   RO         5789    .ARM.Collect$$$$0000000A  mc_w.l(entry8b.o)
    0x08000190   0x08000190   0x00000008   Code   RO         5790    .ARM.Collect$$$$0000000B  mc_w.l(entry9a.o)
    0x08000198   0x08000198   0x00000004   Code   RO         5797    .ARM.Collect$$$$0000000E  mc_w.l(entry12b.o)
    0x0800019c   0x0800019c   0x00000000   Code   RO         5792    .ARM.Collect$$$$0000000F  mc_w.l(entry10a.o)
    0x0800019c   0x0800019c   0x00000000   Code   RO         5794    .ARM.Collect$$$$00000011  mc_w.l(entry11a.o)
    0x0800019c   0x0800019c   0x00000004   Code   RO         5783    .ARM.Collect$$$$00002712  mc_w.l(entry2.o)
    0x080001a0   0x080001a0   0x000000be   Code   RO         4786    .emb_text           port.o
    0x0800025e   0x0800025e   0x00000002   PAD
    0x08000260   0x08000260   0x00000024   Code   RO            4    .text               startup_stm32f407xx.o
    0x08000284   0x08000284   0x00000062   Code   RO         5506    .text               mc_w.l(uldiv.o)
    0x080002e6   0x080002e6   0x00000024   Code   RO         5511    .text               mc_w.l(memcpya.o)
    0x0800030a   0x0800030a   0x00000024   Code   RO         5515    .text               mc_w.l(memseta.o)
    0x0800032e   0x0800032e   0x00000018   Code   RO         5517    .text               mc_w.l(strncpy.o)
    0x08000346   0x08000346   0x0000001e   Code   RO         5801    .text               mc_w.l(llshl.o)
    0x08000364   0x08000364   0x00000020   Code   RO         5803    .text               mc_w.l(llushr.o)
    0x08000384   0x08000384   0x00000024   Code   RO         5816    .text               mc_w.l(init.o)
    0x080003a8   0x080003a8   0x00000056   Code   RO         5830    .text               mc_w.l(__dczerorl2.o)
    0x080003fe   0x080003fe   0x0000001e   Code   RO         4867    i.A_Osal_MutexCreate  aolkme_osal.o
    0x0800041c   0x0800041c   0x00000022   Code   RO         4869    i.A_Osal_MutexLock  aolkme_osal.o
    0x0800043e   0x0800043e   0x00000022   Code   RO         4870    i.A_Osal_MutexUnlock  aolkme_osal.o
    0x08000460   0x08000460   0x0000005c   Code   RO         4883    i.A_Osal_TaskCreate  aolkme_osal.o
    0x080004bc   0x080004bc   0x00000018   Code   RO         4885    i.A_Osal_TaskSleepMs  aolkme_osal.o
    0x080004d4   0x080004d4   0x0000003c   Code   RO         5032    i.BootServiceStart  bootservice.o
    0x08000510   0x08000510   0x00000022   Code   RO         5033    i.BootService_Task  bootservice.o
    0x08000532   0x08000532   0x00000004   Code   RO          336    i.BusFault_Handler  stm32f4xx_it.o
    0x08000536   0x08000536   0x00000034   Code   RO         5163    i.Cal_CRC16         ymodem.o
    0x0800056a   0x0800056a   0x00000022   Code   RO         5472    i.Check_BIOS        button.o
    0x0800058c   0x0800058c   0x00000018   Code   RO         5473    i.Check_BIOS_Button  button.o
    0x080005a4   0x080005a4   0x00000002   Code   RO          337    i.DebugMon_Handler  stm32f4xx_it.o
    0x080005a6   0x080005a6   0x00000006   Code   RO           13    i.Error_Handler     main.o
    0x080005ac   0x080005ac   0x0000005c   Code   RO         1721    i.FLASH_Erase_Sector  stm32f4xx_hal_flash_ex.o
    0x08000608   0x08000608   0x00000078   Code   RO         1722    i.FLASH_FlushCaches  stm32f4xx_hal_flash_ex.o
    0x08000680   0x08000680   0x00000060   Code   RO         5425    i.FLASH_If_Erase    flash_if.o
    0x080006e0   0x080006e0   0x0000002a   Code   RO         5426    i.FLASH_If_GetWriteProtectionStatus  flash_if.o
    0x0800070a   0x0800070a   0x00000002   PAD
    0x0800070c   0x0800070c   0x000000ac   Code   RO         5427    i.FLASH_If_Write    flash_if.o
    0x080007b8   0x080007b8   0x00000044   Code   RO         5428    i.FLASH_If_WriteProtectionConfig  flash_if.o
    0x080007fc   0x080007fc   0x00000030   Code   RO         1723    i.FLASH_MassErase   stm32f4xx_hal_flash_ex.o
    0x0800082c   0x0800082c   0x00000020   Code   RO         1724    i.FLASH_OB_BOR_LevelConfig  stm32f4xx_hal_flash_ex.o
    0x0800084c   0x0800084c   0x00000028   Code   RO         1725    i.FLASH_OB_DisableWRP  stm32f4xx_hal_flash_ex.o
    0x08000874   0x08000874   0x00000028   Code   RO         1726    i.FLASH_OB_EnableWRP  stm32f4xx_hal_flash_ex.o
    0x0800089c   0x0800089c   0x00000010   Code   RO         1727    i.FLASH_OB_GetBOR   stm32f4xx_hal_flash_ex.o
    0x080008ac   0x080008ac   0x00000024   Code   RO         1728    i.FLASH_OB_GetRDP   stm32f4xx_hal_flash_ex.o
    0x080008d0   0x080008d0   0x00000010   Code   RO         1729    i.FLASH_OB_GetUser  stm32f4xx_hal_flash_ex.o
    0x080008e0   0x080008e0   0x0000000c   Code   RO         1730    i.FLASH_OB_GetWRP   stm32f4xx_hal_flash_ex.o
    0x080008ec   0x080008ec   0x00000020   Code   RO         1731    i.FLASH_OB_RDP_LevelConfig  stm32f4xx_hal_flash_ex.o
    0x0800090c   0x0800090c   0x00000038   Code   RO         1732    i.FLASH_OB_UserConfig  stm32f4xx_hal_flash_ex.o
    0x08000944   0x08000944   0x00000024   Code   RO         1603    i.FLASH_Program_Byte  stm32f4xx_hal_flash.o
    0x08000968   0x08000968   0x00000030   Code   RO         1604    i.FLASH_Program_DoubleWord  stm32f4xx_hal_flash.o
    0x08000998   0x08000998   0x00000028   Code   RO         1605    i.FLASH_Program_HalfWord  stm32f4xx_hal_flash.o
    0x080009c0   0x080009c0   0x00000028   Code   RO         1606    i.FLASH_Program_Word  stm32f4xx_hal_flash.o
    0x080009e8   0x080009e8   0x00000098   Code   RO         1607    i.FLASH_SetErrorCode  stm32f4xx_hal_flash.o
    0x08000a80   0x08000a80   0x00000064   Code   RO         1608    i.FLASH_WaitForLastOperation  stm32f4xx_hal_flash.o
    0x08000ae4   0x08000ae4   0x000000e4   Code   RO         5429    i.GetSector         flash_if.o
    0x08000bc8   0x08000bc8   0x00000028   Code   RO         2396    i.HAL_Delay         stm32f4xx_hal.o
    0x08000bf0   0x08000bf0   0x000000ac   Code   RO         1733    i.HAL_FLASHEx_Erase  stm32f4xx_hal_flash_ex.o
    0x08000c9c   0x08000c9c   0x00000022   Code   RO         1735    i.HAL_FLASHEx_OBGetConfig  stm32f4xx_hal_flash_ex.o
    0x08000cbe   0x08000cbe   0x00000002   PAD
    0x08000cc0   0x08000cc0   0x00000094   Code   RO         1736    i.HAL_FLASHEx_OBProgram  stm32f4xx_hal_flash_ex.o
    0x08000d54   0x08000d54   0x00000014   Code   RO         1612    i.HAL_FLASH_Lock    stm32f4xx_hal_flash.o
    0x08000d68   0x08000d68   0x0000001c   Code   RO         1613    i.HAL_FLASH_OB_Launch  stm32f4xx_hal_flash.o
    0x08000d84   0x08000d84   0x0000002c   Code   RO         1615    i.HAL_FLASH_OB_Unlock  stm32f4xx_hal_flash.o
    0x08000db0   0x08000db0   0x00000090   Code   RO         1617    i.HAL_FLASH_Program  stm32f4xx_hal_flash.o
    0x08000e40   0x08000e40   0x00000034   Code   RO         1619    i.HAL_FLASH_Unlock  stm32f4xx_hal_flash.o
    0x08000e74   0x08000e74   0x000001f4   Code   RO         1847    i.HAL_GPIO_Init     stm32f4xx_hal_gpio.o
    0x08001068   0x08001068   0x00000010   Code   RO         1849    i.HAL_GPIO_ReadPin  stm32f4xx_hal_gpio.o
    0x08001078   0x08001078   0x00000014   Code   RO         1850    i.HAL_GPIO_TogglePin  stm32f4xx_hal_gpio.o
    0x0800108c   0x0800108c   0x0000000c   Code   RO         1851    i.HAL_GPIO_WritePin  stm32f4xx_hal_gpio.o
    0x08001098   0x08001098   0x0000000c   Code   RO         2402    i.HAL_GetTick       stm32f4xx_hal.o
    0x080010a4   0x080010a4   0x00000018   Code   RO         2408    i.HAL_IncTick       stm32f4xx_hal.o
    0x080010bc   0x080010bc   0x0000003c   Code   RO         2409    i.HAL_Init          stm32f4xx_hal.o
    0x080010f8   0x080010f8   0x000000a0   Code   RO          424    i.HAL_InitTick      stm32f4xx_hal_timebase_tim.o
    0x08001198   0x08001198   0x00000054   Code   RO          400    i.HAL_MspInit       stm32f4xx_hal_msp.o
    0x080011ec   0x080011ec   0x00000028   Code   RO         2239    i.HAL_NVIC_EnableIRQ  stm32f4xx_hal_cortex.o
    0x08001214   0x08001214   0x0000007c   Code   RO         2245    i.HAL_NVIC_SetPriority  stm32f4xx_hal_cortex.o
    0x08001290   0x08001290   0x00000028   Code   RO         2246    i.HAL_NVIC_SetPriorityGrouping  stm32f4xx_hal_cortex.o
    0x080012b8   0x080012b8   0x00000044   Code   RO         1452    i.HAL_RCC_GetClockConfig  stm32f4xx_hal_rcc.o
    0x080012fc   0x080012fc   0x0000000c   Code   RO         1453    i.HAL_RCC_GetHCLKFreq  stm32f4xx_hal_rcc.o
    0x08001308   0x08001308   0x00000020   Code   RO         1455    i.HAL_RCC_GetPCLK1Freq  stm32f4xx_hal_rcc.o
    0x08001328   0x08001328   0x00000020   Code   RO         1456    i.HAL_RCC_GetPCLK2Freq  stm32f4xx_hal_rcc.o
    0x08001348   0x08001348   0x00000002   Code   RO         1180    i.HAL_TIMEx_BreakCallback  stm32f4xx_hal_tim_ex.o
    0x0800134a   0x0800134a   0x00000002   Code   RO         1181    i.HAL_TIMEx_CommutCallback  stm32f4xx_hal_tim_ex.o
    0x0800134c   0x0800134c   0x00000066   Code   RO          465    i.HAL_TIM_Base_Init  stm32f4xx_hal_tim.o
    0x080013b2   0x080013b2   0x00000002   Code   RO          467    i.HAL_TIM_Base_MspInit  stm32f4xx_hal_tim.o
    0x080013b4   0x080013b4   0x000000a8   Code   RO          470    i.HAL_TIM_Base_Start_IT  stm32f4xx_hal_tim.o
    0x0800145c   0x0800145c   0x00000002   Code   RO          499    i.HAL_TIM_IC_CaptureCallback  stm32f4xx_hal_tim.o
    0x0800145e   0x0800145e   0x0000016c   Code   RO          513    i.HAL_TIM_IRQHandler  stm32f4xx_hal_tim.o
    0x080015ca   0x080015ca   0x00000002   Code   RO          516    i.HAL_TIM_OC_DelayElapsedCallback  stm32f4xx_hal_tim.o
    0x080015cc   0x080015cc   0x00000002   Code   RO          543    i.HAL_TIM_PWM_PulseFinishedCallback  stm32f4xx_hal_tim.o
    0x080015ce   0x080015ce   0x00000002   PAD
    0x080015d0   0x080015d0   0x00000018   Code   RO           14    i.HAL_TIM_PeriodElapsedCallback  main.o
    0x080015e8   0x080015e8   0x00000002   Code   RO          556    i.HAL_TIM_TriggerCallback  stm32f4xx_hal_tim.o
    0x080015ea   0x080015ea   0x00000076   Code   RO         2677    i.HAL_UART_Init     stm32f4xx_hal_uart.o
    0x08001660   0x08001660   0x00000098   Code   RO          295    i.HAL_UART_MspInit  usart.o
    0x080016f8   0x080016f8   0x000000be   Code   RO         2685    i.HAL_UART_Transmit  stm32f4xx_hal_uart.o
    0x080017b6   0x080017b6   0x00000004   Code   RO          338    i.HardFault_Handler  stm32f4xx_it.o
    0x080017ba   0x080017ba   0x00000002   PAD
    0x080017bc   0x080017bc   0x00000060   Code   RO         5383    i.Int2Str           common.o
    0x0800181c   0x0800181c   0x0000004c   Code   RO         5034    i.JumpToApp         bootservice.o
    0x08001868   0x08001868   0x0000001c   Code   RO          220    i.LED_Task          freertos.o
    0x08001884   0x08001884   0x00000038   Code   RO          221    i.MX_FREERTOS_Init  freertos.o
    0x080018bc   0x080018bc   0x00000098   Code   RO          196    i.MX_GPIO_Init      gpio.o
    0x08001954   0x08001954   0x00000038   Code   RO          296    i.MX_USART2_UART_Init  usart.o
    0x0800198c   0x0800198c   0x00000004   Code   RO          339    i.MemManage_Handler  stm32f4xx_it.o
    0x08001990   0x08001990   0x00000004   Code   RO          340    i.NMI_Handler       stm32f4xx_it.o
    0x08001994   0x08001994   0x00000066   Code   RO         5165    i.PrepareIntialPacket  ymodem.o
    0x080019fa   0x080019fa   0x0000007a   Code   RO         5166    i.PreparePacket     ymodem.o
    0x08001a74   0x08001a74   0x000000d2   Code   RO         5167    i.ReceivePacket     ymodem.o
    0x08001b46   0x08001b46   0x00000022   Code   RO         5249    i.RingBuf_CutBufSizeToPowOfTwo  aolkme_ringbuffer.o
    0x08001b68   0x08001b68   0x00000074   Code   RO         5250    i.RingBuf_Get       aolkme_ringbuffer.o
    0x08001bdc   0x08001bdc   0x00000010   Code   RO         5251    i.RingBuf_GetUnusedSize  aolkme_ringbuffer.o
    0x08001bec   0x08001bec   0x0000001a   Code   RO         5252    i.RingBuf_Init      aolkme_ringbuffer.o
    0x08001c06   0x08001c06   0x0000007c   Code   RO         5253    i.RingBuf_Put       aolkme_ringbuffer.o
    0x08001c82   0x08001c82   0x00000002   PAD
    0x08001c84   0x08001c84   0x00000180   Code   RO         5093    i.SerialDownload    bios_menu.o
    0x08001e04   0x08001e04   0x0000000c   Code   RO         5094    i.SerialDownloadOther  bios_menu.o
    0x08001e10   0x08001e10   0x000000cc   Code   RO         5095    i.SerialUpload      bios_menu.o
    0x08001edc   0x08001edc   0x00000010   Code   RO         5384    i.Serial_PutByte    common.o
    0x08001eec   0x08001eec   0x0000001e   Code   RO         5385    i.Serial_PutString  common.o
    0x08001f0a   0x08001f0a   0x00000002   PAD
    0x08001f0c   0x08001f0c   0x00000238   Code   RO         5096    i.Show_BIOS_Menu    bios_menu.o
    0x08002144   0x08002144   0x0000000a   Code   RO          222    i.StartDefaultTask  freertos.o
    0x0800214e   0x0800214e   0x000000f4   Code   RO         5386    i.Str2Int           common.o
    0x08002242   0x08002242   0x00000016   Code   RO         4201    i.SysTick_Handler   cmsis_os2.o
    0x08002258   0x08002258   0x00000014   Code   RO         3021    i.SystemInit        system_stm32f4xx.o
    0x0800226c   0x0800226c   0x00000010   Code   RO          341    i.TIM1_UP_TIM10_IRQHandler  stm32f4xx_it.o
    0x0800227c   0x0800227c   0x000000e0   Code   RO          558    i.TIM_Base_SetConfig  stm32f4xx_hal_tim.o
    0x0800235c   0x0800235c   0x000000d4   Code   RO         5299    i.UART4_IRQHandler  uart.o
    0x08002430   0x08002430   0x0000006c   Code   RO         2700    i.UART_EndRxTransfer  stm32f4xx_hal_uart.o
    0x0800249c   0x0800249c   0x000001c0   Code   RO         5301    i.UART_Init         uart.o
    0x0800265c   0x0800265c   0x000000c4   Code   RO         5302    i.UART_Read         uart.o
    0x08002720   0x08002720   0x0000022c   Code   RO         2704    i.UART_SetConfig    stm32f4xx_hal_uart.o
    0x0800294c   0x0800294c   0x0000008c   Code   RO         2708    i.UART_WaitOnFlagUntilTimeout  stm32f4xx_hal_uart.o
    0x080029d8   0x080029d8   0x000001d8   Code   RO         5303    i.UART_Write        uart.o
    0x08002bb0   0x08002bb0   0x000000b4   Code   RO         5304    i.USART1_IRQHandler  uart.o
    0x08002c64   0x08002c64   0x000000e0   Code   RO         5305    i.USART2_IRQHandler  uart.o
    0x08002d44   0x08002d44   0x000000b4   Code   RO         5306    i.USART3_IRQHandler  uart.o
    0x08002df8   0x08002df8   0x00000044   Code   RO         5168    i.Uart_ReadWithTimeOut  ymodem.o
    0x08002e3c   0x08002e3c   0x00000026   Code   RO         5169    i.Uart_WriteWithTimeOut  ymodem.o
    0x08002e62   0x08002e62   0x00000032   Code   RO         5170    i.UpdateCRC16       ymodem.o
    0x08002e94   0x08002e94   0x00000004   Code   RO          342    i.UsageFault_Handler  stm32f4xx_it.o
    0x08002e98   0x08002e98   0x000001dc   Code   RO         5171    i.Ymodem_Receive    ymodem.o
    0x08003074   0x08003074   0x0000024c   Code   RO         5172    i.Ymodem_Transmit   ymodem.o
    0x080032c0   0x080032c0   0x00000020   Code   RO         5728    i.__0printf$8       mc_w.l(printf8.o)
    0x080032e0   0x080032e0   0x00000010   Code   RO         2252    i.__NVIC_GetPriorityGrouping  stm32f4xx_hal_cortex.o
    0x080032f0   0x080032f0   0x00000028   Code   RO         2253    i.__NVIC_SetPriority  stm32f4xx_hal_cortex.o
    0x08003318   0x08003318   0x00000006   Code   RO         4203    i.__get_IPSR        cmsis_os2.o
    0x0800331e   0x0800331e   0x0000000e   Code   RO         5824    i.__scatterload_copy  mc_w.l(handlers.o)
    0x0800332c   0x0800332c   0x00000002   Code   RO         5825    i.__scatterload_null  mc_w.l(handlers.o)
    0x0800332e   0x0800332e   0x0000000e   Code   RO         5826    i.__scatterload_zeroinit  mc_w.l(handlers.o)
    0x0800333c   0x0800333c   0x00000404   Code   RO         5735    i._printf_core      mc_w.l(printf8.o)
    0x08003740   0x08003740   0x00000024   Code   RO         5736    i._printf_post_padding  mc_w.l(printf8.o)
    0x08003764   0x08003764   0x0000002e   Code   RO         5737    i._printf_pre_padding  mc_w.l(printf8.o)
    0x08003792   0x08003792   0x00000002   PAD
    0x08003794   0x08003794   0x0000001c   Code   RO         5307    i.fputc             uart.o
    0x080037b0   0x080037b0   0x00000170   Code   RO           16    i.main              main.o
    0x08003920   0x08003920   0x0000001e   Code   RO         4204    i.osDelay           cmsis_os2.o
    0x0800393e   0x0800393e   0x00000002   PAD
    0x08003940   0x08003940   0x0000002c   Code   RO         4218    i.osKernelInitialize  cmsis_os2.o
    0x0800396c   0x0800396c   0x00000060   Code   RO         4221    i.osKernelStart     cmsis_os2.o
    0x080039cc   0x080039cc   0x000000b8   Code   RO         4263    i.osThreadNew       cmsis_os2.o
    0x08003a84   0x08003a84   0x0000007c   Code   RO         3638    i.prvAddCurrentTaskToDelayedList  tasks.o
    0x08003b00   0x08003b00   0x000000b8   Code   RO         3639    i.prvAddNewTaskToReadyList  tasks.o
    0x08003bb8   0x08003bb8   0x00000074   Code   RO         4014    i.prvCheckForValidListAndQueue  timers.o
    0x08003c2c   0x08003c2c   0x00000048   Code   RO         3640    i.prvCheckTasksWaitingTermination  tasks.o
    0x08003c74   0x08003c74   0x0000002a   Code   RO         3225    i.prvCopyDataFromQueue  queue.o
    0x08003c9e   0x08003c9e   0x0000007e   Code   RO         3226    i.prvCopyDataToQueue  queue.o
    0x08003d1c   0x08003d1c   0x00000050   Code   RO         3641    i.prvDeleteTCB      tasks.o
    0x08003d6c   0x08003d6c   0x00000014   Code   RO         3227    i.prvGetDisinheritPriorityAfterTimeout  queue.o
    0x08003d80   0x08003d80   0x00000028   Code   RO         4015    i.prvGetNextExpireTime  timers.o
    0x08003da8   0x08003da8   0x0000007c   Code   RO         4731    i.prvHeapInit       heap_4.o
    0x08003e24   0x08003e24   0x00000028   Code   RO         3642    i.prvIdleTask       tasks.o
    0x08003e4c   0x08003e4c   0x0000001e   Code   RO         3228    i.prvInitialiseMutex  queue.o
    0x08003e6a   0x08003e6a   0x0000002a   Code   RO         3229    i.prvInitialiseNewQueue  queue.o
    0x08003e94   0x08003e94   0x000000be   Code   RO         3643    i.prvInitialiseNewTask  tasks.o
    0x08003f52   0x08003f52   0x00000002   PAD
    0x08003f54   0x08003f54   0x00000068   Code   RO         3644    i.prvInitialiseTaskLists  tasks.o
    0x08003fbc   0x08003fbc   0x00000068   Code   RO         4732    i.prvInsertBlockIntoFreeList  heap_4.o
    0x08004024   0x08004024   0x00000058   Code   RO         4017    i.prvInsertTimerInActiveList  timers.o
    0x0800407c   0x0800407c   0x0000001a   Code   RO         3230    i.prvIsQueueEmpty   queue.o
    0x08004096   0x08004096   0x0000001e   Code   RO         3231    i.prvIsQueueFull    queue.o
    0x080040b4   0x080040b4   0x00000074   Code   RO         4018    i.prvProcessExpiredTimer  timers.o
    0x08004128   0x08004128   0x00000164   Code   RO         4019    i.prvProcessReceivedCommands  timers.o
    0x0800428c   0x0800428c   0x00000074   Code   RO         4020    i.prvProcessTimerOrBlockTask  timers.o
    0x08004300   0x08004300   0x00000034   Code   RO         3646    i.prvResetNextTaskUnblockTime  tasks.o
    0x08004334   0x08004334   0x0000002c   Code   RO         4021    i.prvSampleTimeNow  timers.o
    0x08004360   0x08004360   0x000000a4   Code   RO         4022    i.prvSwitchTimerLists  timers.o
    0x08004404   0x08004404   0x00000040   Code   RO         4787    i.prvTaskExitError  port.o
    0x08004444   0x08004444   0x0000001a   Code   RO         4023    i.prvTimerTask      timers.o
    0x0800445e   0x0800445e   0x0000007e   Code   RO         3232    i.prvUnlockQueue    queue.o
    0x080044dc   0x080044dc   0x0000014c   Code   RO         4733    i.pvPortMalloc      heap_4.o
    0x08004628   0x08004628   0x00000020   Code   RO         3649    i.pvTaskIncrementMutexHeldCount  tasks.o
    0x08004648   0x08004648   0x0000002c   Code   RO         4788    i.pxPortInitialiseStack  port.o
    0x08004674   0x08004674   0x00000028   Code   RO         3185    i.uxListRemove      list.o
    0x0800469c   0x0800469c   0x00000018   Code   RO         4275    i.vApplicationGetIdleTaskMemory  cmsis_os2.o
    0x080046b4   0x080046b4   0x00000018   Code   RO         4276    i.vApplicationGetTimerTaskMemory  cmsis_os2.o
    0x080046cc   0x080046cc   0x0000001a   Code   RO         3186    i.vListInitialise   list.o
    0x080046e6   0x080046e6   0x00000006   Code   RO         3187    i.vListInitialiseItem  list.o
    0x080046ec   0x080046ec   0x00000034   Code   RO         3188    i.vListInsert       list.o
    0x08004720   0x08004720   0x00000018   Code   RO         3189    i.vListInsertEnd    list.o
    0x08004738   0x08004738   0x00000054   Code   RO         4790    i.vPortEnterCritical  port.o
    0x0800478c   0x0800478c   0x0000003c   Code   RO         4791    i.vPortExitCritical  port.o
    0x080047c8   0x080047c8   0x000000a4   Code   RO         4734    i.vPortFree         heap_4.o
    0x0800486c   0x0800486c   0x00000028   Code   RO         4792    i.vPortSetupTimerInterrupt  port.o
    0x08004894   0x08004894   0x00000078   Code   RO         4793    i.vPortValidateInterruptPriority  port.o
    0x0800490c   0x0800490c   0x0000002c   Code   RO         3238    i.vQueueAddToRegistry  queue.o
    0x08004938   0x08004938   0x0000004a   Code   RO         3242    i.vQueueWaitForMessageRestricted  queue.o
    0x08004982   0x08004982   0x00000002   PAD
    0x08004984   0x08004984   0x0000005c   Code   RO         3659    i.vTaskDelay        tasks.o
    0x080049e0   0x080049e0   0x00000018   Code   RO         3664    i.vTaskInternalSetTimeOutState  tasks.o
    0x080049f8   0x080049f8   0x0000000c   Code   RO         3665    i.vTaskMissedYield  tasks.o
    0x08004a04   0x08004a04   0x00000038   Code   RO         3667    i.vTaskPlaceOnEventList  tasks.o
    0x08004a3c   0x08004a3c   0x00000040   Code   RO         3668    i.vTaskPlaceOnEventListRestricted  tasks.o
    0x08004a7c   0x08004a7c   0x000000d0   Code   RO         3670    i.vTaskPriorityDisinheritAfterTimeout  tasks.o
    0x08004b4c   0x08004b4c   0x000000b8   Code   RO         3676    i.vTaskStartScheduler  tasks.o
    0x08004c04   0x08004c04   0x00000010   Code   RO         3678    i.vTaskSuspendAll   tasks.o
    0x08004c14   0x08004c14   0x00000090   Code   RO         3679    i.vTaskSwitchContext  tasks.o
    0x08004ca4   0x08004ca4   0x00000168   Code   RO         4794    i.xPortStartScheduler  port.o
    0x08004e0c   0x08004e0c   0x00000034   Code   RO         4795    i.xPortSysTickHandler  port.o
    0x08004e40   0x08004e40   0x00000022   Code   RO         3245    i.xQueueCreateMutex  queue.o
    0x08004e62   0x08004e62   0x0000005a   Code   RO         3247    i.xQueueGenericCreate  queue.o
    0x08004ebc   0x08004ebc   0x000000e0   Code   RO         3248    i.xQueueGenericCreateStatic  queue.o
    0x08004f9c   0x08004f9c   0x00000098   Code   RO         3249    i.xQueueGenericReset  queue.o
    0x08005034   0x08005034   0x000001a8   Code   RO         3250    i.xQueueGenericSend  queue.o
    0x080051dc   0x080051dc   0x000000fc   Code   RO         3251    i.xQueueGenericSendFromISR  queue.o
    0x080052d8   0x080052d8   0x00000168   Code   RO         3260    i.xQueueReceive     queue.o
    0x08005440   0x08005440   0x000001b8   Code   RO         3262    i.xQueueSemaphoreTake  queue.o
    0x080055f8   0x080055f8   0x0000008c   Code   RO         3681    i.xTaskCheckForTimeOut  tasks.o
    0x08005684   0x08005684   0x00000064   Code   RO         3682    i.xTaskCreate       tasks.o
    0x080056e8   0x080056e8   0x000000ba   Code   RO         3683    i.xTaskCreateStatic  tasks.o
    0x080057a2   0x080057a2   0x00000002   PAD
    0x080057a4   0x080057a4   0x00000020   Code   RO         3687    i.xTaskGetSchedulerState  tasks.o
    0x080057c4   0x080057c4   0x0000000c   Code   RO         3688    i.xTaskGetTickCount  tasks.o
    0x080057d0   0x080057d0   0x00000144   Code   RO         3690    i.xTaskIncrementTick  tasks.o
    0x08005914   0x08005914   0x000000a4   Code   RO         3693    i.xTaskPriorityDisinherit  tasks.o
    0x080059b8   0x080059b8   0x000000a4   Code   RO         3694    i.xTaskPriorityInherit  tasks.o
    0x08005a5c   0x08005a5c   0x00000098   Code   RO         3695    i.xTaskRemoveFromEventList  tasks.o
    0x08005af4   0x08005af4   0x00000104   Code   RO         3696    i.xTaskResumeAll    tasks.o
    0x08005bf8   0x08005bf8   0x00000078   Code   RO         4032    i.xTimerCreateTimerTask  timers.o
    0x08005c70   0x08005c70   0x00000084   Code   RO         4033    i.xTimerGenericCommand  timers.o
    0x08005cf4   0x08005cf4   0x00000048   Data   RO          223    .constdata          freertos.o
    0x08005d3c   0x08005d3c   0x00000018   Data   RO         3022    .constdata          system_stm32f4xx.o
    0x08005d54   0x08005d54   0x00000014   Data   RO          224    .conststring        freertos.o
    0x08005d68   0x08005d68   0x0000039f   Data   RO         5097    .conststring        bios_menu.o
    0x08006107   0x08006107   0x00000001   PAD
    0x08006108   0x08006108   0x00000020   Data   RO         5822    Region$$Table       anon$$obj.o


    Execution Region RW_IRAM1 (Exec base: 0x20000000, Load base: 0x08006128, Size: 0x000098c8, Max: 0x0001c000, ABSOLUTE, COMPRESSED[0x00000094])

    Exec Addr    Load Addr    Size         Type   Attr      Idx    E Section Name        Object

    0x20000000   COMPRESSED   0x000040c0   Data   RW         5309    .ccmram             uart.o
    0x200040c0   COMPRESSED   0x00000008   Data   RW          225    .data               freertos.o
    0x200040c8   COMPRESSED   0x00000020   Data   RW         1620    .data               stm32f4xx_hal_flash.o
    0x200040e8   COMPRESSED   0x00000009   Data   RW         2416    .data               stm32f4xx_hal.o
    0x200040f1   COMPRESSED   0x00000003   PAD
    0x200040f4   COMPRESSED   0x00000004   Data   RW         3023    .data               system_stm32f4xx.o
    0x200040f8   COMPRESSED   0x0000003c   Data   RW         3699    .data               tasks.o
    0x20004134   COMPRESSED   0x00000014   Data   RW         4041    .data               timers.o
    0x20004148   COMPRESSED   0x00000004   Data   RW         4278    .data               cmsis_os2.o
    0x2000414c   COMPRESSED   0x00000020   Data   RW         4740    .data               heap_4.o
    0x2000416c   COMPRESSED   0x0000000c   Data   RW         4796    .data               port.o
    0x20004178   COMPRESSED   0x0000000c   Data   RW         5035    .data               bootservice.o
    0x20004184   COMPRESSED   0x00000005   Data   RW         5098    .data               bios_menu.o
    0x20004189   COMPRESSED   0x00000003   PAD
    0x2000418c   COMPRESSED   0x00000004   Data   RW         5174    .data               ymodem.o
    0x20004190   COMPRESSED   0x00000050   Data   RW         5310    .data               uart.o
    0x200041e0   COMPRESSED   0x00000004   Data   RW         5798    .data               mc_w.l(stdout.o)
    0x200041e4        -       0x00000048   Zero   RW          297    .bss                usart.o
    0x2000422c        -       0x00000048   Zero   RW          427    .bss                stm32f4xx_hal_timebase_tim.o
    0x20004274        -       0x00000040   Zero   RW         3264    .bss                queue.o
    0x200042b4        -       0x000004c4   Zero   RW         3698    .bss                tasks.o
    0x20004778        -       0x00000118   Zero   RW         4040    .bss                timers.o
    0x20004890        -       0x000006b8   Zero   RW         4277    .bss                cmsis_os2.o
    0x20004f48        -       0x00004000   Zero   RW         4739    .bss                heap_4.o
    0x20008f48        -       0x00000446   Zero   RW         5173    .bss                ymodem.o
    0x2000938e   COMPRESSED   0x00000002   PAD
    0x20009390        -       0x00000138   Zero   RW         5308    .bss                uart.o
    0x200094c8        -       0x00000400   Zero   RW            1    STACK               startup_stm32f407xx.o


    Execution Region RW_IRAM2 (Exec base: 0x2001c000, Load base: 0x080061bc, Size: 0x00000000, Max: 0x00004000, ABSOLUTE)

    **** No section assigned to this execution region ****


==============================================================================

Image component sizes


      Code (inc. data)   RO Data    RW Data    ZI Data      Debug   Object Name

       214          0          0          0          0       3974   aolkme_osal.o
       316          0          0          0          0       4391   aolkme_ringbuffer.o
      1168        704        927          5          0       3773   bios_menu.o
       170         42          0         12          0       9100   bootservice.o
        58          4          0          0          0       1165   button.o
       430         38          0          4       1720      65711   cmsis_os2.o
       386          4          0          0          0       3212   common.o
         0          0          0          0          0      19580   event_groups.o
       606         62          0          0          0       4427   flash_if.o
        94         28         92          8          0       5753   freertos.o
       152          8          0          0          0       1111   gpio.o
       724         74          0         32      16384       5159   heap_4.o
       148          0          0          0          0       3862   list.o
       398        224          0          0          0     712207   main.o
      1014         92          0         12          0      12137   port.o
      2536         26          0          0         64      22708   queue.o
        36          8        392          0       1024        864   startup_stm32f407xx.o
       136         24          0          9          0       9050   stm32f4xx_hal.o
       260         22          0          0          0      33738   stm32f4xx_hal_cortex.o
       704         80          0         32          0       7490   stm32f4xx_hal_flash.o
       894         84          0          0          0      10756   stm32f4xx_hal_flash_ex.o
       548         46          0          0          0       3696   stm32f4xx_hal_gpio.o
        84          6          0          0          0       1042   stm32f4xx_hal_msp.o
       144         36          0          0          0       3237   stm32f4xx_hal_rcc.o
       868         76          0          0          0       6998   stm32f4xx_hal_tim.o
         4          0          0          0          0       1809   stm32f4xx_hal_tim_ex.o
       160         20          0          0         72       1644   stm32f4xx_hal_timebase_tim.o
      1112         10          0          0          0       4876   stm32f4xx_hal_uart.o
        38          6          0          0          0       3520   stm32f4xx_it.o
         0          0          0          0          0        408   stream_buffer.o
        20          6         24          4          0       1335   system_stm32f4xx.o
      3212        380          0         60       1220      31039   tasks.o
      1318        124          0         20        280      33535   timers.o
      1940        290          0      16656        312      10169   uart.o
       208         24          0          0         72       1938   usart.o
      1706         32          0          4       1094       9337   ymodem.o

    ----------------------------------------------------------------------
     21828       2580       1468      16864      22244    1054751   Object Totals
         0          0         32          0          0          0   (incl. Generated)
        22          0          1          6          2          0   (incl. Padding)

    ----------------------------------------------------------------------

      Code (inc. data)   RO Data    RW Data    ZI Data      Debug   Library Member Name

        86          0          0          0          0          0   __dczerorl2.o
         0          0          0          0          0          0   entry.o
         0          0          0          0          0          0   entry10a.o
         0          0          0          0          0          0   entry11a.o
         4          0          0          0          0          0   entry12b.o
         8          4          0          0          0          0   entry2.o
         4          0          0          0          0          0   entry5.o
         0          0          0          0          0          0   entry7b.o
         0          0          0          0          0          0   entry8b.o
         8          4          0          0          0          0   entry9a.o
        30          0          0          0          0          0   handlers.o
        36          8          0          0          0         68   init.o
        30          0          0          0          0         68   llshl.o
        32          0          0          0          0         68   llushr.o
        36          0          0          0          0         68   memcpya.o
        36          0          0          0          0        108   memseta.o
      1142         54          0          0          0        352   printf8.o
         0          0          0          4          0          0   stdout.o
        24          0          0          0          0         76   strncpy.o
        98          0          0          0          0         92   uldiv.o

    ----------------------------------------------------------------------
      1576         70          0          4          0        900   Library Totals
         2          0          0          0          0          0   (incl. Padding)

    ----------------------------------------------------------------------

      Code (inc. data)   RO Data    RW Data    ZI Data      Debug   Library Name

      1574         70          0          4          0        900   mc_w.l

    ----------------------------------------------------------------------
      1576         70          0          4          0        900   Library Totals

    ----------------------------------------------------------------------

==============================================================================


      Code (inc. data)   RO Data    RW Data    ZI Data      Debug   

     23404       2650       1468      16868      22244    1035519   Grand Totals
     23404       2650       1468        148      22244    1035519   ELF Image Totals (compressed)
     23404       2650       1468        148          0          0   ROM Totals

==============================================================================

    Total RO  Size (Code + RO Data)                24872 (  24.29kB)
    Total RW  Size (RW Data + ZI Data)             39112 (  38.20kB)
    Total ROM Size (Code + RO Data + RW Data)      25020 (  24.43kB)

==============================================================================

