Component: ARM Compiler 5.06 update 7 (build 960) Tool: armlink [4d3601]

==============================================================================

Section Cross References

    startup_stm32f407xx.o(RESET) refers to startup_stm32f407xx.o(STACK) for __initial_sp
    startup_stm32f407xx.o(RESET) refers to startup_stm32f407xx.o(.text) for Reset_Handler
    startup_stm32f407xx.o(RESET) refers to stm32f4xx_it.o(i.NMI_Handler) for NMI_Handler
    startup_stm32f407xx.o(RESET) refers to stm32f4xx_it.o(i.HardFault_Handler) for HardFault_Handler
    startup_stm32f407xx.o(RESET) refers to stm32f4xx_it.o(i.MemManage_Handler) for MemManage_Handler
    startup_stm32f407xx.o(RESET) refers to stm32f4xx_it.o(i.BusFault_Handler) for BusFault_Handler
    startup_stm32f407xx.o(RESET) refers to stm32f4xx_it.o(i.UsageFault_Handler) for UsageFault_Handler
    startup_stm32f407xx.o(RESET) refers to port.o(.emb_text) for SVC_Handler
    startup_stm32f407xx.o(RESET) refers to stm32f4xx_it.o(i.DebugMon_Handler) for DebugMon_Handler
    startup_stm32f407xx.o(RESET) refers to cmsis_os2.o(i.SysTick_Handler) for SysTick_Handler
    startup_stm32f407xx.o(RESET) refers to stm32f4xx_it.o(i.TIM1_UP_TIM10_IRQHandler) for TIM1_UP_TIM10_IRQHandler
    startup_stm32f407xx.o(RESET) refers to uart.o(i.USART1_IRQHandler) for USART1_IRQHandler
    startup_stm32f407xx.o(RESET) refers to stm32f4xx_it.o(i.USART2_IRQHandler) for USART2_IRQHandler
    startup_stm32f407xx.o(RESET) refers to uart.o(i.USART2_IRQHandler) for USART2_IRQHandler
    startup_stm32f407xx.o(RESET) refers to uart.o(i.USART3_IRQHandler) for USART3_IRQHandler
    startup_stm32f407xx.o(.text) refers to system_stm32f4xx.o(i.SystemInit) for SystemInit
    startup_stm32f407xx.o(.text) refers to entry.o(.ARM.Collect$$$$00000000) for __main
    main.o(i.HAL_TIM_PeriodElapsedCallback) refers to stm32f4xx_hal.o(i.HAL_IncTick) for HAL_IncTick
    main.o(i.SystemClock_Config) refers to memseta.o(.text) for __aeabi_memclr4
    main.o(i.SystemClock_Config) refers to stm32f4xx_hal_rcc.o(i.HAL_RCC_OscConfig) for HAL_RCC_OscConfig
    main.o(i.SystemClock_Config) refers to main.o(i.Error_Handler) for Error_Handler
    main.o(i.SystemClock_Config) refers to stm32f4xx_hal_rcc.o(i.HAL_RCC_ClockConfig) for HAL_RCC_ClockConfig
    main.o(i.main) refers to stm32f4xx_hal.o(i.HAL_Init) for HAL_Init
    main.o(i.main) refers to main.o(i.SystemClock_Config) for SystemClock_Config
    main.o(i.main) refers to gpio.o(i.MX_GPIO_Init) for MX_GPIO_Init
    main.o(i.main) refers to usart.o(i.MX_USART2_UART_Init) for MX_USART2_UART_Init
    main.o(i.main) refers to cmsis_os2.o(i.osKernelInitialize) for osKernelInitialize
    main.o(i.main) refers to freertos.o(i.MX_FREERTOS_Init) for MX_FREERTOS_Init
    main.o(i.main) refers to cmsis_os2.o(i.osKernelStart) for osKernelStart
    gpio.o(i.MX_GPIO_Init) refers to memseta.o(.text) for __aeabi_memclr4
    gpio.o(i.MX_GPIO_Init) refers to stm32f4xx_hal_gpio.o(i.HAL_GPIO_WritePin) for HAL_GPIO_WritePin
    gpio.o(i.MX_GPIO_Init) refers to stm32f4xx_hal_gpio.o(i.HAL_GPIO_Init) for HAL_GPIO_Init
    freertos.o(i.LED_Task) refers to bootservice.o(i.BootServiceStart) for BootServiceStart
    freertos.o(i.LED_Task) refers to stm32f4xx_hal_gpio.o(i.HAL_GPIO_TogglePin) for HAL_GPIO_TogglePin
    freertos.o(i.LED_Task) refers to cmsis_os2.o(i.osDelay) for osDelay
    freertos.o(i.MX_FREERTOS_Init) refers to cmsis_os2.o(i.osThreadNew) for osThreadNew
    freertos.o(i.MX_FREERTOS_Init) refers to freertos.o(.constdata) for defaultTask_attributes
    freertos.o(i.MX_FREERTOS_Init) refers to freertos.o(i.StartDefaultTask) for StartDefaultTask
    freertos.o(i.MX_FREERTOS_Init) refers to freertos.o(.data) for defaultTaskHandle
    freertos.o(i.MX_FREERTOS_Init) refers to freertos.o(i.LED_Task) for LED_Task
    freertos.o(i.StartDefaultTask) refers to cmsis_os2.o(i.osDelay) for osDelay
    freertos.o(.constdata) refers to freertos.o(.conststring) for .conststring
    usart.o(i.HAL_UART_MspDeInit) refers to stm32f4xx_hal_gpio.o(i.HAL_GPIO_DeInit) for HAL_GPIO_DeInit
    usart.o(i.HAL_UART_MspDeInit) refers to stm32f4xx_hal_cortex.o(i.HAL_NVIC_DisableIRQ) for HAL_NVIC_DisableIRQ
    usart.o(i.HAL_UART_MspInit) refers to memseta.o(.text) for __aeabi_memclr4
    usart.o(i.HAL_UART_MspInit) refers to stm32f4xx_hal_gpio.o(i.HAL_GPIO_Init) for HAL_GPIO_Init
    usart.o(i.HAL_UART_MspInit) refers to stm32f4xx_hal_cortex.o(i.HAL_NVIC_SetPriority) for HAL_NVIC_SetPriority
    usart.o(i.HAL_UART_MspInit) refers to stm32f4xx_hal_cortex.o(i.HAL_NVIC_EnableIRQ) for HAL_NVIC_EnableIRQ
    usart.o(i.MX_USART2_UART_Init) refers to stm32f4xx_hal_uart.o(i.HAL_UART_Init) for HAL_UART_Init
    usart.o(i.MX_USART2_UART_Init) refers to main.o(i.Error_Handler) for Error_Handler
    usart.o(i.MX_USART2_UART_Init) refers to usart.o(.bss) for huart2
    stm32f4xx_it.o(i.TIM1_UP_TIM10_IRQHandler) refers to stm32f4xx_hal_tim.o(i.HAL_TIM_IRQHandler) for HAL_TIM_IRQHandler
[...]
    stm32f4xx_hal_flash_ex.o(i.HAL_FLASHEx_Erase) refers to stm32f4xx_hal_flash_ex.o(i.FLASH_MassErase) for FLASH_MassErase
    stm32f4xx_hal_flash_ex.o(i.HAL_FLASHEx_Erase) refers to stm32f4xx_hal_flash_ex.o(i.FLASH_Erase_Sector) for FLASH_Erase_Sector
    stm32f4xx_hal_flash_ex.o(i.HAL_FLASHEx_Erase) refers to stm32f4xx_hal_flash_ex.o(i.FLASH_FlushCaches) for FLASH_FlushCaches
    stm32f4xx_hal_flash_ex.o(i.HAL_FLASHEx_Erase) refers to stm32f4xx_hal_flash.o(.data) for pFlash
    stm32f4xx_hal_flash_ex.o(i.HAL_FLASHEx_Erase_IT) refers to stm32f4xx_hal_flash_ex.o(i.FLASH_MassErase) for FLASH_MassErase
    stm32f4xx_hal_flash_ex.o(i.HAL_FLASHEx_Erase_IT) refers to stm32f4xx_hal_flash_ex.o(i.FLASH_Erase_Sector) for FLASH_Erase_Sector
    stm32f4xx_hal_flash_ex.o(i.HAL_FLASHEx_Erase_IT) refers to stm32f4xx_hal_flash.o(.data) for pFlash
    stm32f4xx_hal_flash_ex.o(i.HAL_FLASHEx_OBGetConfig) refers to stm32f4xx_hal_flash_ex.o(i.FLASH_OB_GetWRP) for FLASH_OB_GetWRP
    stm32f4xx_hal_flash_ex.o(i.HAL_FLASHEx_OBGetConfig) refers to stm32f4xx_hal_flash_ex.o(i.FLASH_OB_GetRDP) for FLASH_OB_GetRDP
    stm32f4xx_hal_flash_ex.o(i.HAL_FLASHEx_OBGetConfig) refers to stm32f4xx_hal_flash_ex.o(i.FLASH_OB_GetUser) for FLASH_OB_GetUser
    stm32f4xx_hal_flash_ex.o(i.HAL_FLASHEx_OBGetConfig) refers to stm32f4xx_hal_flash_ex.o(i.FLASH_OB_GetBOR) for FLASH_OB_GetBOR
    stm32f4xx_hal_flash_ex.o(i.HAL_FLASHEx_OBProgram) refers to stm32f4xx_hal_flash_ex.o(i.FLASH_OB_EnableWRP) for FLASH_OB_EnableWRP
    stm32f4xx_hal_flash_ex.o(i.HAL_FLASHEx_OBProgram) refers to stm32f4xx_hal_flash_ex.o(i.FLASH_OB_DisableWRP) for FLASH_OB_DisableWRP
    stm32f4xx_hal_flash_ex.o(i.HAL_FLASHEx_OBProgram) refers to stm32f4xx_hal_flash_ex.o(i.FLASH_OB_RDP_LevelConfig) for FLASH_OB_RDP_LevelConfig
    stm32f4xx_hal_flash_ex.o(i.HAL_FLASHEx_OBProgram) refers to stm32f4xx_hal_flash_ex.o(i.FLASH_OB_UserConfig) for FLASH_OB_UserConfig
    stm32f4xx_hal_flash_ex.o(i.HAL_FLASHEx_OBProgram) refers to stm32f4xx_hal_flash_ex.o(i.FLASH_OB_BOR_LevelConfig) for FLASH_OB_BOR_LevelConfig
    stm32f4xx_hal_flash_ex.o(i.HAL_FLASHEx_OBProgram) refers to stm32f4xx_hal_flash.o(.data) for pFlash
    stm32f4xx_hal_gpio.o(i.HAL_GPIO_EXTI_IRQHandler) refers to stm32f4xx_hal_gpio.o(i.HAL_GPIO_EXTI_Callback) for HAL_GPIO_EXTI_Callback
    stm32f4xx_hal_dma_ex.o(i.HAL_DMAEx_MultiBufferStart) refers to stm32f4xx_hal_dma_ex.o(i.DMA_MultiBufferSetConfig) for DMA_MultiBufferSetConfig
    stm32f4xx_hal_dma_ex.o(i.HAL_DMAEx_MultiBufferStart_IT) refers to stm32f4xx_hal_dma_ex.o(i.DMA_MultiBufferSetConfig) for DMA_MultiBufferSetConfig
    stm32f4xx_hal_dma.o(i.DMA_CalcBaseAndBitshift) refers to stm32f4xx_hal_dma.o(.constdata) for flagBitshiftOffset
    stm32f4xx_hal_dma.o(i.HAL_DMA_Abort) refers to stm32f4xx_hal.o(i.HAL_GetTick) for HAL_GetTick
    stm32f4xx_hal_dma.o(i.HAL_DMA_DeInit) refers to stm32f4xx_hal_dma.o(i.DMA_CalcBaseAndBitshift) for DMA_CalcBaseAndBitshift
    stm32f4xx_hal_dma.o(i.HAL_DMA_IRQHandler) refers to system_stm32f4xx.o(.data) for SystemCoreClock
    stm32f4xx_hal_dma.o(i.HAL_DMA_Init) refers to stm32f4xx_hal.o(i.HAL_GetTick) for HAL_GetTick
    stm32f4xx_hal_dma.o(i.HAL_DMA_Init) refers to stm32f4xx_hal_dma.o(i.DMA_CheckFifoParam) for DMA_CheckFifoParam
    stm32f4xx_hal_dma.o(i.HAL_DMA_Init) refers to stm32f4xx_hal_dma.o(i.DMA_CalcBaseAndBitshift) for DMA_CalcBaseAndBitshift
    stm32f4xx_hal_dma.o(i.HAL_DMA_PollForTransfer) refers to stm32f4xx_hal.o(i.HAL_GetTick) for HAL_GetTick
    stm32f4xx_hal_dma.o(i.HAL_DMA_PollForTransfer) refers to stm32f4xx_hal_dma.o(i.HAL_DMA_Abort) for HAL_DMA_Abort
    stm32f4xx_hal_dma.o(i.HAL_DMA_Start) refers to stm32f4xx_hal_dma.o(i.DMA_SetConfig) for DMA_SetConfig
    stm32f4xx_hal_dma.o(i.HAL_DMA_Start_IT) refers to stm32f4xx_hal_dma.o(i.DMA_SetConfig) for DMA_SetConfig
    stm32f4xx_hal_pwr.o(i.HAL_PWR_PVD_IRQHandler) refers to stm32f4xx_hal_pwr.o(i.HAL_PWR_PVDCallback) for HAL_PWR_PVDCallback
    stm32f4xx_hal_pwr_ex.o(i.HAL_PWREx_ControlVoltageScaling) refers to stm32f4xx_hal.o(i.HAL_GetTick) for HAL_GetTick
    stm32f4xx_hal_pwr_ex.o(i.HAL_PWREx_DisableBkUpReg) refers to stm32f4xx_hal.o(i.HAL_GetTick) for HAL_GetTick
    stm32f4xx_hal_pwr_ex.o(i.HAL_PWREx_EnableBkUpReg) refers to stm32f4xx_hal.o(i.HAL_GetTick) for HAL_GetTick
    stm32f4xx_hal_cortex.o(i.HAL_NVIC_GetPriorityGrouping) refers to stm32f4xx_hal_cortex.o(i.__NVIC_GetPriorityGrouping) for __NVIC_GetPriorityGrouping
    stm32f4xx_hal_cortex.o(i.HAL_NVIC_SetPriority) refers to stm32f4xx_hal_cortex.o(i.__NVIC_GetPriorityGrouping) for __NVIC_GetPriorityGrouping
    stm32f4xx_hal_cortex.o(i.HAL_NVIC_SetPriority) refers to stm32f4xx_hal_cortex.o(i.__NVIC_SetPriority) for __NVIC_SetPriority
    stm32f4xx_hal_cortex.o(i.HAL_SYSTICK_Config) refers to stm32f4xx_hal_cortex.o(i.__NVIC_SetPriority) for __NVIC_SetPriority
    stm32f4xx_hal_cortex.o(i.HAL_SYSTICK_IRQHandler) refers to stm32f4xx_hal_cortex.o(i.HAL_SYSTICK_Callback) for HAL_SYSTICK_Callback
    stm32f4xx_hal.o(i.HAL_DeInit) refers to stm32f4xx_hal.o(i.HAL_MspDeInit) for HAL_MspDeInit
    stm32f4xx_hal.o(i.HAL_Delay) refers to stm32f4xx_hal.o(i.HAL_GetTick) for HAL_GetTick
    stm32f4xx_hal.o(i.HAL_Delay) refers to stm32f4xx_hal.o(.data) for uwTickFreq
    stm32f4xx_hal.o(i.HAL_GetTick) refers to stm32f4xx_hal.o(.data) for uwTick
    stm32f4xx_hal.o(i.HAL_GetTickFreq) refers to stm32f4xx_hal.o(.data) for uwTickFreq
    stm32f4xx_hal.o(i.HAL_GetTickPrio) refers to stm32f4xx_hal.o(.data) for uwTickPrio
    stm32f4xx_hal.o(i.HAL_IncTick) refers to stm32f4xx_hal.o(.data) for uwTick
    stm32f4xx_hal.o(i.HAL_Init) refers to stm32f4xx_hal_cortex.o(i.HAL_NVIC_SetPriorityGrouping) for HAL_NVIC_SetPriorityGrouping
    stm32f4xx_hal.o(i.HAL_Init) refers to stm32f4xx_hal_timebase_tim.o(i.HAL_InitTick) for HAL_InitTick
    stm32f4xx_hal.o(i.HAL_Init) refers to stm32f4xx_hal_msp.o(i.HAL_MspInit) for HAL_MspInit
    stm32f4xx_hal.o(i.HAL_InitTick) refers to stm32f4xx_hal_cortex.o(i.HAL_SYSTICK_Config) for HAL_SYSTICK_Config
    stm32f4xx_hal.o(i.HAL_InitTick) refers to stm32f4xx_hal_cortex.o(i.HAL_NVIC_SetPriority) for HAL_NVIC_SetPriority
    stm32f4xx_hal.o(i.HAL_InitTick) refers to stm32f4xx_hal.o(.data) for uwTickFreq
    stm32f4xx_hal.o(i.HAL_InitTick) refers to system_stm32f4xx.o(.data) for SystemCoreClock
    stm32f4xx_hal.o(i.HAL_SetTickFreq) refers to stm32f4xx_hal_timebase_tim.o(i.HAL_InitTick) for HAL_InitTick
    stm32f4xx_hal.o(i.HAL_SetTickFreq) refers to stm32f4xx_hal.o(.data) for uwTickFreq
    stm32f4xx_hal_uart.o(i.HAL_HalfDuplex_Init) refers to usart.o(i.HAL_UART_MspInit) for HAL_UART_MspInit
    stm32f4xx_hal_uart.o(i.HAL_HalfDuplex_Init) refers to stm32f4xx_hal_uart.o(i.UART_SetConfig) for UART_SetConfig
    stm32f4xx_hal_uart.o(i.HAL_LIN_Init) refers to usart.o(i.HAL_UART_MspInit) for HAL_UART_MspInit
    stm32f4xx_hal_uart.o(i.HAL_LIN_Init) refers to stm32f4xx_hal_uart.o(i.UART_SetConfig) for UART_SetConfig
    stm32f4xx_hal_uart.o(i.HAL_MultiProcessor_Init) refers to usart.o(i.HAL_UART_MspInit) for HAL_UART_MspInit
    stm32f4xx_hal_uart.o(i.HAL_MultiProcessor_Init) refers to stm32f4xx_hal_uart.o(i.UART_SetConfig) for UART_SetConfig
    stm32f4xx_hal_uart.o(i.HAL_UARTEx_ReceiveToIdle) refers to stm32f4xx_hal.o(i.HAL_GetTick) for HAL_GetTick
    stm32f4xx_hal_uart.o(i.HAL_UARTEx_ReceiveToIdle_DMA) refers to stm32f4xx_hal_uart.o(i.UART_Start_Receive_DMA) for UART_Start_Receive_DMA
    stm32f4xx_hal_uart.o(i.HAL_UARTEx_ReceiveToIdle_IT) refers to stm32f4xx_hal_uart.o(i.UART_Start_Receive_IT) for UART_Start_Receive_IT
    stm32f4xx_hal_uart.o(i.HAL_UART_Abort) refers to stm32f4xx_hal_dma.o(i.HAL_DMA_Abort) for HAL_DMA_Abort
    stm32f4xx_hal_uart.o(i.HAL_UART_Abort) refers to stm32f4xx_hal_dma.o(i.HAL_DMA_GetError) for HAL_DMA_GetError
    stm32f4xx_hal_uart.o(i.HAL_UART_AbortReceive) refers to stm32f4xx_hal_dma.o(i.HAL_DMA_Abort) for HAL_DMA_Abort
    stm32f4xx_hal_uart.o(i.HAL_UART_AbortReceive) refers to stm32f4xx_hal_dma.o(i.HAL_DMA_GetError) for HAL_DMA_GetError
    stm32f4xx_hal_uart.o(i.HAL_UART_AbortReceive_IT) refers to stm32f4xx_hal_dma.o(i.HAL_DMA_Abort_IT) for HAL_DMA_Abort_IT
    stm32f4xx_hal_uart.o(i.HAL_UART_AbortReceive_IT) refers to stm32f4xx_hal_uart.o(i.HAL_UART_AbortReceiveCpltCallback) for HAL_UART_AbortReceiveCpltCallback
    stm32f4xx_hal_uart.o(i.HAL_UART_AbortReceive_IT) refers to stm32f4xx_hal_uart.o(i.UART_DMARxOnlyAbortCallback) for UART_DMARxOnlyAbortCallback
    stm32f4xx_hal_uart.o(i.HAL_UART_AbortTransmit) refers to stm32f4xx_hal_dma.o(i.HAL_DMA_Abort) for HAL_DMA_Abort
    stm32f4xx_hal_uart.o(i.HAL_UART_AbortTransmit) refers to stm32f4xx_hal_dma.o(i.HAL_DMA_GetError) for HAL_DMA_GetError
    stm32f4xx_hal_uart.o(i.HAL_UART_AbortTransmit_IT) refers to stm32f4xx_hal_dma.o(i.HAL_DMA_Abort_IT) for HAL_DMA_Abort_IT
    stm32f4xx_hal_uart.o(i.HAL_UART_AbortTransmit_IT) refers to stm32f4xx_hal_uart.o(i.HAL_UART_AbortTransmitCpltCallback) for HAL_UART_AbortTransmitCpltCallback
    stm32f4xx_hal_uart.o(i.HAL_UART_AbortTransmit_IT) refers to stm32f4xx_hal_uart.o(i.UART_DMATxOnlyAbortCallback) for UART_DMATxOnlyAbortCallback
    stm32f4xx_hal_uart.o(i.HAL_UART_Abort_IT) refers to stm32f4xx_hal_dma.o(i.HAL_DMA_Abort_IT) for HAL_DMA_Abort_IT
    stm32f4xx_hal_uart.o(i.HAL_UART_Abort_IT) refers to stm32f4xx_hal_uart.o(i.HAL_UART_AbortCpltCallback) for HAL_UART_AbortCpltCallback
    stm32f4xx_hal_uart.o(i.HAL_UART_Abort_IT) refers to stm32f4xx_hal_uart.o(i.UART_DMATxAbortCallback) for UART_DMATxAbortCallback
    stm32f4xx_hal_uart.o(i.HAL_UART_Abort_IT) refers to stm32f4xx_hal_uart.o(i.UART_DMARxAbortCallback) for UART_DMARxAbortCallback
    stm32f4xx_hal_uart.o(i.HAL_UART_DMAStop) refers to stm32f4xx_hal_dma.o(i.HAL_DMA_Abort) for HAL_DMA_Abort
    stm32f4xx_hal_uart.o(i.HAL_UART_DMAStop) refers to stm32f4xx_hal_uart.o(i.UART_EndTxTransfer) for UART_EndTxTransfer
    stm32f4xx_hal_uart.o(i.HAL_UART_DMAStop) refers to stm32f4xx_hal_uart.o(i.UART_EndRxTransfer) for UART_EndRxTransfer
    stm32f4xx_hal_uart.o(i.HAL_UART_DeInit) refers to usart.o(i.HAL_UART_MspDeInit) for HAL_UART_MspDeInit
    stm32f4xx_hal_uart.o(i.HAL_UART_IRQHandler) refers to stm32f4xx_hal_uart.o(i.UART_Receive_IT) for UART_Receive_IT
    stm32f4xx_hal_uart.o(i.HAL_UART_IRQHandler) refers to stm32f4xx_hal_uart.o(i.UART_EndRxTransfer) for UART_EndRxTransfer
    stm32f4xx_hal_uart.o(i.HAL_UART_IRQHandler) refers to stm32f4xx_hal_dma.o(i.HAL_DMA_Abort_IT) for HAL_DMA_Abort_IT
    stm32f4xx_hal_uart.o(i.HAL_UART_IRQHandler) refers to stm32f4xx_hal_uart.o(i.HAL_UART_ErrorCallback) for HAL_UART_ErrorCallback
    stm32f4xx_hal_uart.o(i.HAL_UART_IRQHandler) refers to stm32f4xx_hal_dma.o(i.HAL_DMA_Abort) for HAL_DMA_Abort
    stm32f4xx_hal_uart.o(i.HAL_UART_IRQHandler) refers to stm32f4xx_hal_uart.o(i.HAL_UARTEx_RxEventCallback) for HAL_UARTEx_RxEventCallback
    stm32f4xx_hal_uart.o(i.HAL_UART_IRQHandler) refers to stm32f4xx_hal_uart.o(i.UART_Transmit_IT) for UART_Transmit_IT
    stm32f4xx_hal_uart.o(i.HAL_UART_IRQHandler) refers to stm32f4xx_hal_uart.o(i.UART_EndTransmit_IT) for UART_EndTransmit_IT
    stm32f4xx_hal_uart.o(i.HAL_UART_IRQHandler) refers to stm32f4xx_hal_uart.o(i.UART_DMAAbortOnError) for UART_DMAAbortOnError
    stm32f4xx_hal_uart.o(i.HAL_UART_Init) refers to usart.o(i.HAL_UART_MspInit) for HAL_UART_MspInit
    stm32f4xx_hal_uart.o(i.HAL_UART_Init) refers to stm32f4xx_hal_uart.o(i.UART_SetConfig) for UART_SetConfig
    stm32f4xx_hal_uart.o(i.HAL_UART_Receive) refers to stm32f4xx_hal.o(i.HAL_GetTick) for HAL_GetTick
    stm32f4xx_hal_uart.o(i.HAL_UART_Receive) refers to stm32f4xx_hal_uart.o(i.UART_WaitOnFlagUntilTimeout) for UART_WaitOnFlagUntilTimeout
    stm32f4xx_hal_uart.o(i.HAL_UART_Receive_DMA) refers to stm32f4xx_hal_uart.o(i.UART_Start_Receive_DMA) for UART_Start_Receive_DMA
    stm32f4xx_hal_uart.o(i.HAL_UART_Receive_IT) refers to stm32f4xx_hal_uart.o(i.UART_Start_Receive_IT) for UART_Start_Receive_IT
    stm32f4xx_hal_uart.o(i.HAL_UART_Transmit) refers to stm32f4xx_hal.o(i.HAL_GetTick) for HAL_GetTick
    stm32f4xx_hal_uart.o(i.HAL_UART_Transmit) refers to stm32f4xx_hal_uart.o(i.UART_WaitOnFlagUntilTimeout) for UART_WaitOnFlagUntilTimeout
    stm32f4xx_hal_uart.o(i.HAL_UART_Transmit_DMA) refers to stm32f4xx_hal_dma.o(i.HAL_DMA_Start_IT) for HAL_DMA_Start_IT
    stm32f4xx_hal_uart.o(i.HAL_UART_Transmit_DMA) refers to stm32f4xx_hal_uart.o(i.UART_DMATransmitCplt) for UART_DMATransmitCplt
    stm32f4xx_hal_uart.o(i.HAL_UART_Transmit_DMA) refers to stm32f4xx_hal_uart.o(i.UART_DMATxHalfCplt) for UART_DMATxHalfCplt
    stm32f4xx_hal_uart.o(i.HAL_UART_Transmit_DMA) refers to stm32f4xx_hal_uart.o(i.UART_DMAError) for UART_DMAError
    stm32f4xx_hal_uart.o(i.UART_DMAAbortOnError) refers to stm32f4xx_hal_uart.o(i.HAL_UART_ErrorCallback) for HAL_UART_ErrorCallback
    stm32f4xx_hal_uart.o(i.UART_DMAError) refers to stm32f4xx_hal_uart.o(i.UART_EndTxTransfer) for UART_EndTxTransfer
    stm32f4xx_hal_uart.o(i.UART_DMAError) refers to stm32f4xx_hal_uart.o(i.UART_EndRxTransfer) for UART_EndRxTransfer
    stm32f4xx_hal_uart.o(i.UART_DMAError) refers to stm32f4xx_hal_uart.o(i.HAL_UART_ErrorCallback) for HAL_UART_ErrorCallback
    stm32f4xx_hal_uart.o(i.UART_DMAReceiveCplt) refers to stm32f4xx_hal_uart.o(i.HAL_UARTEx_RxEventCallback) for HAL_UARTEx_RxEventCallback
    stm32f4xx_hal_uart.o(i.UART_DMAReceiveCplt) refers to stm32f4xx_hal_uart.o(i.HAL_UART_RxCpltCallback) for HAL_UART_RxCpltCallback
    stm32f4xx_hal_uart.o(i.UART_DMARxAbortCallback) refers to stm32f4xx_hal_uart.o(i.HAL_UART_AbortCpltCallback) for HAL_UART_AbortCpltCallback
    stm32f4xx_hal_uart.o(i.UART_DMARxHalfCplt) refers to stm32f4xx_hal_uart.o(i.HAL_UARTEx_RxEventCallback) for HAL_UARTEx_RxEventCallback
    stm32f4xx_hal_uart.o(i.UART_DMARxHalfCplt) refers to stm32f4xx_hal_uart.o(i.HAL_UART_RxHalfCpltCallback) for HAL_UART_RxHalfCpltCallback
    stm32f4xx_hal_uart.o(i.UART_DMARxOnlyAbortCallback) refers to stm32f4xx_hal_uart.o(i.HAL_UART_AbortReceiveCpltCallback) for HAL_UART_AbortReceiveCpltCallback
    stm32f4xx_hal_uart.o(i.UART_DMATransmitCplt) refers to stm32f4xx_hal_uart.o(i.HAL_UART_TxCpltCallback) for HAL_UART_TxCpltCallback
    stm32f4xx_hal_uart.o(i.UART_DMATxAbortCallback) refers to stm32f4xx_hal_uart.o(i.HAL_UART_AbortCpltCallback) for HAL_UART_AbortCpltCallback
    stm32f4xx_hal_uart.o(i.UART_DMATxHalfCplt) refers to stm32f4xx_hal_uart.o(i.HAL_UART_TxHalfCpltCallback) for HAL_UART_TxHalfCpltCallback
    stm32f4xx_hal_uart.o(i.UART_DMATxOnlyAbortCallback) refers to stm32f4xx_hal_uart.o(i.HAL_UART_AbortTransmitCpltCallback) for HAL_UART_AbortTransmitCpltCallback
    stm32f4xx_hal_uart.o(i.UART_EndTransmit_IT) refers to stm32f4xx_hal_uart.o(i.HAL_UART_TxCpltCallback) for HAL_UART_TxCpltCallback
    stm32f4xx_hal_uart.o(i.UART_Receive_IT) refers to stm32f4xx_hal_uart.o(i.HAL_UARTEx_RxEventCallback) for HAL_UARTEx_RxEventCallback
    stm32f4xx_hal_uart.o(i.UART_Receive_IT) refers to stm32f4xx_hal_uart.o(i.HAL_UART_RxCpltCallback) for HAL_UART_RxCpltCallback
    stm32f4xx_hal_uart.o(i.UART_SetConfig) refers to stm32f4xx_hal_rcc.o(i.HAL_RCC_GetPCLK2Freq) for HAL_RCC_GetPCLK2Freq
    stm32f4xx_hal_uart.o(i.UART_SetConfig) refers to stm32f4xx_hal_rcc.o(i.HAL_RCC_GetPCLK1Freq) for HAL_RCC_GetPCLK1Freq
    stm32f4xx_hal_uart.o(i.UART_SetConfig) refers to uldiv.o(.text) for __aeabi_uldivmod
    stm32f4xx_hal_uart.o(i.UART_Start_Receive_DMA) refers to stm32f4xx_hal_dma.o(i.HAL_DMA_Start_IT) for HAL_DMA_Start_IT
    stm32f4xx_hal_uart.o(i.UART_Start_Receive_DMA) refers to stm32f4xx_hal_uart.o(i.UART_DMAReceiveCplt) for UART_DMAReceiveCplt
    stm32f4xx_hal_uart.o(i.UART_Start_Receive_DMA) refers to stm32f4xx_hal_uart.o(i.UART_DMARxHalfCplt) for UART_DMARxHalfCplt
    stm32f4xx_hal_uart.o(i.UART_Start_Receive_DMA) refers to stm32f4xx_hal_uart.o(i.UART_DMAError) for UART_DMAError
    stm32f4xx_hal_uart.o(i.UART_WaitOnFlagUntilTimeout) refers to stm32f4xx_hal.o(i.HAL_GetTick) for HAL_GetTick
    stm32f4xx_hal_uart.o(i.UART_WaitOnFlagUntilTimeout) refers to stm32f4xx_hal_uart.o(i.UART_EndRxTransfer) for UART_EndRxTransfer
    system_stm32f4xx.o(i.SystemCoreClockUpdate) refers to system_stm32f4xx.o(.data) for SystemCoreClock
    system_stm32f4xx.o(i.SystemCoreClockUpdate) refers to system_stm32f4xx.o(.constdata) for AHBPrescTable
    event_groups.o(i.vEventGroupClearBitsCallback) refers to event_groups.o(i.xEventGroupClearBits) for xEventGroupClearBits
    event_groups.o(i.vEventGroupDelete) refers to tasks.o(i.vTaskSuspendAll) for vTaskSuspendAll
    event_groups.o(i.vEventGroupDelete) refers to tasks.o(i.vTaskRemoveFromUnorderedEventList) for vTaskRemoveFromUnorderedEventList
    event_groups.o(i.vEventGroupDelete) refers to heap_4.o(i.vPortFree) for vPortFree
    event_groups.o(i.vEventGroupDelete) refers to tasks.o(i.xTaskResumeAll) for xTaskResumeAll
    event_groups.o(i.vEventGroupSetBitsCallback) refers to event_groups.o(i.xEventGroupSetBits) for xEventGroupSetBits
    event_groups.o(i.xEventGroupClearBits) refers to port.o(i.vPortEnterCritical) for vPortEnterCritical
    event_groups.o(i.xEventGroupClearBits) refers to port.o(i.vPortExitCritical) for vPortExitCritical
    event_groups.o(i.xEventGroupClearBitsFromISR) refers to timers.o(i.xTimerPendFunctionCallFromISR) for xTimerPendFunctionCallFromISR
    event_groups.o(i.xEventGroupClearBitsFromISR) refers to event_groups.o(i.vEventGroupClearBitsCallback) for vEventGroupClearBitsCallback
    event_groups.o(i.xEventGroupCreate) refers to heap_4.o(i.pvPortMalloc) for pvPortMalloc
    event_groups.o(i.xEventGroupCreate) refers to list.o(i.vListInitialise) for vListInitialise
    event_groups.o(i.xEventGroupCreateStatic) refers to list.o(i.vListInitialise) for vListInitialise
    event_groups.o(i.xEventGroupSetBits) refers to tasks.o(i.vTaskSuspendAll) for vTaskSuspendAll
    event_groups.o(i.xEventGroupSetBits) refers to tasks.o(i.vTaskRemoveFromUnorderedEventList) for vTaskRemoveFromUnorderedEventList
    event_groups.o(i.xEventGroupSetBits) refers to tasks.o(i.xTaskResumeAll) for xTaskResumeAll
    event_groups.o(i.xEventGroupSetBitsFromISR) refers to timers.o(i.xTimerPendFunctionCallFromISR) for xTimerPendFunctionCallFromISR
    event_groups.o(i.xEventGroupSetBitsFromISR) refers to event_groups.o(i.vEventGroupSetBitsCallback) for vEventGroupSetBitsCallback
    event_groups.o(i.xEventGroupSync) refers to tasks.o(i.xTaskGetSchedulerState) for xTaskGetSchedulerState
    event_groups.o(i.xEventGroupSync) refers to tasks.o(i.vTaskSuspendAll) for vTaskSuspendAll
    event_groups.o(i.xEventGroupSync) refers to event_groups.o(i.xEventGroupSetBits) for xEventGroupSetBits
    event_groups.o(i.xEventGroupSync) refers to tasks.o(i.vTaskPlaceOnUnorderedEventList) for vTaskPlaceOnUnorderedEventList
    event_groups.o(i.xEventGroupSync) refers to tasks.o(i.xTaskResumeAll) for xTaskResumeAll
    event_groups.o(i.xEventGroupSync) refers to tasks.o(i.uxTaskResetEventItemValue) for uxTaskResetEventItemValue
    event_groups.o(i.xEventGroupSync) refers to port.o(i.vPortEnterCritical) for vPortEnterCritical
    event_groups.o(i.xEventGroupSync) refers to port.o(i.vPortExitCritical) for vPortExitCritical
    event_groups.o(i.xEventGroupWaitBits) refers to tasks.o(i.xTaskGetSchedulerState) for xTaskGetSchedulerState
    event_groups.o(i.xEventGroupWaitBits) refers to tasks.o(i.vTaskSuspendAll) for vTaskSuspendAll
    event_groups.o(i.xEventGroupWaitBits) refers to event_groups.o(i.prvTestWaitCondition) for prvTestWaitCondition
    event_groups.o(i.xEventGroupWaitBits) refers to tasks.o(i.vTaskPlaceOnUnorderedEventList) for vTaskPlaceOnUnorderedEventList
    event_groups.o(i.xEventGroupWaitBits) refers to tasks.o(i.xTaskResumeAll) for xTaskResumeAll
    event_groups.o(i.xEventGroupWaitBits) refers to tasks.o(i.uxTaskResetEventItemValue) for uxTaskResetEventItemValue
    event_groups.o(i.xEventGroupWaitBits) refers to port.o(i.vPortEnterCritical) for vPortEnterCritical
    event_groups.o(i.xEventGroupWaitBits) refers to port.o(i.vPortExitCritical) for vPortExitCritical
    queue.o(i.pcQueueGetName) refers to queue.o(.bss) for xQueueRegistry
    queue.o(i.prvCopyDataFromQueue) refers to memcpya.o(.text) for __aeabi_memcpy
    queue.o(i.prvCopyDataToQueue) refers to tasks.o(i.xTaskPriorityDisinherit) for xTaskPriorityDisinherit
    queue.o(i.prvCopyDataToQueue) refers to memcpya.o(.text) for __aeabi_memcpy
    queue.o(i.prvInitialiseMutex) refers to queue.o(i.xQueueGenericSend) for xQueueGenericSend
    queue.o(i.prvInitialiseNewQueue) refers to queue.o(i.xQueueGenericReset) for xQueueGenericReset
    queue.o(i.prvIsQueueEmpty) refers to port.o(i.vPortEnterCritical) for vPortEnterCritical
    queue.o(i.prvIsQueueEmpty) refers to port.o(i.vPortExitCritical) for vPortExitCritical
    queue.o(i.prvIsQueueFull) refers to port.o(i.vPortEnterCritical) for vPortEnterCritical
    queue.o(i.prvIsQueueFull) refers to port.o(i.vPortExitCritical) for vPortExitCritical
    queue.o(i.prvUnlockQueue) refers to port.o(i.vPortEnterCritical) for vPortEnterCritical
    queue.o(i.prvUnlockQueue) refers to tasks.o(i.xTaskRemoveFromEventList) for xTaskRemoveFromEventList
    queue.o(i.prvUnlockQueue) refers to tasks.o(i.vTaskMissedYield) for vTaskMissedYield
    queue.o(i.prvUnlockQueue) refers to port.o(i.vPortExitCritical) for vPortExitCritical
    queue.o(i.uxQueueMessagesWaiting) refers to port.o(i.vPortEnterCritical) for vPortEnterCritical
    queue.o(i.uxQueueMessagesWaiting) refers to port.o(i.vPortExitCritical) for vPortExitCritical
    queue.o(i.uxQueueSpacesAvailable) refers to port.o(i.vPortEnterCritical) for vPortEnterCritical
    queue.o(i.uxQueueSpacesAvailable) refers to port.o(i.vPortExitCritical) for vPortExitCritical
    queue.o(i.vQueueAddToRegistry) refers to queue.o(.bss) for xQueueRegistry
    queue.o(i.vQueueDelete) refers to queue.o(i.vQueueUnregisterQueue) for vQueueUnregisterQueue
    queue.o(i.vQueueDelete) refers to heap_4.o(i.vPortFree) for vPortFree
    queue.o(i.vQueueUnregisterQueue) refers to queue.o(.bss) for xQueueRegistry
    queue.o(i.vQueueWaitForMessageRestricted) refers to port.o(i.vPortEnterCritical) for vPortEnterCritical
    queue.o(i.vQueueWaitForMessageRestricted) refers to port.o(i.vPortExitCritical) for vPortExitCritical
    queue.o(i.vQueueWaitForMessageRestricted) refers to tasks.o(i.vTaskPlaceOnEventListRestricted) for vTaskPlaceOnEventListRestricted
    queue.o(i.vQueueWaitForMessageRestricted) refers to queue.o(i.prvUnlockQueue) for prvUnlockQueue
    queue.o(i.xQueueCreateCountingSemaphore) refers to queue.o(i.xQueueGenericCreate) for xQueueGenericCreate
    queue.o(i.xQueueCreateCountingSemaphoreStatic) refers to queue.o(i.xQueueGenericCreateStatic) for xQueueGenericCreateStatic
    queue.o(i.xQueueCreateMutex) refers to queue.o(i.xQueueGenericCreate) for xQueueGenericCreate
    queue.o(i.xQueueCreateMutex) refers to queue.o(i.prvInitialiseMutex) for prvInitialiseMutex
    queue.o(i.xQueueCreateMutexStatic) refers to queue.o(i.xQueueGenericCreateStatic) for xQueueGenericCreateStatic
    queue.o(i.xQueueCreateMutexStatic) refers to queue.o(i.prvInitialiseMutex) for prvInitialiseMutex
    queue.o(i.xQueueGenericCreate) refers to heap_4.o(i.pvPortMalloc) for pvPortMalloc
    queue.o(i.xQueueGenericCreate) refers to queue.o(i.prvInitialiseNewQueue) for prvInitialiseNewQueue
    queue.o(i.xQueueGenericCreateStatic) refers to queue.o(i.prvInitialiseNewQueue) for prvInitialiseNewQueue
    queue.o(i.xQueueGenericReset) refers to port.o(i.vPortEnterCritical) for vPortEnterCritical
    queue.o(i.xQueueGenericReset) refers to tasks.o(i.xTaskRemoveFromEventList) for xTaskRemoveFromEventList
    queue.o(i.xQueueGenericReset) refers to list.o(i.vListInitialise) for vListInitialise
    queue.o(i.xQueueGenericReset) refers to port.o(i.vPortExitCritical) for vPortExitCritical
    queue.o(i.xQueueGenericSend) refers to tasks.o(i.xTaskGetSchedulerState) for xTaskGetSchedulerState
    queue.o(i.xQueueGenericSend) refers to port.o(i.vPortEnterCritical) for vPortEnterCritical
    queue.o(i.xQueueGenericSend) refers to queue.o(i.prvCopyDataToQueue) for prvCopyDataToQueue
    queue.o(i.xQueueGenericSend) refers to tasks.o(i.xTaskRemoveFromEventList) for xTaskRemoveFromEventList
    queue.o(i.xQueueGenericSend) refers to port.o(i.vPortExitCritical) for vPortExitCritical
    queue.o(i.xQueueGenericSend) refers to tasks.o(i.vTaskInternalSetTimeOutState) for vTaskInternalSetTimeOutState
    queue.o(i.xQueueGenericSend) refers to tasks.o(i.vTaskSuspendAll) for vTaskSuspendAll
    queue.o(i.xQueueGenericSend) refers to tasks.o(i.xTaskCheckForTimeOut) for xTaskCheckForTimeOut
    queue.o(i.xQueueGenericSend) refers to queue.o(i.prvIsQueueFull) for prvIsQueueFull
    queue.o(i.xQueueGenericSend) refers to tasks.o(i.vTaskPlaceOnEventList) for vTaskPlaceOnEventList
    queue.o(i.xQueueGenericSend) refers to queue.o(i.prvUnlockQueue) for prvUnlockQueue
    queue.o(i.xQueueGenericSend) refers to tasks.o(i.xTaskResumeAll) for xTaskResumeAll
    queue.o(i.xQueueGenericSendFromISR) refers to port.o(i.vPortValidateInterruptPriority) for vPortValidateInterruptPriority
    queue.o(i.xQueueGenericSendFromISR) refers to queue.o(i.prvCopyDataToQueue) for prvCopyDataToQueue
    queue.o(i.xQueueGenericSendFromISR) refers to tasks.o(i.xTaskRemoveFromEventList) for xTaskRemoveFromEventList
    queue.o(i.xQueueGetMutexHolder) refers to port.o(i.vPortEnterCritical) for vPortEnterCritical
    queue.o(i.xQueueGetMutexHolder) refers to port.o(i.vPortExitCritical) for vPortExitCritical
    queue.o(i.xQueueGiveFromISR) refers to port.o(i.vPortValidateInterruptPriority) for vPortValidateInterruptPriority
    queue.o(i.xQueueGiveFromISR) refers to tasks.o(i.xTaskRemoveFromEventList) for xTaskRemoveFromEventList
    queue.o(i.xQueueGiveMutexRecursive) refers to tasks.o(i.xTaskGetCurrentTaskHandle) for xTaskGetCurrentTaskHandle
    queue.o(i.xQueueGiveMutexRecursive) refers to queue.o(i.xQueueGenericSend) for xQueueGenericSend
    queue.o(i.xQueuePeek) refers to tasks.o(i.xTaskGetSchedulerState) for xTaskGetSchedulerState
    queue.o(i.xQueuePeek) refers to port.o(i.vPortEnterCritical) for vPortEnterCritical
    queue.o(i.xQueuePeek) refers to queue.o(i.prvCopyDataFromQueue) for prvCopyDataFromQueue
    queue.o(i.xQueuePeek) refers to tasks.o(i.xTaskRemoveFromEventList) for xTaskRemoveFromEventList
    queue.o(i.xQueuePeek) refers to port.o(i.vPortExitCritical) for vPortExitCritical
    queue.o(i.xQueuePeek) refers to tasks.o(i.vTaskInternalSetTimeOutState) for vTaskInternalSetTimeOutState
    queue.o(i.xQueuePeek) refers to tasks.o(i.vTaskSuspendAll) for vTaskSuspendAll
    queue.o(i.xQueuePeek) refers to tasks.o(i.xTaskCheckForTimeOut) for xTaskCheckForTimeOut
    queue.o(i.xQueuePeek) refers to queue.o(i.prvIsQueueEmpty) for prvIsQueueEmpty
    queue.o(i.xQueuePeek) refers to tasks.o(i.vTaskPlaceOnEventList) for vTaskPlaceOnEventList
    queue.o(i.xQueuePeek) refers to queue.o(i.prvUnlockQueue) for prvUnlockQueue
    queue.o(i.xQueuePeek) refers to tasks.o(i.xTaskResumeAll) for xTaskResumeAll
    queue.o(i.xQueuePeekFromISR) refers to port.o(i.vPortValidateInterruptPriority) for vPortValidateInterruptPriority
    queue.o(i.xQueuePeekFromISR) refers to queue.o(i.prvCopyDataFromQueue) for prvCopyDataFromQueue
    queue.o(i.xQueueReceive) refers to tasks.o(i.xTaskGetSchedulerState) for xTaskGetSchedulerState
    queue.o(i.xQueueReceive) refers to port.o(i.vPortEnterCritical) for vPortEnterCritical
    queue.o(i.xQueueReceive) refers to queue.o(i.prvCopyDataFromQueue) for prvCopyDataFromQueue
    queue.o(i.xQueueReceive) refers to tasks.o(i.xTaskRemoveFromEventList) for xTaskRemoveFromEventList
    queue.o(i.xQueueReceive) refers to port.o(i.vPortExitCritical) for vPortExitCritical
    queue.o(i.xQueueReceive) refers to tasks.o(i.vTaskInternalSetTimeOutState) for vTaskInternalSetTimeOutState
    queue.o(i.xQueueReceive) refers to tasks.o(i.vTaskSuspendAll) for vTaskSuspendAll
    queue.o(i.xQueueReceive) refers to tasks.o(i.xTaskCheckForTimeOut) for xTaskCheckForTimeOut
    queue.o(i.xQueueReceive) refers to queue.o(i.prvIsQueueEmpty) for prvIsQueueEmpty
    queue.o(i.xQueueReceive) refers to tasks.o(i.vTaskPlaceOnEventList) for vTaskPlaceOnEventList
    queue.o(i.xQueueReceive) refers to queue.o(i.prvUnlockQueue) for prvUnlockQueue
    queue.o(i.xQueueReceive) refers to tasks.o(i.xTaskResumeAll) for xTaskResumeAll
    queue.o(i.xQueueReceiveFromISR) refers to port.o(i.vPortValidateInterruptPriority) for vPortValidateInterruptPriority
    queue.o(i.xQueueReceiveFromISR) refers to queue.o(i.prvCopyDataFromQueue) for prvCopyDataFromQueue
    queue.o(i.xQueueReceiveFromISR) refers to tasks.o(i.xTaskRemoveFromEventList) for xTaskRemoveFromEventList
    queue.o(i.xQueueSemaphoreTake) refers to tasks.o(i.xTaskGetSchedulerState) for xTaskGetSchedulerState
    queue.o(i.xQueueSemaphoreTake) refers to port.o(i.vPortEnterCritical) for vPortEnterCritical
    queue.o(i.xQueueSemaphoreTake) refers to tasks.o(i.pvTaskIncrementMutexHeldCount) for pvTaskIncrementMutexHeldCount
    queue.o(i.xQueueSemaphoreTake) refers to tasks.o(i.xTaskRemoveFromEventList) for xTaskRemoveFromEventList
    queue.o(i.xQueueSemaphoreTake) refers to port.o(i.vPortExitCritical) for vPortExitCritical
    queue.o(i.xQueueSemaphoreTake) refers to tasks.o(i.vTaskInternalSetTimeOutState) for vTaskInternalSetTimeOutState
    queue.o(i.xQueueSemaphoreTake) refers to tasks.o(i.vTaskSuspendAll) for vTaskSuspendAll
    queue.o(i.xQueueSemaphoreTake) refers to tasks.o(i.xTaskCheckForTimeOut) for xTaskCheckForTimeOut
    queue.o(i.xQueueSemaphoreTake) refers to queue.o(i.prvIsQueueEmpty) for prvIsQueueEmpty
    queue.o(i.xQueueSemaphoreTake) refers to tasks.o(i.xTaskPriorityInherit) for xTaskPriorityInherit
    queue.o(i.xQueueSemaphoreTake) refers to tasks.o(i.vTaskPlaceOnEventList) for vTaskPlaceOnEventList
    queue.o(i.xQueueSemaphoreTake) refers to queue.o(i.prvUnlockQueue) for prvUnlockQueue
    queue.o(i.xQueueSemaphoreTake) refers to tasks.o(i.xTaskResumeAll) for xTaskResumeAll
    queue.o(i.xQueueSemaphoreTake) refers to queue.o(i.prvGetDisinheritPriorityAfterTimeout) for prvGetDisinheritPriorityAfterTimeout
    queue.o(i.xQueueSemaphoreTake) refers to tasks.o(i.vTaskPriorityDisinheritAfterTimeout) for vTaskPriorityDisinheritAfterTimeout
    queue.o(i.xQueueTakeMutexRecursive) refers to tasks.o(i.xTaskGetCurrentTaskHandle) for xTaskGetCurrentTaskHandle
    queue.o(i.xQueueTakeMutexRecursive) refers to queue.o(i.xQueueSemaphoreTake) for xQueueSemaphoreTake
    stream_buffer.o(i.prvInitialiseNewStreamBuffer) refers to memseta.o(.text) for memset
    stream_buffer.o(i.prvReadBytesFromBuffer) refers to memcpya.o(.text) for __aeabi_memcpy
    stream_buffer.o(i.prvReadMessageFromBuffer) refers to stream_buffer.o(i.prvReadBytesFromBuffer) for prvReadBytesFromBuffer
    stream_buffer.o(i.prvWriteBytesToBuffer) refers to memcpya.o(.text) for __aeabi_memcpy
    stream_buffer.o(i.prvWriteMessageToBuffer) refers to stream_buffer.o(i.prvWriteBytesToBuffer) for prvWriteBytesToBuffer
    stream_buffer.o(i.vStreamBufferDelete) refers to heap_4.o(i.vPortFree) for vPortFree
    stream_buffer.o(i.vStreamBufferDelete) refers to memseta.o(.text) for __aeabi_memclr4
    stream_buffer.o(i.xStreamBufferBytesAvailable) refers to stream_buffer.o(i.prvBytesInBuffer) for prvBytesInBuffer
    stream_buffer.o(i.xStreamBufferGenericCreate) refers to heap_4.o(i.pvPortMalloc) for pvPortMalloc
    stream_buffer.o(i.xStreamBufferGenericCreate) refers to stream_buffer.o(i.prvInitialiseNewStreamBuffer) for prvInitialiseNewStreamBuffer
    stream_buffer.o(i.xStreamBufferGenericCreateStatic) refers to stream_buffer.o(i.prvInitialiseNewStreamBuffer) for prvInitialiseNewStreamBuffer
    stream_buffer.o(i.xStreamBufferIsFull) refers to stream_buffer.o(i.xStreamBufferSpacesAvailable) for xStreamBufferSpacesAvailable
    stream_buffer.o(i.xStreamBufferNextMessageLengthBytes) refers to stream_buffer.o(i.prvBytesInBuffer) for prvBytesInBuffer
    stream_buffer.o(i.xStreamBufferNextMessageLengthBytes) refers to stream_buffer.o(i.prvReadBytesFromBuffer) for prvReadBytesFromBuffer
    stream_buffer.o(i.xStreamBufferReceive) refers to port.o(i.vPortEnterCritical) for vPortEnterCritical
    stream_buffer.o(i.xStreamBufferReceive) refers to stream_buffer.o(i.prvBytesInBuffer) for prvBytesInBuffer
    stream_buffer.o(i.xStreamBufferReceive) refers to tasks.o(i.xTaskNotifyStateClear) for xTaskNotifyStateClear
    stream_buffer.o(i.xStreamBufferReceive) refers to tasks.o(i.xTaskGetCurrentTaskHandle) for xTaskGetCurrentTaskHandle
    stream_buffer.o(i.xStreamBufferReceive) refers to port.o(i.vPortExitCritical) for vPortExitCritical
    stream_buffer.o(i.xStreamBufferReceive) refers to tasks.o(i.xTaskNotifyWait) for xTaskNotifyWait
    stream_buffer.o(i.xStreamBufferReceive) refers to stream_buffer.o(i.prvReadMessageFromBuffer) for prvReadMessageFromBuffer
    stream_buffer.o(i.xStreamBufferReceive) refers to tasks.o(i.vTaskSuspendAll) for vTaskSuspendAll
    stream_buffer.o(i.xStreamBufferReceive) refers to tasks.o(i.xTaskGenericNotify) for xTaskGenericNotify
    stream_buffer.o(i.xStreamBufferReceive) refers to tasks.o(i.xTaskResumeAll) for xTaskResumeAll
    stream_buffer.o(i.xStreamBufferReceiveCompletedFromISR) refers to tasks.o(i.xTaskGenericNotifyFromISR) for xTaskGenericNotifyFromISR
    stream_buffer.o(i.xStreamBufferReceiveFromISR) refers to stream_buffer.o(i.prvBytesInBuffer) for prvBytesInBuffer
    stream_buffer.o(i.xStreamBufferReceiveFromISR) refers to stream_buffer.o(i.prvReadMessageFromBuffer) for prvReadMessageFromBuffer
    stream_buffer.o(i.xStreamBufferReceiveFromISR) refers to tasks.o(i.xTaskGenericNotifyFromISR) for xTaskGenericNotifyFromISR
    stream_buffer.o(i.xStreamBufferReset) refers to port.o(i.vPortEnterCritical) for vPortEnterCritical
    stream_buffer.o(i.xStreamBufferReset) refers to stream_buffer.o(i.prvInitialiseNewStreamBuffer) for prvInitialiseNewStreamBuffer
    stream_buffer.o(i.xStreamBufferReset) refers to port.o(i.vPortExitCritical) for vPortExitCritical
    stream_buffer.o(i.xStreamBufferSend) refers to tasks.o(i.vTaskSetTimeOutState) for vTaskSetTimeOutState
    stream_buffer.o(i.xStreamBufferSend) refers to port.o(i.vPortEnterCritical) for vPortEnterCritical
    stream_buffer.o(i.xStreamBufferSend) refers to stream_buffer.o(i.xStreamBufferSpacesAvailable) for xStreamBufferSpacesAvailable
    stream_buffer.o(i.xStreamBufferSend) refers to tasks.o(i.xTaskNotifyStateClear) for xTaskNotifyStateClear
    stream_buffer.o(i.xStreamBufferSend) refers to tasks.o(i.xTaskGetCurrentTaskHandle) for xTaskGetCurrentTaskHandle
    stream_buffer.o(i.xStreamBufferSend) refers to port.o(i.vPortExitCritical) for vPortExitCritical
    stream_buffer.o(i.xStreamBufferSend) refers to tasks.o(i.xTaskNotifyWait) for xTaskNotifyWait
    stream_buffer.o(i.xStreamBufferSend) refers to tasks.o(i.xTaskCheckForTimeOut) for xTaskCheckForTimeOut
    stream_buffer.o(i.xStreamBufferSend) refers to stream_buffer.o(i.prvWriteMessageToBuffer) for prvWriteMessageToBuffer
    stream_buffer.o(i.xStreamBufferSend) refers to stream_buffer.o(i.prvBytesInBuffer) for prvBytesInBuffer
    stream_buffer.o(i.xStreamBufferSend) refers to tasks.o(i.vTaskSuspendAll) for vTaskSuspendAll
    stream_buffer.o(i.xStreamBufferSend) refers to tasks.o(i.xTaskGenericNotify) for xTaskGenericNotify
    stream_buffer.o(i.xStreamBufferSend) refers to tasks.o(i.xTaskResumeAll) for xTaskResumeAll
    stream_buffer.o(i.xStreamBufferSendCompletedFromISR) refers to tasks.o(i.xTaskGenericNotifyFromISR) for xTaskGenericNotifyFromISR
    stream_buffer.o(i.xStreamBufferSendFromISR) refers to stream_buffer.o(i.xStreamBufferSpacesAvailable) for xStreamBufferSpacesAvailable
    stream_buffer.o(i.xStreamBufferSendFromISR) refers to stream_buffer.o(i.prvWriteMessageToBuffer) for prvWriteMessageToBuffer
    stream_buffer.o(i.xStreamBufferSendFromISR) refers to stream_buffer.o(i.prvBytesInBuffer) for prvBytesInBuffer
    stream_buffer.o(i.xStreamBufferSendFromISR) refers to tasks.o(i.xTaskGenericNotifyFromISR) for xTaskGenericNotifyFromISR
    tasks.o(i.eTaskGetState) refers to port.o(i.vPortEnterCritical) for vPortEnterCritical
    tasks.o(i.eTaskGetState) refers to port.o(i.vPortExitCritical) for vPortExitCritical
    tasks.o(i.eTaskGetState) refers to tasks.o(.data) for pxCurrentTCB
    tasks.o(i.eTaskGetState) refers to tasks.o(.bss) for xSuspendedTaskList
    tasks.o(i.pcTaskGetName) refers to tasks.o(.data) for pxCurrentTCB
    tasks.o(i.prvAddCurrentTaskToDelayedList) refers to list.o(i.uxListRemove) for uxListRemove
    tasks.o(i.prvAddCurrentTaskToDelayedList) refers to list.o(i.vListInsertEnd) for vListInsertEnd
    tasks.o(i.prvAddCurrentTaskToDelayedList) refers to list.o(i.vListInsert) for vListInsert
    tasks.o(i.prvAddCurrentTaskToDelayedList) refers to tasks.o(.data) for xTickCount
    tasks.o(i.prvAddCurrentTaskToDelayedList) refers to tasks.o(.bss) for xSuspendedTaskList
    tasks.o(i.prvAddNewTaskToReadyList) refers to port.o(i.vPortEnterCritical) for vPortEnterCritical
    tasks.o(i.prvAddNewTaskToReadyList) refers to tasks.o(i.prvInitialiseTaskLists) for prvInitialiseTaskLists
    tasks.o(i.prvAddNewTaskToReadyList) refers to list.o(i.vListInsertEnd) for vListInsertEnd
    tasks.o(i.prvAddNewTaskToReadyList) refers to port.o(i.vPortExitCritical) for vPortExitCritical
    tasks.o(i.prvAddNewTaskToReadyList) refers to tasks.o(.data) for uxCurrentNumberOfTasks
    tasks.o(i.prvAddNewTaskToReadyList) refers to tasks.o(.bss) for pxReadyTasksLists
    tasks.o(i.prvCheckTasksWaitingTermination) refers to port.o(i.vPortEnterCritical) for vPortEnterCritical
    tasks.o(i.prvCheckTasksWaitingTermination) refers to list.o(i.uxListRemove) for uxListRemove
    tasks.o(i.prvCheckTasksWaitingTermination) refers to port.o(i.vPortExitCritical) for vPortExitCritical
    tasks.o(i.prvCheckTasksWaitingTermination) refers to tasks.o(i.prvDeleteTCB) for prvDeleteTCB
    tasks.o(i.prvCheckTasksWaitingTermination) refers to tasks.o(.bss) for xTasksWaitingTermination
    tasks.o(i.prvCheckTasksWaitingTermination) refers to tasks.o(.data) for uxCurrentNumberOfTasks
    tasks.o(i.prvDeleteTCB) refers to heap_4.o(i.vPortFree) for vPortFree
    tasks.o(i.prvIdleTask) refers to tasks.o(i.prvCheckTasksWaitingTermination) for prvCheckTasksWaitingTermination
    tasks.o(i.prvIdleTask) refers to tasks.o(.bss) for pxReadyTasksLists
    tasks.o(i.prvInitialiseNewTask) refers to memseta.o(.text) for __aeabi_memset
    tasks.o(i.prvInitialiseNewTask) refers to list.o(i.vListInitialiseItem) for vListInitialiseItem
    tasks.o(i.prvInitialiseNewTask) refers to port.o(i.pxPortInitialiseStack) for pxPortInitialiseStack
    tasks.o(i.prvInitialiseTaskLists) refers to list.o(i.vListInitialise) for vListInitialise
    tasks.o(i.prvInitialiseTaskLists) refers to tasks.o(.bss) for pxReadyTasksLists
    tasks.o(i.prvInitialiseTaskLists) refers to tasks.o(.data) for pxDelayedTaskList
    tasks.o(i.prvListTasksWithinSingleList) refers to tasks.o(i.vTaskGetInfo) for vTaskGetInfo
    tasks.o(i.prvResetNextTaskUnblockTime) refers to tasks.o(.data) for pxDelayedTaskList
    tasks.o(i.prvTaskIsTaskSuspended) refers to tasks.o(.bss) for xSuspendedTaskList
    tasks.o(i.pvTaskIncrementMutexHeldCount) refers to tasks.o(.data) for pxCurrentTCB
    tasks.o(i.ulTaskNotifyTake) refers to port.o(i.vPortEnterCritical) for vPortEnterCritical
    tasks.o(i.ulTaskNotifyTake) refers to tasks.o(i.prvAddCurrentTaskToDelayedList) for prvAddCurrentTaskToDelayedList
    tasks.o(i.ulTaskNotifyTake) refers to port.o(i.vPortExitCritical) for vPortExitCritical
    tasks.o(i.ulTaskNotifyTake) refers to tasks.o(.data) for pxCurrentTCB
    tasks.o(i.ulTaskNotifyValueClear) refers to port.o(i.vPortEnterCritical) for vPortEnterCritical
    tasks.o(i.ulTaskNotifyValueClear) refers to port.o(i.vPortExitCritical) for vPortExitCritical
    tasks.o(i.ulTaskNotifyValueClear) refers to tasks.o(.data) for pxCurrentTCB
    tasks.o(i.uxTaskGetNumberOfTasks) refers to tasks.o(.data) for uxCurrentNumberOfTasks
    tasks.o(i.uxTaskGetStackHighWaterMark) refers to tasks.o(i.prvTaskCheckFreeStackSpace) for prvTaskCheckFreeStackSpace
    tasks.o(i.uxTaskGetStackHighWaterMark) refers to tasks.o(.data) for pxCurrentTCB
    tasks.o(i.uxTaskGetSystemState) refers to tasks.o(i.vTaskSuspendAll) for vTaskSuspendAll
    tasks.o(i.uxTaskGetSystemState) refers to tasks.o(i.prvListTasksWithinSingleList) for prvListTasksWithinSingleList
    tasks.o(i.uxTaskGetSystemState) refers to tasks.o(i.xTaskResumeAll) for xTaskResumeAll
    tasks.o(i.uxTaskGetSystemState) refers to tasks.o(.data) for uxCurrentNumberOfTasks
    tasks.o(i.uxTaskGetSystemState) refers to tasks.o(.bss) for pxReadyTasksLists
    tasks.o(i.uxTaskPriorityGet) refers to port.o(i.vPortEnterCritical) for vPortEnterCritical
    tasks.o(i.uxTaskPriorityGet) refers to port.o(i.vPortExitCritical) for vPortExitCritical
    tasks.o(i.uxTaskPriorityGet) refers to tasks.o(.data) for pxCurrentTCB
    tasks.o(i.uxTaskPriorityGetFromISR) refers to port.o(i.vPortValidateInterruptPriority) for vPortValidateInterruptPriority
    tasks.o(i.uxTaskPriorityGetFromISR) refers to tasks.o(.data) for pxCurrentTCB
    tasks.o(i.uxTaskResetEventItemValue) refers to tasks.o(.data) for pxCurrentTCB
    tasks.o(i.vTaskDelay) refers to tasks.o(i.vTaskSuspendAll) for vTaskSuspendAll
    tasks.o(i.vTaskDelay) refers to tasks.o(i.prvAddCurrentTaskToDelayedList) for prvAddCurrentTaskToDelayedList
    tasks.o(i.vTaskDelay) refers to tasks.o(i.xTaskResumeAll) for xTaskResumeAll
    tasks.o(i.vTaskDelay) refers to tasks.o(.data) for uxSchedulerSuspended
    tasks.o(i.vTaskDelayUntil) refers to tasks.o(i.vTaskSuspendAll) for vTaskSuspendAll
    tasks.o(i.vTaskDelayUntil) refers to tasks.o(i.prvAddCurrentTaskToDelayedList) for prvAddCurrentTaskToDelayedList
    tasks.o(i.vTaskDelayUntil) refers to tasks.o(i.xTaskResumeAll) for xTaskResumeAll
    tasks.o(i.vTaskDelayUntil) refers to tasks.o(.data) for uxSchedulerSuspended
    tasks.o(i.vTaskDelete) refers to port.o(i.vPortEnterCritical) for vPortEnterCritical
    tasks.o(i.vTaskDelete) refers to list.o(i.uxListRemove) for uxListRemove
    tasks.o(i.vTaskDelete) refers to list.o(i.vListInsertEnd) for vListInsertEnd
    tasks.o(i.vTaskDelete) refers to tasks.o(i.prvDeleteTCB) for prvDeleteTCB
    tasks.o(i.vTaskDelete) refers to tasks.o(i.prvResetNextTaskUnblockTime) for prvResetNextTaskUnblockTime
    tasks.o(i.vTaskDelete) refers to port.o(i.vPortExitCritical) for vPortExitCritical
    tasks.o(i.vTaskDelete) refers to tasks.o(.data) for pxCurrentTCB
    tasks.o(i.vTaskDelete) refers to tasks.o(.bss) for xTasksWaitingTermination
    tasks.o(i.vTaskEndScheduler) refers to port.o(i.vPortEndScheduler) for vPortEndScheduler
    tasks.o(i.vTaskEndScheduler) refers to tasks.o(.data) for xSchedulerRunning
    tasks.o(i.vTaskGetInfo) refers to tasks.o(i.vTaskSuspendAll) for vTaskSuspendAll
    tasks.o(i.vTaskGetInfo) refers to tasks.o(i.xTaskResumeAll) for xTaskResumeAll
    tasks.o(i.vTaskGetInfo) refers to tasks.o(i.eTaskGetState) for eTaskGetState
    tasks.o(i.vTaskGetInfo) refers to tasks.o(i.prvTaskCheckFreeStackSpace) for prvTaskCheckFreeStackSpace
    tasks.o(i.vTaskGetInfo) refers to tasks.o(.data) for pxCurrentTCB
    tasks.o(i.vTaskInternalSetTimeOutState) refers to tasks.o(.data) for xNumOfOverflows
    tasks.o(i.vTaskMissedYield) refers to tasks.o(.data) for xYieldPending
    tasks.o(i.vTaskNotifyGiveFromISR) refers to port.o(i.vPortValidateInterruptPriority) for vPortValidateInterruptPriority
    tasks.o(i.vTaskNotifyGiveFromISR) refers to list.o(i.uxListRemove) for uxListRemove
    tasks.o(i.vTaskNotifyGiveFromISR) refers to list.o(i.vListInsertEnd) for vListInsertEnd
    tasks.o(i.vTaskNotifyGiveFromISR) refers to tasks.o(.data) for uxSchedulerSuspended
    tasks.o(i.vTaskNotifyGiveFromISR) refers to tasks.o(.bss) for pxReadyTasksLists
    tasks.o(i.vTaskPlaceOnEventList) refers to list.o(i.vListInsert) for vListInsert
    tasks.o(i.vTaskPlaceOnEventList) refers to tasks.o(i.prvAddCurrentTaskToDelayedList) for prvAddCurrentTaskToDelayedList
    tasks.o(i.vTaskPlaceOnEventList) refers to tasks.o(.data) for pxCurrentTCB
    tasks.o(i.vTaskPlaceOnEventListRestricted) refers to list.o(i.vListInsertEnd) for vListInsertEnd
    tasks.o(i.vTaskPlaceOnEventListRestricted) refers to tasks.o(i.prvAddCurrentTaskToDelayedList) for prvAddCurrentTaskToDelayedList
    tasks.o(i.vTaskPlaceOnEventListRestricted) refers to tasks.o(.data) for pxCurrentTCB
    tasks.o(i.vTaskPlaceOnUnorderedEventList) refers to list.o(i.vListInsertEnd) for vListInsertEnd
    tasks.o(i.vTaskPlaceOnUnorderedEventList) refers to tasks.o(i.prvAddCurrentTaskToDelayedList) for prvAddCurrentTaskToDelayedList
    tasks.o(i.vTaskPlaceOnUnorderedEventList) refers to tasks.o(.data) for uxSchedulerSuspended
    tasks.o(i.vTaskPriorityDisinheritAfterTimeout) refers to list.o(i.uxListRemove) for uxListRemove
    tasks.o(i.vTaskPriorityDisinheritAfterTimeout) refers to list.o(i.vListInsertEnd) for vListInsertEnd
    tasks.o(i.vTaskPriorityDisinheritAfterTimeout) refers to tasks.o(.data) for pxCurrentTCB
    tasks.o(i.vTaskPriorityDisinheritAfterTimeout) refers to tasks.o(.bss) for pxReadyTasksLists
    tasks.o(i.vTaskPrioritySet) refers to port.o(i.vPortEnterCritical) for vPortEnterCritical
    tasks.o(i.vTaskPrioritySet) refers to list.o(i.uxListRemove) for uxListRemove
    tasks.o(i.vTaskPrioritySet) refers to list.o(i.vListInsertEnd) for vListInsertEnd
    tasks.o(i.vTaskPrioritySet) refers to port.o(i.vPortExitCritical) for vPortExitCritical
    tasks.o(i.vTaskPrioritySet) refers to tasks.o(.data) for pxCurrentTCB
    tasks.o(i.vTaskPrioritySet) refers to tasks.o(.bss) for pxReadyTasksLists
    tasks.o(i.vTaskRemoveFromUnorderedEventList) refers to list.o(i.uxListRemove) for uxListRemove
    tasks.o(i.vTaskRemoveFromUnorderedEventList) refers to list.o(i.vListInsertEnd) for vListInsertEnd
    tasks.o(i.vTaskRemoveFromUnorderedEventList) refers to tasks.o(.data) for uxSchedulerSuspended
    tasks.o(i.vTaskRemoveFromUnorderedEventList) refers to tasks.o(.bss) for pxReadyTasksLists
    tasks.o(i.vTaskResume) refers to port.o(i.vPortEnterCritical) for vPortEnterCritical
    tasks.o(i.vTaskResume) refers to tasks.o(i.prvTaskIsTaskSuspended) for prvTaskIsTaskSuspended
    tasks.o(i.vTaskResume) refers to list.o(i.uxListRemove) for uxListRemove
    tasks.o(i.vTaskResume) refers to list.o(i.vListInsertEnd) for vListInsertEnd
    tasks.o(i.vTaskResume) refers to port.o(i.vPortExitCritical) for vPortExitCritical
    tasks.o(i.vTaskResume) refers to tasks.o(.data) for pxCurrentTCB
    tasks.o(i.vTaskResume) refers to tasks.o(.bss) for pxReadyTasksLists
    tasks.o(i.vTaskSetTimeOutState) refers to port.o(i.vPortEnterCritical) for vPortEnterCritical
    tasks.o(i.vTaskSetTimeOutState) refers to port.o(i.vPortExitCritical) for vPortExitCritical
    tasks.o(i.vTaskSetTimeOutState) refers to tasks.o(.data) for xNumOfOverflows
    tasks.o(i.vTaskStartScheduler) refers to cmsis_os2.o(i.vApplicationGetIdleTaskMemory) for vApplicationGetIdleTaskMemory
    tasks.o(i.vTaskStartScheduler) refers to tasks.o(i.xTaskCreateStatic) for xTaskCreateStatic
    tasks.o(i.vTaskStartScheduler) refers to timers.o(i.xTimerCreateTimerTask) for xTimerCreateTimerTask
    tasks.o(i.vTaskStartScheduler) refers to port.o(i.xPortStartScheduler) for xPortStartScheduler
    tasks.o(i.vTaskStartScheduler) refers to tasks.o(i.prvIdleTask) for prvIdleTask
    tasks.o(i.vTaskStartScheduler) refers to tasks.o(.data) for xIdleTaskHandle
    tasks.o(i.vTaskSuspend) refers to port.o(i.vPortEnterCritical) for vPortEnterCritical
    tasks.o(i.vTaskSuspend) refers to list.o(i.uxListRemove) for uxListRemove
    tasks.o(i.vTaskSuspend) refers to list.o(i.vListInsertEnd) for vListInsertEnd
    tasks.o(i.vTaskSuspend) refers to port.o(i.vPortExitCritical) for vPortExitCritical
    tasks.o(i.vTaskSuspend) refers to tasks.o(i.prvResetNextTaskUnblockTime) for prvResetNextTaskUnblockTime
    tasks.o(i.vTaskSuspend) refers to tasks.o(i.vTaskSwitchContext) for vTaskSwitchContext
    tasks.o(i.vTaskSuspend) refers to tasks.o(.data) for pxCurrentTCB
    tasks.o(i.vTaskSuspend) refers to tasks.o(.bss) for xSuspendedTaskList
    tasks.o(i.vTaskSuspendAll) refers to tasks.o(.data) for uxSchedulerSuspended
    tasks.o(i.vTaskSwitchContext) refers to tasks.o(.data) for uxSchedulerSuspended
    tasks.o(i.vTaskSwitchContext) refers to tasks.o(.bss) for pxReadyTasksLists
    tasks.o(i.xTaskCatchUpTicks) refers to tasks.o(i.vTaskSuspendAll) for vTaskSuspendAll
    tasks.o(i.xTaskCatchUpTicks) refers to tasks.o(i.xTaskResumeAll) for xTaskResumeAll
    tasks.o(i.xTaskCatchUpTicks) refers to tasks.o(.data) for uxSchedulerSuspended
    tasks.o(i.xTaskCheckForTimeOut) refers to port.o(i.vPortEnterCritical) for vPortEnterCritical
    tasks.o(i.xTaskCheckForTimeOut) refers to tasks.o(i.vTaskInternalSetTimeOutState) for vTaskInternalSetTimeOutState
    tasks.o(i.xTaskCheckForTimeOut) refers to port.o(i.vPortExitCritical) for vPortExitCritical
    tasks.o(i.xTaskCheckForTimeOut) refers to tasks.o(.data) for xTickCount
    tasks.o(i.xTaskCreate) refers to heap_4.o(i.pvPortMalloc) for pvPortMalloc
    tasks.o(i.xTaskCreate) refers to heap_4.o(i.vPortFree) for vPortFree
    tasks.o(i.xTaskCreate) refers to tasks.o(i.prvInitialiseNewTask) for prvInitialiseNewTask
    tasks.o(i.xTaskCreate) refers to tasks.o(i.prvAddNewTaskToReadyList) for prvAddNewTaskToReadyList
    tasks.o(i.xTaskCreateStatic) refers to tasks.o(i.prvInitialiseNewTask) for prvInitialiseNewTask
    tasks.o(i.xTaskCreateStatic) refers to tasks.o(i.prvAddNewTaskToReadyList) for prvAddNewTaskToReadyList
    tasks.o(i.xTaskGenericNotify) refers to port.o(i.vPortEnterCritical) for vPortEnterCritical
    tasks.o(i.xTaskGenericNotify) refers to list.o(i.uxListRemove) for uxListRemove
    tasks.o(i.xTaskGenericNotify) refers to list.o(i.vListInsertEnd) for vListInsertEnd
    tasks.o(i.xTaskGenericNotify) refers to port.o(i.vPortExitCritical) for vPortExitCritical
    tasks.o(i.xTaskGenericNotify) refers to tasks.o(.data) for uxTopReadyPriority
    tasks.o(i.xTaskGenericNotify) refers to tasks.o(.bss) for pxReadyTasksLists
    tasks.o(i.xTaskGenericNotifyFromISR) refers to port.o(i.vPortValidateInterruptPriority) for vPortValidateInterruptPriority
    tasks.o(i.xTaskGenericNotifyFromISR) refers to list.o(i.uxListRemove) for uxListRemove
    tasks.o(i.xTaskGenericNotifyFromISR) refers to list.o(i.vListInsertEnd) for vListInsertEnd
    tasks.o(i.xTaskGenericNotifyFromISR) refers to tasks.o(.data) for uxSchedulerSuspended
    tasks.o(i.xTaskGenericNotifyFromISR) refers to tasks.o(.bss) for pxReadyTasksLists
    tasks.o(i.xTaskGetCurrentTaskHandle) refers to tasks.o(.data) for pxCurrentTCB
    tasks.o(i.xTaskGetSchedulerState) refers to tasks.o(.data) for xSchedulerRunning
    tasks.o(i.xTaskGetTickCount) refers to tasks.o(.data) for xTickCount
    tasks.o(i.xTaskGetTickCountFromISR) refers to port.o(i.vPortValidateInterruptPriority) for vPortValidateInterruptPriority
    tasks.o(i.xTaskGetTickCountFromISR) refers to tasks.o(.data) for xTickCount
    tasks.o(i.xTaskIncrementTick) refers to tasks.o(i.prvResetNextTaskUnblockTime) for prvResetNextTaskUnblockTime
    tasks.o(i.xTaskIncrementTick) refers to list.o(i.uxListRemove) for uxListRemove
    tasks.o(i.xTaskIncrementTick) refers to list.o(i.vListInsertEnd) for vListInsertEnd
    tasks.o(i.xTaskIncrementTick) refers to tasks.o(.data) for uxSchedulerSuspended
    tasks.o(i.xTaskIncrementTick) refers to tasks.o(.bss) for pxReadyTasksLists
    tasks.o(i.xTaskNotifyStateClear) refers to port.o(i.vPortEnterCritical) for vPortEnterCritical
    tasks.o(i.xTaskNotifyStateClear) refers to port.o(i.vPortExitCritical) for vPortExitCritical
    tasks.o(i.xTaskNotifyStateClear) refers to tasks.o(.data) for pxCurrentTCB
    tasks.o(i.xTaskNotifyWait) refers to port.o(i.vPortEnterCritical) for vPortEnterCritical
    tasks.o(i.xTaskNotifyWait) refers to tasks.o(i.prvAddCurrentTaskToDelayedList) for prvAddCurrentTaskToDelayedList
    tasks.o(i.xTaskNotifyWait) refers to port.o(i.vPortExitCritical) for vPortExitCritical
    tasks.o(i.xTaskNotifyWait) refers to tasks.o(.data) for pxCurrentTCB
    tasks.o(i.xTaskPriorityDisinherit) refers to list.o(i.uxListRemove) for uxListRemove
    tasks.o(i.xTaskPriorityDisinherit) refers to list.o(i.vListInsertEnd) for vListInsertEnd
    tasks.o(i.xTaskPriorityDisinherit) refers to tasks.o(.data) for pxCurrentTCB
    tasks.o(i.xTaskPriorityDisinherit) refers to tasks.o(.bss) for pxReadyTasksLists
    tasks.o(i.xTaskPriorityInherit) refers to list.o(i.uxListRemove) for uxListRemove
    tasks.o(i.xTaskPriorityInherit) refers to list.o(i.vListInsertEnd) for vListInsertEnd
    tasks.o(i.xTaskPriorityInherit) refers to tasks.o(.data) for pxCurrentTCB
    tasks.o(i.xTaskPriorityInherit) refers to tasks.o(.bss) for pxReadyTasksLists
    tasks.o(i.xTaskRemoveFromEventList) refers to list.o(i.uxListRemove) for uxListRemove
    tasks.o(i.xTaskRemoveFromEventList) refers to list.o(i.vListInsertEnd) for vListInsertEnd
    tasks.o(i.xTaskRemoveFromEventList) refers to tasks.o(.data) for uxSchedulerSuspended
    tasks.o(i.xTaskRemoveFromEventList) refers to tasks.o(.bss) for pxReadyTasksLists
    tasks.o(i.xTaskResumeAll) refers to port.o(i.vPortEnterCritical) for vPortEnterCritical
    tasks.o(i.xTaskResumeAll) refers to list.o(i.uxListRemove) for uxListRemove
    tasks.o(i.xTaskResumeAll) refers to list.o(i.vListInsertEnd) for vListInsertEnd
    tasks.o(i.xTaskResumeAll) refers to tasks.o(i.prvResetNextTaskUnblockTime) for prvResetNextTaskUnblockTime
    tasks.o(i.xTaskResumeAll) refers to tasks.o(i.xTaskIncrementTick) for xTaskIncrementTick
    tasks.o(i.xTaskResumeAll) refers to port.o(i.vPortExitCritical) for vPortExitCritical
    tasks.o(i.xTaskResumeAll) refers to tasks.o(.data) for uxSchedulerSuspended
    tasks.o(i.xTaskResumeAll) refers to tasks.o(.bss) for xPendingReadyList
    tasks.o(i.xTaskResumeFromISR) refers to port.o(i.vPortValidateInterruptPriority) for vPortValidateInterruptPriority
    tasks.o(i.xTaskResumeFromISR) refers to tasks.o(i.prvTaskIsTaskSuspended) for prvTaskIsTaskSuspended
    tasks.o(i.xTaskResumeFromISR) refers to list.o(i.uxListRemove) for uxListRemove
    tasks.o(i.xTaskResumeFromISR) refers to list.o(i.vListInsertEnd) for vListInsertEnd
    tasks.o(i.xTaskResumeFromISR) refers to tasks.o(.data) for uxSchedulerSuspended
    tasks.o(i.xTaskResumeFromISR) refers to tasks.o(.bss) for pxReadyTasksLists
    timers.o(i.prvCheckForValidListAndQueue) refers to port.o(i.vPortEnterCritical) for vPortEnterCritical
    timers.o(i.prvCheckForValidListAndQueue) refers to list.o(i.vListInitialise) for vListInitialise
    timers.o(i.prvCheckForValidListAndQueue) refers to queue.o(i.xQueueGenericCreateStatic) for xQueueGenericCreateStatic
    timers.o(i.prvCheckForValidListAndQueue) refers to queue.o(i.vQueueAddToRegistry) for vQueueAddToRegistry
    timers.o(i.prvCheckForValidListAndQueue) refers to port.o(i.vPortExitCritical) for vPortExitCritical
    timers.o(i.prvCheckForValidListAndQueue) refers to timers.o(.data) for xTimerQueue
    timers.o(i.prvCheckForValidListAndQueue) refers to timers.o(.bss) for xActiveTimerList1
    timers.o(i.prvGetNextExpireTime) refers to timers.o(.data) for pxCurrentTimerList
    timers.o(i.prvInitialiseNewTimer) refers to timers.o(i.prvCheckForValidListAndQueue) for prvCheckForValidListAndQueue
    timers.o(i.prvInitialiseNewTimer) refers to list.o(i.vListInitialiseItem) for vListInitialiseItem
    timers.o(i.prvInsertTimerInActiveList) refers to list.o(i.vListInsert) for vListInsert
    timers.o(i.prvInsertTimerInActiveList) refers to timers.o(.data) for pxOverflowTimerList
    timers.o(i.prvProcessExpiredTimer) refers to list.o(i.uxListRemove) for uxListRemove
    timers.o(i.prvProcessExpiredTimer) refers to timers.o(i.prvInsertTimerInActiveList) for prvInsertTimerInActiveList
    timers.o(i.prvProcessExpiredTimer) refers to timers.o(i.xTimerGenericCommand) for xTimerGenericCommand
    timers.o(i.prvProcessExpiredTimer) refers to timers.o(.data) for pxCurrentTimerList
    timers.o(i.prvProcessReceivedCommands) refers to list.o(i.uxListRemove) for uxListRemove
    timers.o(i.prvProcessReceivedCommands) refers to timers.o(i.prvSampleTimeNow) for prvSampleTimeNow
    timers.o(i.prvProcessReceivedCommands) refers to timers.o(i.prvInsertTimerInActiveList) for prvInsertTimerInActiveList
    timers.o(i.prvProcessReceivedCommands) refers to timers.o(i.xTimerGenericCommand) for xTimerGenericCommand
    timers.o(i.prvProcessReceivedCommands) refers to heap_4.o(i.vPortFree) for vPortFree
    timers.o(i.prvProcessReceivedCommands) refers to queue.o(i.xQueueReceive) for xQueueReceive
    timers.o(i.prvProcessReceivedCommands) refers to timers.o(.data) for xTimerQueue
    timers.o(i.prvProcessTimerOrBlockTask) refers to tasks.o(i.vTaskSuspendAll) for vTaskSuspendAll
    timers.o(i.prvProcessTimerOrBlockTask) refers to timers.o(i.prvSampleTimeNow) for prvSampleTimeNow
    timers.o(i.prvProcessTimerOrBlockTask) refers to tasks.o(i.xTaskResumeAll) for xTaskResumeAll
    timers.o(i.prvProcessTimerOrBlockTask) refers to timers.o(i.prvProcessExpiredTimer) for prvProcessExpiredTimer
    timers.o(i.prvProcessTimerOrBlockTask) refers to queue.o(i.vQueueWaitForMessageRestricted) for vQueueWaitForMessageRestricted
    timers.o(i.prvProcessTimerOrBlockTask) refers to timers.o(.data) for pxOverflowTimerList
    timers.o(i.prvSampleTimeNow) refers to tasks.o(i.xTaskGetTickCount) for xTaskGetTickCount
    timers.o(i.prvSampleTimeNow) refers to timers.o(i.prvSwitchTimerLists) for prvSwitchTimerLists
    timers.o(i.prvSampleTimeNow) refers to timers.o(.data) for xLastTime
    timers.o(i.prvSwitchTimerLists) refers to list.o(i.uxListRemove) for uxListRemove
    timers.o(i.prvSwitchTimerLists) refers to list.o(i.vListInsert) for vListInsert
    timers.o(i.prvSwitchTimerLists) refers to timers.o(i.xTimerGenericCommand) for xTimerGenericCommand
    timers.o(i.prvSwitchTimerLists) refers to timers.o(.data) for pxCurrentTimerList
    timers.o(i.prvTimerTask) refers to timers.o(i.prvGetNextExpireTime) for prvGetNextExpireTime
    timers.o(i.prvTimerTask) refers to timers.o(i.prvProcessTimerOrBlockTask) for prvProcessTimerOrBlockTask
    timers.o(i.prvTimerTask) refers to timers.o(i.prvProcessReceivedCommands) for prvProcessReceivedCommands
    timers.o(i.pvTimerGetTimerID) refers to port.o(i.vPortEnterCritical) for vPortEnterCritical
    timers.o(i.pvTimerGetTimerID) refers to port.o(i.vPortExitCritical) for vPortExitCritical
    timers.o(i.uxTimerGetReloadMode) refers to port.o(i.vPortEnterCritical) for vPortEnterCritical
    timers.o(i.uxTimerGetReloadMode) refers to port.o(i.vPortExitCritical) for vPortExitCritical
    timers.o(i.vTimerSetReloadMode) refers to port.o(i.vPortEnterCritical) for vPortEnterCritical
    timers.o(i.vTimerSetReloadMode) refers to port.o(i.vPortExitCritical) for vPortExitCritical
    timers.o(i.vTimerSetTimerID) refers to port.o(i.vPortEnterCritical) for vPortEnterCritical
    timers.o(i.vTimerSetTimerID) refers to port.o(i.vPortExitCritical) for vPortExitCritical
    timers.o(i.xTimerCreate) refers to heap_4.o(i.pvPortMalloc) for pvPortMalloc
    timers.o(i.xTimerCreate) refers to timers.o(i.prvInitialiseNewTimer) for prvInitialiseNewTimer
    timers.o(i.xTimerCreateStatic) refers to timers.o(i.prvInitialiseNewTimer) for prvInitialiseNewTimer
    timers.o(i.xTimerCreateTimerTask) refers to timers.o(i.prvCheckForValidListAndQueue) for prvCheckForValidListAndQueue
    timers.o(i.xTimerCreateTimerTask) refers to cmsis_os2.o(i.vApplicationGetTimerTaskMemory) for vApplicationGetTimerTaskMemory
    timers.o(i.xTimerCreateTimerTask) refers to tasks.o(i.xTaskCreateStatic) for xTaskCreateStatic
    timers.o(i.xTimerCreateTimerTask) refers to timers.o(.data) for xTimerQueue
    timers.o(i.xTimerCreateTimerTask) refers to timers.o(i.prvTimerTask) for prvTimerTask
    timers.o(i.xTimerGenericCommand) refers to tasks.o(i.xTaskGetSchedulerState) for xTaskGetSchedulerState
    timers.o(i.xTimerGenericCommand) refers to queue.o(i.xQueueGenericSend) for xQueueGenericSend
    timers.o(i.xTimerGenericCommand) refers to queue.o(i.xQueueGenericSendFromISR) for xQueueGenericSendFromISR
    timers.o(i.xTimerGenericCommand) refers to timers.o(.data) for xTimerQueue
    timers.o(i.xTimerGetTimerDaemonTaskHandle) refers to timers.o(.data) for xTimerTaskHandle
    timers.o(i.xTimerIsTimerActive) refers to port.o(i.vPortEnterCritical) for vPortEnterCritical
    timers.o(i.xTimerIsTimerActive) refers to port.o(i.vPortExitCritical) for vPortExitCritical
    timers.o(i.xTimerPendFunctionCall) refers to queue.o(i.xQueueGenericSend) for xQueueGenericSend
    timers.o(i.xTimerPendFunctionCall) refers to timers.o(.data) for xTimerQueue
    timers.o(i.xTimerPendFunctionCallFromISR) refers to queue.o(i.xQueueGenericSendFromISR) for xQueueGenericSendFromISR
    timers.o(i.xTimerPendFunctionCallFromISR) refers to timers.o(.data) for xTimerQueue
    cmsis_os2.o(i.SysTick_Handler) refers to tasks.o(i.xTaskGetSchedulerState) for xTaskGetSchedulerState
    cmsis_os2.o(i.SysTick_Handler) refers to port.o(i.xPortSysTickHandler) for xPortSysTickHandler
    cmsis_os2.o(i.TimerCallback) refers to timers.o(i.pvTimerGetTimerID) for pvTimerGetTimerID
    cmsis_os2.o(i.osDelay) refers to cmsis_os2.o(i.__get_IPSR) for __get_IPSR
    cmsis_os2.o(i.osDelay) refers to tasks.o(i.vTaskDelay) for vTaskDelay
    cmsis_os2.o(i.osDelayUntil) refers to cmsis_os2.o(i.__get_IPSR) for __get_IPSR
    cmsis_os2.o(i.osDelayUntil) refers to tasks.o(i.xTaskGetTickCount) for xTaskGetTickCount
    cmsis_os2.o(i.osDelayUntil) refers to tasks.o(i.vTaskDelayUntil) for vTaskDelayUntil
    cmsis_os2.o(i.osEventFlagsClear) refers to cmsis_os2.o(i.__get_IPSR) for __get_IPSR
    cmsis_os2.o(i.osEventFlagsClear) refers to event_groups.o(i.xEventGroupGetBitsFromISR) for xEventGroupGetBitsFromISR
    cmsis_os2.o(i.osEventFlagsClear) refers to event_groups.o(i.xEventGroupClearBitsFromISR) for xEventGroupClearBitsFromISR
    cmsis_os2.o(i.osEventFlagsClear) refers to event_groups.o(i.xEventGroupClearBits) for xEventGroupClearBits
    cmsis_os2.o(i.osEventFlagsDelete) refers to cmsis_os2.o(i.__get_IPSR) for __get_IPSR
    cmsis_os2.o(i.osEventFlagsDelete) refers to event_groups.o(i.vEventGroupDelete) for vEventGroupDelete
    cmsis_os2.o(i.osEventFlagsGet) refers to cmsis_os2.o(i.__get_IPSR) for __get_IPSR
    cmsis_os2.o(i.osEventFlagsGet) refers to event_groups.o(i.xEventGroupGetBitsFromISR) for xEventGroupGetBitsFromISR
    cmsis_os2.o(i.osEventFlagsGet) refers to event_groups.o(i.xEventGroupClearBits) for xEventGroupClearBits
    cmsis_os2.o(i.osEventFlagsNew) refers to cmsis_os2.o(i.__get_IPSR) for __get_IPSR
    cmsis_os2.o(i.osEventFlagsNew) refers to event_groups.o(i.xEventGroupCreateStatic) for xEventGroupCreateStatic
    cmsis_os2.o(i.osEventFlagsNew) refers to event_groups.o(i.xEventGroupCreate) for xEventGroupCreate
    cmsis_os2.o(i.osEventFlagsSet) refers to cmsis_os2.o(i.__get_IPSR) for __get_IPSR
    cmsis_os2.o(i.osEventFlagsSet) refers to event_groups.o(i.xEventGroupSetBitsFromISR) for xEventGroupSetBitsFromISR
    cmsis_os2.o(i.osEventFlagsSet) refers to event_groups.o(i.xEventGroupSetBits) for xEventGroupSetBits
    cmsis_os2.o(i.osEventFlagsWait) refers to cmsis_os2.o(i.__get_IPSR) for __get_IPSR
    cmsis_os2.o(i.osEventFlagsWait) refers to event_groups.o(i.xEventGroupWaitBits) for xEventGroupWaitBits
    cmsis_os2.o(i.osKernelGetInfo) refers to memcpya.o(.text) for __aeabi_memcpy
    cmsis_os2.o(i.osKernelGetState) refers to tasks.o(i.xTaskGetSchedulerState) for xTaskGetSchedulerState
    cmsis_os2.o(i.osKernelGetState) refers to cmsis_os2.o(.data) for KernelState
    cmsis_os2.o(i.osKernelGetSysTimerCount) refers to tasks.o(i.xTaskGetTickCount) for xTaskGetTickCount
    cmsis_os2.o(i.osKernelGetSysTimerCount) refers to cmsis_os2.o(i.OS_Tick_GetCount) for OS_Tick_GetCount
    cmsis_os2.o(i.osKernelGetSysTimerCount) refers to cmsis_os2.o(i.OS_Tick_GetOverflow) for OS_Tick_GetOverflow
    cmsis_os2.o(i.osKernelGetSysTimerCount) refers to cmsis_os2.o(i.OS_Tick_GetInterval) for OS_Tick_GetInterval
    cmsis_os2.o(i.osKernelGetSysTimerFreq) refers to system_stm32f4xx.o(.data) for SystemCoreClock
    cmsis_os2.o(i.osKernelGetTickCount) refers to cmsis_os2.o(i.__get_IPSR) for __get_IPSR
    cmsis_os2.o(i.osKernelGetTickCount) refers to tasks.o(i.xTaskGetTickCountFromISR) for xTaskGetTickCountFromISR
    cmsis_os2.o(i.osKernelGetTickCount) refers to tasks.o(i.xTaskGetTickCount) for xTaskGetTickCount
    cmsis_os2.o(i.osKernelInitialize) refers to cmsis_os2.o(i.__get_IPSR) for __get_IPSR
    cmsis_os2.o(i.osKernelInitialize) refers to cmsis_os2.o(.data) for KernelState
    cmsis_os2.o(i.osKernelLock) refers to cmsis_os2.o(i.__get_IPSR) for __get_IPSR
    cmsis_os2.o(i.osKernelLock) refers to tasks.o(i.xTaskGetSchedulerState) for xTaskGetSchedulerState
    cmsis_os2.o(i.osKernelLock) refers to tasks.o(i.vTaskSuspendAll) for vTaskSuspendAll
    cmsis_os2.o(i.osKernelRestoreLock) refers to cmsis_os2.o(i.__get_IPSR) for __get_IPSR
    cmsis_os2.o(i.osKernelRestoreLock) refers to tasks.o(i.xTaskGetSchedulerState) for xTaskGetSchedulerState
    cmsis_os2.o(i.osKernelRestoreLock) refers to tasks.o(i.vTaskSuspendAll) for vTaskSuspendAll
    cmsis_os2.o(i.osKernelRestoreLock) refers to tasks.o(i.xTaskResumeAll) for xTaskResumeAll
    cmsis_os2.o(i.osKernelStart) refers to cmsis_os2.o(i.__get_IPSR) for __get_IPSR
    cmsis_os2.o(i.osKernelStart) refers to tasks.o(i.vTaskStartScheduler) for vTaskStartScheduler
    cmsis_os2.o(i.osKernelStart) refers to cmsis_os2.o(.data) for KernelState
    cmsis_os2.o(i.osKernelUnlock) refers to cmsis_os2.o(i.__get_IPSR) for __get_IPSR
    cmsis_os2.o(i.osKernelUnlock) refers to tasks.o(i.xTaskGetSchedulerState) for xTaskGetSchedulerState
    cmsis_os2.o(i.osKernelUnlock) refers to tasks.o(i.xTaskResumeAll) for xTaskResumeAll
    cmsis_os2.o(i.osMemoryPoolAlloc) refers to cmsis_os2.o(i.__get_IPSR) for __get_IPSR
    cmsis_os2.o(i.osMemoryPoolAlloc) refers to queue.o(i.xQueueReceiveFromISR) for xQueueReceiveFromISR
    cmsis_os2.o(i.osMemoryPoolAlloc) refers to cmsis_os2.o(i.AllocBlock) for AllocBlock
    cmsis_os2.o(i.osMemoryPoolAlloc) refers to cmsis_os2.o(i.CreateBlock) for CreateBlock
    cmsis_os2.o(i.osMemoryPoolAlloc) refers to queue.o(i.xQueueSemaphoreTake) for xQueueSemaphoreTake
    cmsis_os2.o(i.osMemoryPoolAlloc) refers to port.o(i.vPortEnterCritical) for vPortEnterCritical
    cmsis_os2.o(i.osMemoryPoolAlloc) refers to port.o(i.vPortExitCritical) for vPortExitCritical
    cmsis_os2.o(i.osMemoryPoolDelete) refers to cmsis_os2.o(i.__get_IPSR) for __get_IPSR
    cmsis_os2.o(i.osMemoryPoolDelete) refers to port.o(i.vPortEnterCritical) for vPortEnterCritical
    cmsis_os2.o(i.osMemoryPoolDelete) refers to queue.o(i.xQueueGenericSend) for xQueueGenericSend
    cmsis_os2.o(i.osMemoryPoolDelete) refers to heap_4.o(i.vPortFree) for vPortFree
    cmsis_os2.o(i.osMemoryPoolDelete) refers to port.o(i.vPortExitCritical) for vPortExitCritical
    cmsis_os2.o(i.osMemoryPoolFree) refers to cmsis_os2.o(i.__get_IPSR) for __get_IPSR
    cmsis_os2.o(i.osMemoryPoolFree) refers to queue.o(i.uxQueueMessagesWaitingFromISR) for uxQueueMessagesWaitingFromISR
    cmsis_os2.o(i.osMemoryPoolFree) refers to cmsis_os2.o(i.FreeBlock) for FreeBlock
    cmsis_os2.o(i.osMemoryPoolFree) refers to queue.o(i.xQueueGiveFromISR) for xQueueGiveFromISR
    cmsis_os2.o(i.osMemoryPoolFree) refers to queue.o(i.uxQueueMessagesWaiting) for uxQueueMessagesWaiting
    cmsis_os2.o(i.osMemoryPoolFree) refers to port.o(i.vPortEnterCritical) for vPortEnterCritical
    cmsis_os2.o(i.osMemoryPoolFree) refers to port.o(i.vPortExitCritical) for vPortExitCritical
    cmsis_os2.o(i.osMemoryPoolFree) refers to queue.o(i.xQueueGenericSend) for xQueueGenericSend
    cmsis_os2.o(i.osMemoryPoolGetCount) refers to cmsis_os2.o(i.__get_IPSR) for __get_IPSR
    cmsis_os2.o(i.osMemoryPoolGetCount) refers to queue.o(i.uxQueueMessagesWaitingFromISR) for uxQueueMessagesWaitingFromISR
    cmsis_os2.o(i.osMemoryPoolGetCount) refers to queue.o(i.uxQueueMessagesWaiting) for uxQueueMessagesWaiting
    cmsis_os2.o(i.osMemoryPoolGetName) refers to cmsis_os2.o(i.__get_IPSR) for __get_IPSR
    cmsis_os2.o(i.osMemoryPoolGetSpace) refers to cmsis_os2.o(i.__get_IPSR) for __get_IPSR
    cmsis_os2.o(i.osMemoryPoolGetSpace) refers to queue.o(i.uxQueueMessagesWaitingFromISR) for uxQueueMessagesWaitingFromISR
    cmsis_os2.o(i.osMemoryPoolGetSpace) refers to queue.o(i.uxQueueMessagesWaiting) for uxQueueMessagesWaiting
    cmsis_os2.o(i.osMemoryPoolNew) refers to cmsis_os2.o(i.__get_IPSR) for __get_IPSR
    cmsis_os2.o(i.osMemoryPoolNew) refers to heap_4.o(i.pvPortMalloc) for pvPortMalloc
    cmsis_os2.o(i.osMemoryPoolNew) refers to queue.o(i.xQueueCreateCountingSemaphoreStatic) for xQueueCreateCountingSemaphoreStatic
    cmsis_os2.o(i.osMemoryPoolNew) refers to heap_4.o(i.vPortFree) for vPortFree
    cmsis_os2.o(i.osMessageQueueDelete) refers to cmsis_os2.o(i.__get_IPSR) for __get_IPSR
    cmsis_os2.o(i.osMessageQueueDelete) refers to queue.o(i.vQueueUnregisterQueue) for vQueueUnregisterQueue
    cmsis_os2.o(i.osMessageQueueDelete) refers to queue.o(i.vQueueDelete) for vQueueDelete
    cmsis_os2.o(i.osMessageQueueGet) refers to cmsis_os2.o(i.__get_IPSR) for __get_IPSR
    cmsis_os2.o(i.osMessageQueueGet) refers to queue.o(i.xQueueReceiveFromISR) for xQueueReceiveFromISR
    cmsis_os2.o(i.osMessageQueueGet) refers to queue.o(i.xQueueReceive) for xQueueReceive
    cmsis_os2.o(i.osMessageQueueGetCount) refers to cmsis_os2.o(i.__get_IPSR) for __get_IPSR
    cmsis_os2.o(i.osMessageQueueGetCount) refers to queue.o(i.uxQueueMessagesWaitingFromISR) for uxQueueMessagesWaitingFromISR
    cmsis_os2.o(i.osMessageQueueGetCount) refers to queue.o(i.uxQueueMessagesWaiting) for uxQueueMessagesWaiting
    cmsis_os2.o(i.osMessageQueueGetSpace) refers to cmsis_os2.o(i.__get_IPSR) for __get_IPSR
    cmsis_os2.o(i.osMessageQueueGetSpace) refers to queue.o(i.uxQueueSpacesAvailable) for uxQueueSpacesAvailable
    cmsis_os2.o(i.osMessageQueueNew) refers to cmsis_os2.o(i.__get_IPSR) for __get_IPSR
    cmsis_os2.o(i.osMessageQueueNew) refers to queue.o(i.xQueueGenericCreateStatic) for xQueueGenericCreateStatic
    cmsis_os2.o(i.osMessageQueueNew) refers to queue.o(i.xQueueGenericCreate) for xQueueGenericCreate
    cmsis_os2.o(i.osMessageQueueNew) refers to queue.o(i.vQueueAddToRegistry) for vQueueAddToRegistry
    cmsis_os2.o(i.osMessageQueuePut) refers to cmsis_os2.o(i.__get_IPSR) for __get_IPSR
    cmsis_os2.o(i.osMessageQueuePut) refers to queue.o(i.xQueueGenericSendFromISR) for xQueueGenericSendFromISR
    cmsis_os2.o(i.osMessageQueuePut) refers to queue.o(i.xQueueGenericSend) for xQueueGenericSend
    cmsis_os2.o(i.osMessageQueueReset) refers to cmsis_os2.o(i.__get_IPSR) for __get_IPSR
    cmsis_os2.o(i.osMessageQueueReset) refers to queue.o(i.xQueueGenericReset) for xQueueGenericReset
    cmsis_os2.o(i.osMutexAcquire) refers to cmsis_os2.o(i.__get_IPSR) for __get_IPSR
    cmsis_os2.o(i.osMutexAcquire) refers to queue.o(i.xQueueTakeMutexRecursive) for xQueueTakeMutexRecursive
    cmsis_os2.o(i.osMutexAcquire) refers to queue.o(i.xQueueSemaphoreTake) for xQueueSemaphoreTake
    cmsis_os2.o(i.osMutexDelete) refers to cmsis_os2.o(i.__get_IPSR) for __get_IPSR
    cmsis_os2.o(i.osMutexDelete) refers to queue.o(i.vQueueUnregisterQueue) for vQueueUnregisterQueue
    cmsis_os2.o(i.osMutexDelete) refers to queue.o(i.vQueueDelete) for vQueueDelete
    cmsis_os2.o(i.osMutexGetOwner) refers to cmsis_os2.o(i.__get_IPSR) for __get_IPSR
    cmsis_os2.o(i.osMutexGetOwner) refers to queue.o(i.xQueueGetMutexHolder) for xQueueGetMutexHolder
    cmsis_os2.o(i.osMutexNew) refers to cmsis_os2.o(i.__get_IPSR) for __get_IPSR
    cmsis_os2.o(i.osMutexNew) refers to queue.o(i.xQueueCreateMutexStatic) for xQueueCreateMutexStatic
    cmsis_os2.o(i.osMutexNew) refers to queue.o(i.xQueueCreateMutex) for xQueueCreateMutex
    cmsis_os2.o(i.osMutexNew) refers to queue.o(i.vQueueAddToRegistry) for vQueueAddToRegistry
    cmsis_os2.o(i.osMutexRelease) refers to cmsis_os2.o(i.__get_IPSR) for __get_IPSR
    cmsis_os2.o(i.osMutexRelease) refers to queue.o(i.xQueueGiveMutexRecursive) for xQueueGiveMutexRecursive
    cmsis_os2.o(i.osMutexRelease) refers to queue.o(i.xQueueGenericSend) for xQueueGenericSend
    cmsis_os2.o(i.osSemaphoreAcquire) refers to cmsis_os2.o(i.__get_IPSR) for __get_IPSR
    cmsis_os2.o(i.osSemaphoreAcquire) refers to queue.o(i.xQueueReceiveFromISR) for xQueueReceiveFromISR
    cmsis_os2.o(i.osSemaphoreAcquire) refers to queue.o(i.xQueueSemaphoreTake) for xQueueSemaphoreTake
    cmsis_os2.o(i.osSemaphoreDelete) refers to cmsis_os2.o(i.__get_IPSR) for __get_IPSR
    cmsis_os2.o(i.osSemaphoreDelete) refers to queue.o(i.vQueueUnregisterQueue) for vQueueUnregisterQueue
    cmsis_os2.o(i.osSemaphoreDelete) refers to queue.o(i.vQueueDelete) for vQueueDelete
    cmsis_os2.o(i.osSemaphoreGetCount) refers to cmsis_os2.o(i.__get_IPSR) for __get_IPSR
    cmsis_os2.o(i.osSemaphoreGetCount) refers to queue.o(i.uxQueueMessagesWaitingFromISR) for uxQueueMessagesWaitingFromISR
    cmsis_os2.o(i.osSemaphoreGetCount) refers to queue.o(i.uxQueueMessagesWaiting) for uxQueueMessagesWaiting
    cmsis_os2.o(i.osSemaphoreNew) refers to cmsis_os2.o(i.__get_IPSR) for __get_IPSR
    cmsis_os2.o(i.osSemaphoreNew) refers to queue.o(i.xQueueGenericCreateStatic) for xQueueGenericCreateStatic
    cmsis_os2.o(i.osSemaphoreNew) refers to queue.o(i.xQueueGenericCreate) for xQueueGenericCreate
    cmsis_os2.o(i.osSemaphoreNew) refers to queue.o(i.xQueueGenericSend) for xQueueGenericSend
    cmsis_os2.o(i.osSemaphoreNew) refers to queue.o(i.vQueueDelete) for vQueueDelete
    cmsis_os2.o(i.osSemaphoreNew) refers to queue.o(i.xQueueCreateCountingSemaphoreStatic) for xQueueCreateCountingSemaphoreStatic
    cmsis_os2.o(i.osSemaphoreNew) refers to queue.o(i.xQueueCreateCountingSemaphore) for xQueueCreateCountingSemaphore
    cmsis_os2.o(i.osSemaphoreNew) refers to queue.o(i.vQueueAddToRegistry) for vQueueAddToRegistry
    cmsis_os2.o(i.osSemaphoreRelease) refers to cmsis_os2.o(i.__get_IPSR) for __get_IPSR
    cmsis_os2.o(i.osSemaphoreRelease) refers to queue.o(i.xQueueGiveFromISR) for xQueueGiveFromISR
    cmsis_os2.o(i.osSemaphoreRelease) refers to queue.o(i.xQueueGenericSend) for xQueueGenericSend
    cmsis_os2.o(i.osThreadEnumerate) refers to cmsis_os2.o(i.__get_IPSR) for __get_IPSR
    cmsis_os2.o(i.osThreadEnumerate) refers to tasks.o(i.vTaskSuspendAll) for vTaskSuspendAll
    cmsis_os2.o(i.osThreadEnumerate) refers to tasks.o(i.uxTaskGetNumberOfTasks) for uxTaskGetNumberOfTasks
    cmsis_os2.o(i.osThreadEnumerate) refers to heap_4.o(i.pvPortMalloc) for pvPortMalloc
    cmsis_os2.o(i.osThreadEnumerate) refers to tasks.o(i.uxTaskGetSystemState) for uxTaskGetSystemState
    cmsis_os2.o(i.osThreadEnumerate) refers to tasks.o(i.xTaskResumeAll) for xTaskResumeAll
    cmsis_os2.o(i.osThreadEnumerate) refers to heap_4.o(i.vPortFree) for vPortFree
    cmsis_os2.o(i.osThreadExit) refers to tasks.o(i.vTaskDelete) for vTaskDelete
    cmsis_os2.o(i.osThreadFlagsClear) refers to cmsis_os2.o(i.__get_IPSR) for __get_IPSR
    cmsis_os2.o(i.osThreadFlagsClear) refers to tasks.o(i.xTaskGetCurrentTaskHandle) for xTaskGetCurrentTaskHandle
    cmsis_os2.o(i.osThreadFlagsClear) refers to tasks.o(i.xTaskGenericNotify) for xTaskGenericNotify
    cmsis_os2.o(i.osThreadFlagsGet) refers to cmsis_os2.o(i.__get_IPSR) for __get_IPSR
    cmsis_os2.o(i.osThreadFlagsGet) refers to tasks.o(i.xTaskGetCurrentTaskHandle) for xTaskGetCurrentTaskHandle
    cmsis_os2.o(i.osThreadFlagsGet) refers to tasks.o(i.xTaskGenericNotify) for xTaskGenericNotify
    cmsis_os2.o(i.osThreadFlagsSet) refers to cmsis_os2.o(i.__get_IPSR) for __get_IPSR
    cmsis_os2.o(i.osThreadFlagsSet) refers to tasks.o(i.xTaskGenericNotifyFromISR) for xTaskGenericNotifyFromISR
    cmsis_os2.o(i.osThreadFlagsSet) refers to tasks.o(i.xTaskGenericNotify) for xTaskGenericNotify
    cmsis_os2.o(i.osThreadFlagsWait) refers to cmsis_os2.o(i.__get_IPSR) for __get_IPSR
    cmsis_os2.o(i.osThreadFlagsWait) refers to tasks.o(i.xTaskGetTickCount) for xTaskGetTickCount
    cmsis_os2.o(i.osThreadFlagsWait) refers to tasks.o(i.xTaskNotifyWait) for xTaskNotifyWait
    cmsis_os2.o(i.osThreadGetCount) refers to cmsis_os2.o(i.__get_IPSR) for __get_IPSR
    cmsis_os2.o(i.osThreadGetCount) refers to tasks.o(i.uxTaskGetNumberOfTasks) for uxTaskGetNumberOfTasks
    cmsis_os2.o(i.osThreadGetId) refers to tasks.o(i.xTaskGetCurrentTaskHandle) for xTaskGetCurrentTaskHandle
    cmsis_os2.o(i.osThreadGetName) refers to cmsis_os2.o(i.__get_IPSR) for __get_IPSR
    cmsis_os2.o(i.osThreadGetName) refers to tasks.o(i.pcTaskGetName) for pcTaskGetName
    cmsis_os2.o(i.osThreadGetPriority) refers to cmsis_os2.o(i.__get_IPSR) for __get_IPSR
    cmsis_os2.o(i.osThreadGetPriority) refers to tasks.o(i.uxTaskPriorityGet) for uxTaskPriorityGet
    cmsis_os2.o(i.osThreadGetStackSpace) refers to cmsis_os2.o(i.__get_IPSR) for __get_IPSR
    cmsis_os2.o(i.osThreadGetStackSpace) refers to tasks.o(i.uxTaskGetStackHighWaterMark) for uxTaskGetStackHighWaterMark
    cmsis_os2.o(i.osThreadGetState) refers to cmsis_os2.o(i.__get_IPSR) for __get_IPSR
    cmsis_os2.o(i.osThreadGetState) refers to tasks.o(i.eTaskGetState) for eTaskGetState
    cmsis_os2.o(i.osThreadNew) refers to cmsis_os2.o(i.__get_IPSR) for __get_IPSR
    cmsis_os2.o(i.osThreadNew) refers to tasks.o(i.xTaskCreateStatic) for xTaskCreateStatic
    cmsis_os2.o(i.osThreadNew) refers to tasks.o(i.xTaskCreate) for xTaskCreate
    cmsis_os2.o(i.osThreadResume) refers to cmsis_os2.o(i.__get_IPSR) for __get_IPSR
    cmsis_os2.o(i.osThreadResume) refers to tasks.o(i.vTaskResume) for vTaskResume
    cmsis_os2.o(i.osThreadSetPriority) refers to cmsis_os2.o(i.__get_IPSR) for __get_IPSR
    cmsis_os2.o(i.osThreadSetPriority) refers to tasks.o(i.vTaskPrioritySet) for vTaskPrioritySet
    cmsis_os2.o(i.osThreadSuspend) refers to cmsis_os2.o(i.__get_IPSR) for __get_IPSR
    cmsis_os2.o(i.osThreadSuspend) refers to tasks.o(i.vTaskSuspend) for vTaskSuspend
    cmsis_os2.o(i.osThreadTerminate) refers to cmsis_os2.o(i.__get_IPSR) for __get_IPSR
    cmsis_os2.o(i.osThreadTerminate) refers to tasks.o(i.eTaskGetState) for eTaskGetState
    cmsis_os2.o(i.osThreadTerminate) refers to tasks.o(i.vTaskDelete) for vTaskDelete
    cmsis_os2.o(i.osThreadYield) refers to cmsis_os2.o(i.__get_IPSR) for __get_IPSR
    cmsis_os2.o(i.osTimerDelete) refers to cmsis_os2.o(i.__get_IPSR) for __get_IPSR
    cmsis_os2.o(i.osTimerDelete) refers to timers.o(i.pvTimerGetTimerID) for pvTimerGetTimerID
    cmsis_os2.o(i.osTimerDelete) refers to timers.o(i.xTimerGenericCommand) for xTimerGenericCommand
    cmsis_os2.o(i.osTimerDelete) refers to heap_4.o(i.vPortFree) for vPortFree
    cmsis_os2.o(i.osTimerGetName) refers to cmsis_os2.o(i.__get_IPSR) for __get_IPSR
    cmsis_os2.o(i.osTimerGetName) refers to timers.o(i.pcTimerGetName) for pcTimerGetName
    cmsis_os2.o(i.osTimerIsRunning) refers to cmsis_os2.o(i.__get_IPSR) for __get_IPSR
    cmsis_os2.o(i.osTimerIsRunning) refers to timers.o(i.xTimerIsTimerActive) for xTimerIsTimerActive
    cmsis_os2.o(i.osTimerNew) refers to cmsis_os2.o(i.__get_IPSR) for __get_IPSR
    cmsis_os2.o(i.osTimerNew) refers to heap_4.o(i.pvPortMalloc) for pvPortMalloc
    cmsis_os2.o(i.osTimerNew) refers to timers.o(i.xTimerCreateStatic) for xTimerCreateStatic
    cmsis_os2.o(i.osTimerNew) refers to timers.o(i.xTimerCreate) for xTimerCreate
    cmsis_os2.o(i.osTimerNew) refers to heap_4.o(i.vPortFree) for vPortFree
    cmsis_os2.o(i.osTimerNew) refers to cmsis_os2.o(i.TimerCallback) for TimerCallback
    cmsis_os2.o(i.osTimerStart) refers to cmsis_os2.o(i.__get_IPSR) for __get_IPSR
    cmsis_os2.o(i.osTimerStart) refers to timers.o(i.xTimerGenericCommand) for xTimerGenericCommand
    cmsis_os2.o(i.osTimerStop) refers to cmsis_os2.o(i.__get_IPSR) for __get_IPSR
    cmsis_os2.o(i.osTimerStop) refers to timers.o(i.xTimerIsTimerActive) for xTimerIsTimerActive
    cmsis_os2.o(i.osTimerStop) refers to timers.o(i.xTimerGenericCommand) for xTimerGenericCommand
    cmsis_os2.o(i.vApplicationGetIdleTaskMemory) refers to cmsis_os2.o(.bss) for Idle_TCB
    cmsis_os2.o(i.vApplicationGetTimerTaskMemory) refers to cmsis_os2.o(.bss) for Timer_TCB
    heap_4.o(i.prvHeapInit) refers to heap_4.o(.bss) for ucHeap
    heap_4.o(i.prvHeapInit) refers to heap_4.o(.data) for xStart
    heap_4.o(i.prvInsertBlockIntoFreeList) refers to heap_4.o(.data) for xStart
    heap_4.o(i.pvPortMalloc) refers to tasks.o(i.vTaskSuspendAll) for vTaskSuspendAll
    heap_4.o(i.pvPortMalloc) refers to heap_4.o(i.prvHeapInit) for prvHeapInit
    heap_4.o(i.pvPortMalloc) refers to heap_4.o(i.prvInsertBlockIntoFreeList) for prvInsertBlockIntoFreeList
    heap_4.o(i.pvPortMalloc) refers to tasks.o(i.xTaskResumeAll) for xTaskResumeAll
    heap_4.o(i.pvPortMalloc) refers to heap_4.o(.data) for pxEnd
    heap_4.o(i.vPortFree) refers to tasks.o(i.vTaskSuspendAll) for vTaskSuspendAll
    heap_4.o(i.vPortFree) refers to heap_4.o(i.prvInsertBlockIntoFreeList) for prvInsertBlockIntoFreeList
    heap_4.o(i.vPortFree) refers to tasks.o(i.xTaskResumeAll) for xTaskResumeAll
    heap_4.o(i.vPortFree) refers to heap_4.o(.data) for xBlockAllocatedBit
    heap_4.o(i.vPortGetHeapStats) refers to tasks.o(i.vTaskSuspendAll) for vTaskSuspendAll
    heap_4.o(i.vPortGetHeapStats) refers to tasks.o(i.xTaskResumeAll) for xTaskResumeAll
    heap_4.o(i.vPortGetHeapStats) refers to port.o(i.vPortEnterCritical) for vPortEnterCritical
    heap_4.o(i.vPortGetHeapStats) refers to port.o(i.vPortExitCritical) for vPortExitCritical
    heap_4.o(i.vPortGetHeapStats) refers to heap_4.o(.data) for xStart
    heap_4.o(i.xPortGetFreeHeapSize) refers to heap_4.o(.data) for xFreeBytesRemaining
    heap_4.o(i.xPortGetMinimumEverFreeHeapSize) refers to heap_4.o(.data) for xMinimumEverFreeBytesRemaining
    port.o(.emb_text) refers to tasks.o(i.vTaskSwitchContext) for vTaskSwitchContext
    port.o(.emb_text) refers to tasks.o(.data) for pxCurrentTCB
    port.o(i.prvTaskExitError) refers to port.o(.data) for uxCriticalNesting
    port.o(i.pxPortInitialiseStack) refers to port.o(i.prvTaskExitError) for prvTaskExitError
    port.o(i.vPortEndScheduler) refers to port.o(.data) for uxCriticalNesting
    port.o(i.vPortEnterCritical) refers to port.o(.data) for uxCriticalNesting
    port.o(i.vPortExitCritical) refers to port.o(.data) for uxCriticalNesting
    port.o(i.vPortSetupTimerInterrupt) refers to system_stm32f4xx.o(.data) for SystemCoreClock
    port.o(i.vPortValidateInterruptPriority) refers to port.o(.emb_text) for vPortGetIPSR
    port.o(i.vPortValidateInterruptPriority) refers to port.o(.data) for ucMaxSysCallPriority
    port.o(i.xPortStartScheduler) refers to port.o(i.vPortSetupTimerInterrupt) for vPortSetupTimerInterrupt
    port.o(i.xPortStartScheduler) refers to port.o(.emb_text) for __asm___6_port_c_39a90d8d__prvEnableVFP
    port.o(i.xPortStartScheduler) refers to port.o(.data) for ucMaxSysCallPriority
    port.o(i.xPortSysTickHandler) refers to tasks.o(i.xTaskIncrementTick) for xTaskIncrementTick
    aolkme_osal.o(i.A_Osal_BinarySemaphoreCreate) refers to queue.o(i.xQueueGenericCreate) for xQueueGenericCreate
    aolkme_osal.o(i.A_Osal_GetRandomNum) refers to rand.o(.text) for rand
    aolkme_osal.o(i.A_Osal_GetTimeMs) refers to tasks.o(i.xTaskGetTickCount) for xTaskGetTickCount
    aolkme_osal.o(i.A_Osal_GetTimeUs) refers to tasks.o(i.xTaskGetTickCount) for xTaskGetTickCount
    aolkme_osal.o(i.A_Osal_MutexCreate) refers to queue.o(i.xQueueCreateMutex) for xQueueCreateMutex
    aolkme_osal.o(i.A_Osal_MutexDestroy) refers to queue.o(i.vQueueDelete) for vQueueDelete
    aolkme_osal.o(i.A_Osal_MutexLock) refers to queue.o(i.xQueueSemaphoreTake) for xQueueSemaphoreTake
    aolkme_osal.o(i.A_Osal_MutexUnlock) refers to queue.o(i.xQueueGenericSend) for xQueueGenericSend
    aolkme_osal.o(i.A_Osal_QueueCreate) refers to queue.o(i.xQueueGenericCreate) for xQueueGenericCreate
    aolkme_osal.o(i.A_Osal_QueueDestroy) refers to queue.o(i.vQueueDelete) for vQueueDelete
    aolkme_osal.o(i.A_Osal_QueueMessageCount) refers to queue.o(i.uxQueueMessagesWaiting) for uxQueueMessagesWaiting
    aolkme_osal.o(i.A_Osal_QueueReceive) refers to queue.o(i.xQueueReceive) for xQueueReceive
    aolkme_osal.o(i.A_Osal_QueueReset) refers to queue.o(i.xQueueGenericReset) for xQueueGenericReset
    aolkme_osal.o(i.A_Osal_QueueSend) refers to queue.o(i.xQueueGenericSend) for xQueueGenericSend
    aolkme_osal.o(i.A_Osal_QueueSendToFront) refers to queue.o(i.xQueueGenericSend) for xQueueGenericSend
    aolkme_osal.o(i.A_Osal_SemaphoreCreate) refers to queue.o(i.xQueueCreateCountingSemaphore) for xQueueCreateCountingSemaphore
    aolkme_osal.o(i.A_Osal_SemaphoreDestroy) refers to queue.o(i.vQueueDelete) for vQueueDelete
    aolkme_osal.o(i.A_Osal_SemaphorePost) refers to queue.o(i.xQueueGenericSend) for xQueueGenericSend
    aolkme_osal.o(i.A_Osal_SemaphoreTimedWait) refers to queue.o(i.xQueueSemaphoreTake) for xQueueSemaphoreTake
    aolkme_osal.o(i.A_Osal_SemaphoreWait) refers to aolkme_osal.o(i.A_Osal_SemaphoreTimedWait) for A_Osal_SemaphoreTimedWait
    aolkme_osal.o(i.A_Osal_TaskCreate) refers to strncpy.o(.text) for strncpy
    aolkme_osal.o(i.A_Osal_TaskCreate) refers to tasks.o(i.xTaskCreate) for xTaskCreate
    aolkme_osal.o(i.A_Osal_TaskDestroy) refers to tasks.o(i.vTaskDelete) for vTaskDelete
    aolkme_osal.o(i.A_Osal_TaskSleepMs) refers to tasks.o(i.vTaskDelay) for vTaskDelay
    aolkme_osal.o(i.Osal_Free) refers to heap_4.o(i.vPortFree) for vPortFree
    aolkme_osal.o(i.Osal_Malloc) refers to heap_4.o(i.pvPortMalloc) for pvPortMalloc
    bootservice.o(i.BootServiceStart) refers to aolkme_osal.o(i.A_Osal_TaskCreate) for A_Osal_TaskCreate
    bootservice.o(i.BootServiceStart) refers to bootservice.o(.data) for BootServiceTaskHandle
    bootservice.o(i.BootServiceStart) refers to bootservice.o(i.BootService_Task) for BootService_Task
    bootservice.o(i.BootService_Task) refers to aolkme_osal.o(i.A_Osal_TaskSleepMs) for A_Osal_TaskSleepMs
    bootservice.o(i.BootService_Task) refers to button.o(i.Check_BIOS) for Check_BIOS
    bootservice.o(i.BootService_Task) refers to bootservice.o(i.JumpToApp) for JumpToApp
    bootservice.o(i.BootService_Task) refers to stm32f4xx_hal_gpio.o(i.HAL_GPIO_TogglePin) for HAL_GPIO_TogglePin
    bootservice.o(i.JumpToApp) refers to main.o(i.Error_Handler) for Error_Handler
    bootservice.o(i.JumpToApp) refers to bootservice.o(.data) for JumpAddress
    bios_menu.o(i.Show_BIOS_Menu) refers to common.o(i.Serial_PutString) for Serial_PutString
    bios_menu.o(i.Show_BIOS_Menu) refers to flash_if.o(i.FLASH_If_GetWriteProtectionStatus) for FLASH_If_GetWriteProtectionStatus
    bios_menu.o(i.Show_BIOS_Menu) refers to ymodem.o(i.Uart_ReadWithTimeOut) for Uart_ReadWithTimeOut
    bios_menu.o(i.Show_BIOS_Menu) refers to bios_menu.o(.conststring) for .conststring
    bios_menu.o(i.Show_BIOS_Menu) refers to bios_menu.o(.data) for FlashProtection
    ymodem.o(i.Uart_ReadWithTimeOut) refers to uart.o(i.UART_Read) for UART_Read
    ymodem.o(i.Uart_ReadWithTimeOut) refers to aolkme_osal.o(i.A_Osal_TaskSleepMs) for A_Osal_TaskSleepMs
    ymodem.o(i.Uart_WriteWithTimeOut) refers to uart.o(i.UART_Write) for UART_Write
    aolkme_ringbuffer.o(i.RingBuf_Get) refers to memcpya.o(.text) for __aeabi_memcpy
    aolkme_ringbuffer.o(i.RingBuf_Init) refers to aolkme_ringbuffer.o(i.RingBuf_CutBufSizeToPowOfTwo) for RingBuf_CutBufSizeToPowOfTwo
    aolkme_ringbuffer.o(i.RingBuf_Put) refers to memcpya.o(.text) for __aeabi_memcpy
    uart.o(i.UART_GetBufferState) refers to uart.o(.data) for s_uart1ReadBufferState
    uart.o(i.UART_Init) refers to aolkme_ringbuffer.o(i.RingBuf_Init) for RingBuf_Init
    uart.o(i.UART_Init) refers to stm32f4xx_hal_uart.o(i.HAL_UART_Init) for HAL_UART_Init
    uart.o(i.UART_Init) refers to aolkme_osal.o(i.A_Osal_MutexCreate) for A_Osal_MutexCreate
    uart.o(i.UART_Init) refers to uart.o(.ccmram) for s_uart1ReadBuf
    uart.o(i.UART_Init) refers to uart.o(.bss) for s_uart1ReadRingBuffer
    uart.o(i.UART_Init) refers to uart.o(.data) for s_uart1Mutex
    uart.o(i.UART_Read) refers to aolkme_osal.o(i.A_Osal_MutexLock) for A_Osal_MutexLock
    uart.o(i.UART_Read) refers to aolkme_ringbuffer.o(i.RingBuf_Get) for RingBuf_Get
    uart.o(i.UART_Read) refers to aolkme_osal.o(i.A_Osal_MutexUnlock) for A_Osal_MutexUnlock
    uart.o(i.UART_Read) refers to uart.o(.data) for s_uart1Mutex
    uart.o(i.UART_Read) refers to uart.o(.bss) for s_uart1ReadRingBuffer
    uart.o(i.UART_Write) refers to aolkme_osal.o(i.A_Osal_MutexLock) for A_Osal_MutexLock
    uart.o(i.UART_Write) refers to aolkme_ringbuffer.o(i.RingBuf_Put) for RingBuf_Put
    uart.o(i.UART_Write) refers to aolkme_ringbuffer.o(i.RingBuf_GetUnusedSize) for RingBuf_GetUnusedSize
    uart.o(i.UART_Write) refers to aolkme_osal.o(i.A_Osal_MutexUnlock) for A_Osal_MutexUnlock
    uart.o(i.UART_Write) refers to uart.o(.data) for s_uart1Mutex
    uart.o(i.UART_Write) refers to uart.o(.bss) for s_uart1WriteRingBuffer
    uart.o(i.USART1_IRQHandler) refers to aolkme_ringbuffer.o(i.RingBuf_Put) for RingBuf_Put
    uart.o(i.USART1_IRQHandler) refers to aolkme_ringbuffer.o(i.RingBuf_GetUnusedSize) for RingBuf_GetUnusedSize
    uart.o(i.USART1_IRQHandler) refers to aolkme_ringbuffer.o(i.RingBuf_Get) for RingBuf_Get
    uart.o(i.USART1_IRQHandler) refers to uart.o(.bss) for s_uart1Handle
    uart.o(i.USART1_IRQHandler) refers to uart.o(.data) for s_uart1ReadBufferState
    uart.o(i.USART2_IRQHandler) refers to aolkme_ringbuffer.o(i.RingBuf_Put) for RingBuf_Put
    uart.o(i.USART2_IRQHandler) refers to aolkme_ringbuffer.o(i.RingBuf_GetUnusedSize) for RingBuf_GetUnusedSize
    uart.o(i.USART2_IRQHandler) refers to aolkme_ringbuffer.o(i.RingBuf_Get) for RingBuf_Get
    uart.o(i.USART2_IRQHandler) refers to uart.o(.bss) for s_uart2Handle
    uart.o(i.USART2_IRQHandler) refers to uart.o(.data) for s_uart2ReadBufferState
    uart.o(i.USART3_IRQHandler) refers to aolkme_ringbuffer.o(i.RingBuf_Put) for RingBuf_Put
    uart.o(i.USART3_IRQHandler) refers to aolkme_ringbuffer.o(i.RingBuf_GetUnusedSize) for RingBuf_GetUnusedSize
    uart.o(i.USART3_IRQHandler) refers to aolkme_ringbuffer.o(i.RingBuf_Get) for RingBuf_Get
    uart.o(i.USART3_IRQHandler) refers to uart.o(.bss) for s_uart3Handle
    uart.o(i.USART3_IRQHandler) refers to uart.o(.data) for s_uart3ReadBufferState
    uart.o(i.fputc) refers to stm32f4xx_hal_uart.o(i.HAL_UART_Transmit) for HAL_UART_Transmit
    uart.o(i.fputc) refers to uart.o(.bss) for s_uart2Handle
    common.o(i.Serial_PutByte) refers to uart.o(i.UART_Write) for UART_Write
    common.o(i.Serial_PutString) refers to uart.o(i.UART_Write) for UART_Write
    flash_if.o(i.FLASH_IF_WriteProtectionConfig) refers to stm32f4xx_hal_flash_ex.o(i.HAL_FLASHEx_OBGetConfig) for HAL_FLASHEx_OBGetConfig
    flash_if.o(i.FLASH_IF_WriteProtectionConfig) refers to stm32f4xx_hal_flash.o(i.HAL_FLASH_Unlock) for HAL_FLASH_Unlock
    flash_if.o(i.FLASH_IF_WriteProtectionConfig) refers to stm32f4xx_hal_flash.o(i.HAL_FLASH_OB_Unlock) for HAL_FLASH_OB_Unlock
    flash_if.o(i.FLASH_IF_WriteProtectionConfig) refers to stm32f4xx_hal_flash_ex.o(i.HAL_FLASHEx_OBProgram) for HAL_FLASHEx_OBProgram
    flash_if.o(i.FLASH_If_Erase) refers to stm32f4xx_hal_flash.o(i.HAL_FLASH_Unlock) for HAL_FLASH_Unlock
    flash_if.o(i.FLASH_If_Erase) refers to flash_if.o(i.GetSector) for GetSector
    flash_if.o(i.FLASH_If_Erase) refers to stm32f4xx_hal_flash_ex.o(i.HAL_FLASHEx_Erase) for HAL_FLASHEx_Erase
    flash_if.o(i.FLASH_If_Erase) refers to stm32f4xx_hal_flash.o(i.HAL_FLASH_Lock) for HAL_FLASH_Lock
    flash_if.o(i.FLASH_If_GetWriteProtectionStatus) refers to stm32f4xx_hal_flash.o(i.HAL_FLASH_Unlock) for HAL_FLASH_Unlock
    flash_if.o(i.FLASH_If_GetWriteProtectionStatus) refers to stm32f4xx_hal_flash_ex.o(i.HAL_FLASHEx_OBGetConfig) for HAL_FLASHEx_OBGetConfig
    flash_if.o(i.FLASH_If_GetWriteProtectionStatus) refers to stm32f4xx_hal_flash.o(i.HAL_FLASH_Lock) for HAL_FLASH_Lock
    flash_if.o(i.FLASH_If_Write) refers to stm32f4xx_hal_flash.o(i.HAL_FLASH_Unlock) for HAL_FLASH_Unlock
    flash_if.o(i.FLASH_If_Write) refers to stm32f4xx_hal_flash.o(i.HAL_FLASH_Program) for HAL_FLASH_Program
    flash_if.o(i.FLASH_If_Write) refers to stm32f4xx_hal_flash.o(i.HAL_FLASH_Lock) for HAL_FLASH_Lock
    button.o(i.Check_BIOS) refers to button.o(i.Check_BIOS_Button) for Check_BIOS_Button
    button.o(i.Check_BIOS) refers to aolkme_osal.o(i.A_Osal_TaskSleepMs) for A_Osal_TaskSleepMs
    button.o(i.Check_BIOS_Button) refers to stm32f4xx_hal_gpio.o(i.HAL_GPIO_ReadPin) for HAL_GPIO_ReadPin
    entry.o(.ARM.Collect$$$$00000000) refers (Special) to entry10a.o(.ARM.Collect$$$$0000000F) for __rt_final_cpp
    entry.o(.ARM.Collect$$$$00000000) refers (Special) to entry11a.o(.ARM.Collect$$$$00000011) for __rt_final_exit
    entry.o(.ARM.Collect$$$$00000000) refers (Special) to entry12b.o(.ARM.Collect$$$$0000000E) for __rt_lib_shutdown_fini
    entry.o(.ARM.Collect$$$$00000000) refers (Special) to entry7b.o(.ARM.Collect$$$$00000008) for _main_clock
    entry.o(.ARM.Collect$$$$00000000) refers (Special) to entry8b.o(.ARM.Collect$$$$0000000A) for _main_cpp_init
    entry.o(.ARM.Collect$$$$00000000) refers (Special) to entry9a.o(.ARM.Collect$$$$0000000B) for _main_init
    entry.o(.ARM.Collect$$$$00000000) refers (Special) to entry5.o(.ARM.Collect$$$$00000004) for _main_scatterload
    entry.o(.ARM.Collect$$$$00000000) refers (Special) to entry2.o(.ARM.Collect$$$$00000001) for _main_stk
    uldiv.o(.text) refers to llushr.o(.text) for __aeabi_llsr
    uldiv.o(.text) refers to llshl.o(.text) for __aeabi_llsl
    rand.o(.text) refers to rand.o(.data) for .data
    entry2.o(.ARM.Collect$$$$00000001) refers to entry2.o(.ARM.Collect$$$$00002712) for __lit__00000000
    entry2.o(.ARM.Collect$$$$00002712) refers to startup_stm32f407xx.o(STACK) for __initial_sp
    entry2.o(__vectab_stack_and_reset_area) refers to startup_stm32f407xx.o(STACK) for __initial_sp
    entry2.o(__vectab_stack_and_reset_area) refers to entry.o(.ARM.Collect$$$$00000000) for __main
    entry5.o(.ARM.Collect$$$$00000004) refers to init.o(.text) for __scatterload
    entry9a.o(.ARM.Collect$$$$0000000B) refers to main.o(i.main) for main
    entry9b.o(.ARM.Collect$$$$0000000C) refers to main.o(i.main) for main
    init.o(.text) refers to entry5.o(.ARM.Collect$$$$00000004) for __main_after_scatterload

